<html>
<body>
<pre>
<h1>礦ision Build Log</h1>
<h2>Project:</h2>
D:\1项目\VG50-02.0022\BLDC_TUZHI改\STM32F103_BLDC_TEST瑞士涡轮NIBP\STM32F107.uvproj
Project File Date:  08/25/2021

<h2>Output:</h2>
Rebuild target 'Target 1'
assembling startup_stm32f10x_cl.s...
compiling system_stm32f10x.c...
compiling core_cm3.c...
compiling main.c...
main.c(325): warning:  #128-D: loop is not reachable
        while(1)
main.c(115): warning:  #177-D: variable "a" was declared but never referenced
        int a;
main.c(771): warning:  #177-D: variable "DMA_InitStructure" was declared but never referenced
        DMA_InitTypeDef DMA_InitStructure;
main.c: 3 warnings, 0 errors
compiling stm32f10x_it.c...
stm32f10x_it.c(399): warning:  #550-D: variable "i" was set but never used
    u8 i;
stm32f10x_it.c(424): warning:  #550-D: variable "i" was set but never used
    u8 i;
stm32f10x_it.c(450): warning:  #550-D: variable "i" was set but never used
    u8 i;
stm32f10x_it.c: 3 warnings, 0 errors
compiling Uart.c...
compiling uart_process.c...
compiling IIC_FMEEP.C...
compiling TMC4671.c...
TMC4671.c(267): warning:  #68-D: integer conversion resulted in a change of sign
                        tmc4671_writeInt(0, TMC4671_PID_POSITION_LIMIT_LOW, -2147483647);
TMC4671.c: 1 warning, 0 errors
compiling stm32f10x_flash.c...
compiling stm32f10x_rcc.c...
compiling stm32f10x_gpio.c...
compiling stm32f10x_tim.c...
compiling misc.c...
compiling stm32f10x_spi.c...
compiling stm32f10x_dma.c...
compiling stm32f10x_i2c.c...
compiling stm32f10x_usart.c...
compiling stm32f10x_wwdg.c...
compiling stm32f10x_exti.c...
compiling stm32f10x_rtc.c...
compiling stm32f10x_pwr.c...
compiling stm32f10x_bkp.c...
compiling stm32f10x_dbgmcu.c...
compiling stm32f10x_can.c...
compiling stm32f10x_adc.c...
linking...
Program Size: Code=18632 RO-data=368 RW-data=108 ZI-data=1844  
FromELF: creating hex file...
".\Output\NIBP_U65HN-024KS-6.axf" - 0 Error(s), 7 Warning(s).
</pre>
</body>
</html>
s: 6
Software-Breakpoints: 8192
Watchpoints:          4
JTAG speed: 2000 kHz
 
Erase Done.
Programming Done.
Verify OK.
* JLink Info: Reset: Halt core after reset via DEMCR.VC_CORERESET.
* JLink Info: Reset: Reset device via AIRCR.SYSRESETREQ.
* JLink Info: Reset: CPU may have not been reset (DHCSR.S_RESET_ST never gets set).
* JLink Info: Reset: Using fallback: Reset pin.
* JLink Info: Reset: Halt core after reset via DEMCR.VC_CORERESET.
* JLink Info: Reset: Reset device via reset pin
Application running ...
