Component: ARM Compiler 5.06 update 7 (build 960) Tool: armlink [4d3601]

==============================================================================

Section Cross References

    startup_stm32f10x_md.o(STACK) refers (Special) to heapauxi.o(.text) for __use_two_region_memory
    startup_stm32f10x_md.o(HEAP) refers (Special) to heapauxi.o(.text) for __use_two_region_memory
    startup_stm32f10x_md.o(RESET) refers (Special) to heapauxi.o(.text) for __use_two_region_memory
    startup_stm32f10x_md.o(RESET) refers to startup_stm32f10x_md.o(STACK) for __initial_sp
    startup_stm32f10x_md.o(RESET) refers to startup_stm32f10x_md.o(.text) for Reset_Handler
    startup_stm32f10x_md.o(RESET) refers to stm32f10x_it_1.o(.text) for NMI_Handler
    startup_stm32f10x_md.o(.text) refers (Special) to heapauxi.o(.text) for __use_two_region_memory
    startup_stm32f10x_md.o(.text) refers to system_stm32f10x.o(.text) for SystemInit
    startup_stm32f10x_md.o(.text) refers to __main.o(!!!main) for __main
    startup_stm32f10x_md.o(.text) refers to startup_stm32f10x_md.o(HEAP) for Heap_Mem
    startup_stm32f10x_md.o(.text) refers to startup_stm32f10x_md.o(STACK) for Stack_Mem
    main_1.o(.text) refers to bsp_monitor.o(.text) for SysInit
    main_1.o(.text) refers to stm32f10x_wwdg.o(.text) for WWDG_SetCounter
    main_1.o(.text) refers to bsp_tmc4671.o(.text) for init_TMC4671
    main_1.o(.text) refers to bsp_turboctrl.o(.text) for TurboCtrl
    main_1.o(.text) refers to bsp_led.o(.text) for WorkStateIndicate
    main_1.o(.text) refers to stm32f10x_gpio.o(.text) for GPIO_SetBits
    main_1.o(.text) refers to misc.o(.text) for NVIC_SetVectorTable
    main_1.o(.text) refers to stm32f10x_rcc.o(.text) for RCC_APB2PeriphClockCmd
    main_1.o(.text) refers to stm32f10x_tim.o(.text) for TIM_DeInit
    main_1.o(.text) refers to stm32f10x_flash.o(.text) for FLASH_PrefetchBufferCmd
    main_1.o(.text) refers to stm32f10x_it_1.o(.data) for timeout
    main_1.o(.text) refers to main_1.o(.bss) for ADCValue
    main_1.o(.text) refers to main_1.o(.data) for targetValue
    stm32f10x_it_1.o(.text) refers to stm32f10x_tim.o(.text) for TIM_GetITStatus
    stm32f10x_it_1.o(.text) refers to stm32f10x_gpio.o(.text) for GPIO_SetBits
    stm32f10x_it_1.o(.text) refers to stm32f10x_spi.o(.text) for SPI_I2S_GetITStatus
    stm32f10x_it_1.o(.text) refers to stm32f10x_rtc.o(.text) for RTC_GetITStatus
    stm32f10x_it_1.o(.text) refers to stm32f10x_exti.o(.text) for EXTI_ClearITPendingBit
    stm32f10x_it_1.o(.text) refers to stm32f10x_pwr.o(.text) for PWR_GetFlagStatus
    stm32f10x_it_1.o(.text) refers to stm32f10x_dma.o(.text) for DMA_GetITStatus
    stm32f10x_it_1.o(.text) refers to stm32f10x_usart.o(.text) for USART_GetITStatus
    stm32f10x_it_1.o(.text) refers to stm32f10x_it_1.o(.data) for timeout
    stm32f10x_it_1.o(.text) refers to main_1.o(.data) for rtc_flag
    stm32f10x_it_1.o(.text) refers to stm32f10x_it_1.o(.bss) for Rx_Buf2
    bsp_adc.o(.text) refers to stm32f10x_rcc.o(.text) for RCC_AHBPeriphClockCmd
    bsp_adc.o(.text) refers to stm32f10x_dma.o(.text) for DMA_DeInit
    bsp_adc.o(.text) refers to stm32f10x_adc.o(.text) for ADC_DeInit
    bsp_adc.o(.text) refers to main_1.o(.bss) for ADCConvertedValue
    bsp_gpio.o(.text) refers to stm32f10x_gpio.o(.text) for GPIO_PinRemapConfig
    bsp_iic_fmeep.o(.text) refers to stm32f10x_rcc.o(.text) for RCC_APB1PeriphClockCmd
    bsp_iic_fmeep.o(.text) refers to stm32f10x_gpio.o(.text) for GPIO_Init
    bsp_iic_fmeep.o(.text) refers to stm32f10x_i2c.o(.text) for I2C_Cmd
    bsp_iic_fmeep.o(.text) refers to stm32f10x_wwdg.o(.text) for WWDG_SetCounter
    bsp_iic_fmeep.o(.text) refers to stm32f10x_it_1.o(.data) for ms_timeout
    bsp_led.o(.text) refers to stm32f10x_gpio.o(.text) for GPIO_SetBits
    bsp_led.o(.text) refers to main_1.o(.data) for POWER
    bsp_tmc4671.o(.text) refers to stm32f10x_spi.o(.text) for SPI_Init
    bsp_tmc4671.o(.text) refers to stm32f10x_rcc.o(.text) for RCC_APB1PeriphClockCmd
    bsp_tmc4671.o(.text) refers to stm32f10x_gpio.o(.text) for GPIO_Init
    bsp_uart.o(.text) refers to stm32f10x_rcc.o(.text) for RCC_APB1PeriphClockCmd
    bsp_uart.o(.text) refers to stm32f10x_gpio.o(.text) for GPIO_Init
    bsp_uart.o(.text) refers to stm32f10x_usart.o(.text) for USART_ITConfig
    bsp_uart.o(.text) refers to misc.o(.text) for NVIC_Init
    bsp_uart.o(.text) refers to stm32f10x_it_1.o(.data) for nRec1
    bsp_uart_process.o(.text) refers to stm32f10x_usart.o(.text) for USART_GetFlagStatus
    bsp_monitor.o(.text) refers to stm32f10x_rcc.o(.text) for RCC_APB1PeriphClockCmd
    bsp_monitor.o(.text) refers to stm32f10x_wwdg.o(.text) for WWDG_SetPrescaler
    bsp_monitor.o(.text) refers to bsp_uart_process.o(.text) for usart2_send
    bsp_monitor.o(.text) refers to faddsub_clz.o(x$fpl$fadd) for __aeabi_fadd
    bsp_monitor.o(.text) refers to fflt_clz.o(x$fpl$fflt) for __aeabi_i2f
    bsp_monitor.o(.text) refers to fflt_clz.o(x$fpl$ffltu) for __aeabi_ui2f
[...]
    .text                                    0x08001958   Section        0  misc.o(.text)
    .text                                    0x08001a34   Section        0  stm32f10x_adc.o(.text)
    .text                                    0x08001e84   Section        0  stm32f10x_dma.o(.text)
    .text                                    0x080020d8   Section        0  stm32f10x_exti.o(.text)
    .text                                    0x080021f4   Section        0  stm32f10x_flash.o(.text)
    .text                                    0x080027b0   Section        0  stm32f10x_gpio.o(.text)
    .text                                    0x08002b0c   Section        0  stm32f10x_pwr.o(.text)
    .text                                    0x08002bd8   Section        0  stm32f10x_rcc.o(.text)
    .text                                    0x08002f7c   Section        0  stm32f10x_rtc.o(.text)
    .text                                    0x080030c4   Section        0  stm32f10x_spi.o(.text)
    .text                                    0x080033d0   Section        0  stm32f10x_tim.o(.text)
    TI4_Config                               0x08003877   Thumb Code   130  stm32f10x_tim.o(.text)
    TI3_Config                               0x0800390b   Thumb Code   122  stm32f10x_tim.o(.text)
    TI2_Config                               0x0800399f   Thumb Code   130  stm32f10x_tim.o(.text)
    TI1_Config                               0x08003a33   Thumb Code   108  stm32f10x_tim.o(.text)
    .text                                    0x080041ec   Section        0  stm32f10x_usart.o(.text)
    .text                                    0x080045f4   Section        0  stm32f10x_wwdg.o(.text)
    .text                                    0x0800467c   Section        0  heapauxi.o(.text)
    .text                                    0x08004682   Section        0  _rserrno.o(.text)
    .text                                    0x08004698   Section        8  rt_errno_addr_intlibspace.o(.text)
    .text                                    0x080046a0   Section        8  libspace.o(.text)
    .text                                    0x080046a8   Section       74  sys_stackheap_outer.o(.text)
    .text                                    0x080046f2   Section        0  exit.o(.text)
    .text                                    0x08004704   Section        0  sys_exit.o(.text)
    .text                                    0x08004710   Section        2  use_no_semi.o(.text)
    .text                                    0x08004712   Section        0  indicate_semi.o(.text)
    i.__kernel_poly                          0x08004712   Section        0  poly.o(i.__kernel_poly)
    i.__mathlib_dbl_divzero                  0x080047bc   Section        0  dunder.o(i.__mathlib_dbl_divzero)
    i.__mathlib_dbl_infnan                   0x080047cc   Section        0  dunder.o(i.__mathlib_dbl_infnan)
    i.__mathlib_dbl_invalid                  0x080047d2   Section        0  dunder.o(i.__mathlib_dbl_invalid)
    i.log                                    0x080047e0   Section        0  log.o(i.log)
    x$fpl$d2f                                0x08004b3c   Section       98  d2f.o(x$fpl$d2f)
    x$fpl$dadd                               0x08004ba0   Section      336  daddsub_clz.o(x$fpl$dadd)
    _dadd1                                   0x08004bb1   Thumb Code     0  daddsub_clz.o(x$fpl$dadd)
    x$fpl$dcheck1                            0x08004cf0   Section       16  dcheck1.o(x$fpl$dcheck1)
    x$fpl$dcmpinf                            0x08004d00   Section       24  dcmpi.o(x$fpl$dcmpinf)
    x$fpl$ddiv                               0x08004d18   Section      688  ddiv.o(x$fpl$ddiv)
    ddiv_entry                               0x08004d1f   Thumb Code     0  ddiv.o(x$fpl$ddiv)
    x$fpl$deqf                               0x08004fc8   Section      120  deqf.o(x$fpl$deqf)
    x$fpl$dfix                               0x08005040   Section       94  dfix.o(x$fpl$dfix)
    x$fpl$dflt                               0x0800509e   Section       46  dflt_clz.o(x$fpl$dflt)
    x$fpl$dfltu                              0x080050cc   Section       38  dflt_clz.o(x$fpl$dfltu)
    x$fpl$dmul                               0x080050f4   Section      340  dmul.o(x$fpl$dmul)
    x$fpl$dnaninf                            0x08005248   Section      156  dnaninf.o(x$fpl$dnaninf)
    x$fpl$dretinf                            0x080052e4   Section       12  dretinf.o(x$fpl$dretinf)
    x$fpl$drsb                               0x080052f0   Section       22  daddsub_clz.o(x$fpl$drsb)
    x$fpl$dsub                               0x08005308   Section      468  daddsub_clz.o(x$fpl$dsub)
    _dsub1                                   0x08005319   Thumb Code     0  daddsub_clz.o(x$fpl$dsub)
    x$fpl$f2d                                0x080054dc   Section       86  f2d.o(x$fpl$f2d)
    x$fpl$fadd                               0x08005534   Section      196  faddsub_clz.o(x$fpl$fadd)
    _fadd1                                   0x08005543   Thumb Code     0  faddsub_clz.o(x$fpl$fadd)
    x$fpl$fcmpinf                            0x080055f8   Section       24  fcmpi.o(x$fpl$fcmpinf)
    x$fpl$fdiv                               0x08005610   Section      388  fdiv.o(x$fpl$fdiv)
    _fdiv1                                   0x08005611   Thumb Code     0  fdiv.o(x$fpl$fdiv)
    x$fpl$ffix                               0x08005794   Section       54  ffix.o(x$fpl$ffix)
    x$fpl$fflt                               0x080057cc   Section       48  fflt_clz.o(x$fpl$fflt)
    x$fpl$ffltu                              0x080057fc   Section       38  fflt_clz.o(x$fpl$ffltu)
    x$fpl$fleqf                              0x08005824   Section      104  fleqf.o(x$fpl$fleqf)
    x$fpl$fmul                               0x0800588c   Section      258  fmul.o(x$fpl$fmul)
    x$fpl$fnaninf                            0x0800598e   Section      140  fnaninf.o(x$fpl$fnaninf)
    x$fpl$fretinf                            0x08005a1a   Section       10  fretinf.o(x$fpl$fretinf)
    x$fpl$frleqf                             0x08005a24   Section       98  frleqf.o(x$fpl$frleqf)
    x$fpl$frsb                               0x08005a86   Section       20  faddsub_clz.o(x$fpl$frsb)
    x$fpl$fsub                               0x08005a9c   Section      234  faddsub_clz.o(x$fpl$fsub)
    _fsub1                                   0x08005aab   Thumb Code     0  faddsub_clz.o(x$fpl$fsub)
    x$fpl$retnan                             0x08005b86   Section      100  retnan.o(x$fpl$retnan)
    x$fpl$scalbn                             0x08005bea   Section       92  scalbn.o(x$fpl$scalbn)
    x$fpl$trapveneer                         0x08005c46   Section       48  trapv.o(x$fpl$trapveneer)
    x$fpl$usenofp                            0x08005c76   Section        0  usenofp.o(x$fpl$usenofp)
    .constdata                               0x08005c78   Section       56  log.o(.constdata)
    Lg2                                      0x08005c78   Data          24  log.o(.constdata)
    Lg                                       0x08005c90   Data          32  log.o(.constdata)
    .constdata                               0x08005cb0   Section        8  qnan.o(.constdata)
    .data                                    0x20000000   Section       24  main_1.o(.data)
    .data                                    0x20000018   Section       46  stm32f10x_it_1.o(.data)
    .data                                    0x20000048   Section        4  bsp_monitor.o(.data)
    .data                                    0x2000004c   Section       20  system_stm32f10x.o(.data)
    .data                                    0x20000060   Section       20  stm32f10x_rcc.o(.data)
    APBAHBPrescTable                         0x20000060   Data          16  stm32f10x_rcc.o(.data)
    ADCPrescTable                            0x20000070   Data           4  stm32f10x_rcc.o(.data)
    .bss                                     0x20000074   Section      152  main_1.o(.bss)
    .bss                                     0x2000010c   Section       60  stm32f10x_it_1.o(.bss)
    .bss                                     0x20000148   Section       96  libspace.o(.bss)
    HEAP                                     0x200001a8   Section      512  startup_stm32f10x_md.o(HEAP)
    Heap_Mem                                 0x200001a8   Data         512  startup_stm32f10x_md.o(HEAP)
    STACK                                    0x200003a8   Section     1024  startup_stm32f10x_md.o(STACK)
    Stack_Mem                                0x200003a8   Data        1024  startup_stm32f10x_md.o(STACK)
    __initial_sp                             0x200007a8   Data           0  startup_stm32f10x_md.o(STACK)

    Global Symbols

    Symbol Name                              Value     Ov Type        Size  Object(Section)

    BuildAttributes$$THM_ISAv4$P$D$K$B$S$PE$A:L22UL41UL21$X:L11$S22US41US21$IEEE1$IW$USESV6$~STKCKD$USESV7$~SHL$OTIME$ROPI$IEEEX$EBA8$UX$STANDARDLIB$REQ8$PRES8$EABIv2 0x00000000   Number         0  anon$$obj.o ABSOLUTE
    __ARM_use_no_argv                        0x00000000   Number         0  main_1.o ABSOLUTE
    __ARM_exceptions_init                     - Undefined Weak Reference
    __alloca_initialize                       - Undefined Weak Reference
    __arm_fini_                               - Undefined Weak Reference
    __arm_preinit_                            - Undefined Weak Reference
    __cpp_initialize__aeabi_                  - Undefined Weak Reference
    __cxa_finalize                            - Undefined Weak Reference
    __rt_locale                               - Undefined Weak Reference
    __sigvec_lookup                           - Undefined Weak Reference
    _atexit_init                              - Undefined Weak Reference
    _call_atexit_fns                          - Undefined Weak Reference
    _clock_init                               - Undefined Weak Reference
    _fp_trap_init                             - Undefined Weak Reference
    _fp_trap_shutdown                         - Undefined Weak Reference
    _get_lc_collate                           - Undefined Weak Reference
    _get_lc_ctype                             - Undefined Weak Reference
    _get_lc_monetary                          - Undefined Weak Reference
    _get_lc_numeric                           - Undefined Weak Reference
    _get_lc_time                              - Undefined Weak Reference
    _getenv_init                              - Undefined Weak Reference
    _handle_redirection                       - Undefined Weak Reference
    _init_alloc                               - Undefined Weak Reference
    _init_user_alloc                          - Undefined Weak Reference
    _initio                                   - Undefined Weak Reference
    _rand_init                                - Undefined Weak Reference
    _signal_finish                            - Undefined Weak Reference
    _signal_init                              - Undefined Weak Reference
    _terminate_alloc                          - Undefined Weak Reference
    _terminate_user_alloc                     - Undefined Weak Reference
    _terminateio                              - Undefined Weak Reference
    __Vectors_Size                           0x000000ec   Number         0  startup_stm32f10x_md.o ABSOLUTE
    __Vectors                                0x08000000   Data           4  startup_stm32f10x_md.o(RESET)
    __Vectors_End                            0x080000ec   Data           0  startup_stm32f10x_md.o(RESET)
    __main                                   0x080000ed   Thumb Code     8  __main.o(!!!main)
    __scatterload                            0x080000f5   Thumb Code     0  __scatter.o(!!!scatter)
    __scatterload_rt2                        0x080000f5   Thumb Code    44  __scatter.o(!!!scatter)
    __scatterload_rt2_thumb_only             0x080000f5   Thumb Code     0  __scatter.o(!!!scatter)
    __scatterload_null                       0x08000103   Thumb Code     0  __scatter.o(!!!scatter)
    __scatterload_copy                       0x08000129   Thumb Code    26  __scatter_copy.o(!!handler_copy)
    __scatterload_zeroinit                   0x08000145   Thumb Code    28  __scatter_zi.o(!!handler_zi)
    __rt_lib_init                            0x08000161   Thumb Code     0  libinit.o(.ARM.Collect$$libinit$$00000000)
    __rt_lib_init_alloca_1                   0x08000163   Thumb Code     0  libinit2.o(.ARM.Collect$$libinit$$0000002E)
    __rt_lib_init_argv_1                     0x08000163   Thumb Code     0  libinit2.o(.ARM.Collect$$libinit$$0000002C)
    __rt_lib_init_atexit_1                   0x08000163   Thumb Code     0  libinit2.o(.ARM.Collect$$libinit$$0000001B)
    __rt_lib_init_clock_1                    0x08000163   Thumb Code     0  libinit2.o(.ARM.Collect$$libinit$$00000021)
    __rt_lib_init_cpp_1                      0x08000163   Thumb Code     0  libinit2.o(.ARM.Collect$$libinit$$00000032)
    __rt_lib_init_exceptions_1               0x08000163   Thumb Code     0  libinit2.o(.ARM.Collect$$libinit$$00000030)
    __rt_lib_init_fp_1                       0x08000163   Thumb Code     0  libinit2.o(.ARM.Collect$$libinit$$00000002)
    __rt_lib_init_fp_trap_1                  0x08000163   Thumb Code     0  libinit2.o(.ARM.Collect$$libinit$$0000001F)
    __rt_lib_init_getenv_1                   0x08000163   Thumb Code     0  libinit2.o(.ARM.Collect$$libinit$$00000023)
    __rt_lib_init_heap_1                     0x08000163   Thumb Code     0  libinit2.o(.ARM.Collect$$libinit$$0000000A)
    __rt_lib_init_lc_collate_1               0x08000163   Thumb Code     0  libinit2.o(.ARM.Collect$$libinit$$00000011)
    __rt_lib_init_lc_ctype_1                 0x08000163   Thumb Code     0  libinit2.o(.ARM.Collect$$libinit$$00000013)
    __rt_lib_init_lc_monetary_1              0x08000163   Thumb Code     0  libinit2.o(.ARM.Collect$$libinit$$00000015)
    __rt_lib_init_lc_numeric_1               0x08000163   Thumb Code     0  libinit2.o(.ARM.Collect$$libinit$$00000017)
    __rt_lib_init_lc_time_1                  0x08000163   Thumb Code     0  libinit2.o(.ARM.Collect$$libinit$$00000019)
    __rt_lib_init_preinit_1                  0x08000163   Thumb Code     0  libinit2.o(.ARM.Collect$$libinit$$00000004)
    __rt_lib_init_rand_1                     0x08000163   Thumb Code     0  libinit2.o(.ARM.Collect$$libinit$$0000000E)
    __rt_lib_init_return                     0x08000163   Thumb Code     0  libinit2.o(.ARM.Collect$$libinit$$00000033)
    __rt_lib_init_signal_1                   0x08000163   Thumb Code     0  libinit2.o(.ARM.Collect$$libinit$$0000001D)
    __rt_lib_init_stdio_1                    0x08000163   Thumb Code     0  libinit2.o(.ARM.Collect$$libinit$$00000025)
    __rt_lib_init_user_alloc_1               0x08000163   Thumb Code     0  libinit2.o(.ARM.Collect$$libinit$$0000000C)
    __rt_lib_shutdown                        0x08000165   Thumb Code     0  libshutdown.o(.ARM.Collect$$libshutdown$$00000000)
    __rt_lib_shutdown_cpp_1                  0x08000167   Thumb Code     0  libshutdown2.o(.ARM.Collect$$libshutdown$$00000004)
    __rt_lib_shutdown_fini_1                 0x08000167   Thumb Code     0  libshutdown2.o(.ARM.Collect$$libshutdown$$00000002)
    __rt_lib_shutdown_fp_trap_1              0x08000167   Thumb Code     0  libshutdown2.o(.ARM.Collect$$libshutdown$$00000009)
    __rt_lib_shutdown_heap_1                 0x08000167   Thumb Code     0  libshutdown2.o(.ARM.Collect$$libshutdown$$00000011)
    __rt_lib_shutdown_return                 0x08000167   Thumb Code     0  libshutdown2.o(.ARM.Collect$$libshutdown$$00000012)
    __rt_lib_shutdown_signal_1               0x08000167   Thumb Code     0  libshutdown2.o(.ARM.Collect$$libshutdown$$0000000C)
    __rt_lib_shutdown_stdio_1                0x08000167   Thumb Code     0  libshutdown2.o(.ARM.Collect$$libshutdown$$00000006)
    __rt_lib_shutdown_user_alloc_1           0x08000167   Thumb Code     0  libshutdown2.o(.ARM.Collect$$libshutdown$$0000000E)
    __rt_entry                               0x08000169   Thumb Code     0  __rtentry.o(.ARM.Collect$$rtentry$$00000000)
    __rt_entry_presh_1                       0x08000169   Thumb Code     0  __rtentry2.o(.ARM.Collect$$rtentry$$00000002)
    __rt_entry_sh                            0x08000169   Thumb Code     0  __rtentry4.o(.ARM.Collect$$rtentry$$00000004)
    __rt_entry_li                            0x0800016f   Thumb Code     0  __rtentry2.o(.ARM.Collect$$rtentry$$0000000A)
    __rt_entry_postsh_1                      0x0800016f   Thumb Code     0  __rtentry2.o(.ARM.Collect$$rtentry$$00000009)
    __rt_entry_main                          0x08000173   Thumb Code     0  __rtentry2.o(.ARM.Collect$$rtentry$$0000000D)
    __rt_entry_postli_1                      0x08000173   Thumb Code     0  __rtentry2.o(.ARM.Collect$$rtentry$$0000000C)
    __rt_exit                                0x0800017b   Thumb Code     0  rtexit.o(.ARM.Collect$$rtexit$$00000000)
    __rt_exit_ls                             0x0800017d   Thumb Code     0  rtexit2.o(.ARM.Collect$$rtexit$$00000003)
    __rt_exit_prels_1                        0x0800017d   Thumb Code     0  rtexit2.o(.ARM.Collect$$rtexit$$00000002)
    __rt_exit_exit                           0x08000181   Thumb Code     0  rtexit2.o(.ARM.Collect$$rtexit$$00000004)
    Reset_Handler                            0x08000189   Thumb Code     8  startup_stm32f10x_md.o(.text)
    ADC1_2_IRQHandler                        0x080001a3   Thumb Code     0  startup_stm32f10x_md.o(.text)
    CAN1_RX1_IRQHandler                      0x080001a3   Thumb Code     0  startup_stm32f10x_md.o(.text)
    CAN1_SCE_IRQHandler                      0x080001a3   Thumb Code     0  startup_stm32f10x_md.o(.text)
    DMA1_Channel1_IRQHandler                 0x080001a3   Thumb Code     0  startup_stm32f10x_md.o(.text)
    DMA1_Channel2_IRQHandler                 0x080001a3   Thumb Code     0  startup_stm32f10x_md.o(.text)
    DMA1_Channel3_IRQHandler                 0x080001a3   Thumb Code     0  startup_stm32f10x_md.o(.text)
    DMA1_Channel4_IRQHandler                 0x080001a3   Thumb Code     0  startup_stm32f10x_md.o(.text)
    DMA1_Channel6_IRQHandler                 0x080001a3   Thumb Code     0  startup_stm32f10x_md.o(.text)
    DMA1_Channel7_IRQHandler                 0x080001a3   Thumb Code     0  startup_stm32f10x_md.o(.text)
    EXTI15_10_IRQHandler                     0x080001a3   Thumb Code     0  startup_stm32f10x_md.o(.text)
    EXTI1_IRQHandler                         0x080001a3   Thumb Code     0  startup_stm32f10x_md.o(.text)
    EXTI2_IRQHandler                         0x080001a3   Thumb Code     0  startup_stm32f10x_md.o(.text)
    EXTI4_IRQHandler                         0x080001a3   Thumb Code     0  startup_stm32f10x_md.o(.text)
    FLASH_IRQHandler                         0x080001a3   Thumb Code     0  startup_stm32f10x_md.o(.text)
    I2C1_ER_IRQHandler                       0x080001a3   Thumb Code     0  startup_stm32f10x_md.o(.text)
    I2C1_EV_IRQHandler                       0x080001a3   Thumb Code     0  startup_stm32f10x_md.o(.text)
    I2C2_ER_IRQHandler                       0x080001a3   Thumb Code     0  startup_stm32f10x_md.o(.text)
    I2C2_EV_IRQHandler                       0x080001a3   Thumb Code     0  startup_stm32f10x_md.o(.text)
    PVD_IRQHandler                           0x080001a3   Thumb Code     0  startup_stm32f10x_md.o(.text)
    RCC_IRQHandler                           0x080001a3   Thumb Code     0  startup_stm32f10x_md.o(.text)
    RTC_IRQHandler                           0x080001a3   Thumb Code     0  startup_stm32f10x_md.o(.text)
    SPI1_IRQHandler                          0x080001a3   Thumb Code     0  startup_stm32f10x_md.o(.text)
    TAMPER_IRQHandler                        0x080001a3   Thumb Code     0  startup_stm32f10x_md.o(.text)
    TIM1_BRK_IRQHandler                      0x080001a3   Thumb Code     0  startup_stm32f10x_md.o(.text)
    TIM1_CC_IRQHandler                       0x080001a3   Thumb Code     0  startup_stm32f10x_md.o(.text)
    TIM1_TRG_COM_IRQHandler                  0x080001a3   Thumb Code     0  startup_stm32f10x_md.o(.text)
    TIM1_UP_IRQHandler                       0x080001a3   Thumb Code     0  startup_stm32f10x_md.o(.text)
    TIM4_IRQHandler                          0x080001a3   Thumb Code     0  startup_stm32f10x_md.o(.text)
    USART3_IRQHandler                        0x080001a3   Thumb Code     0  startup_stm32f10x_md.o(.text)
    USBWakeUp_IRQHandler                     0x080001a3   Thumb Code     0  startup_stm32f10x_md.o(.text)
    USB_HP_CAN1_TX_IRQHandler                0x080001a3   Thumb Code     0  startup_stm32f10x_md.o(.text)
    USB_LP_CAN1_RX0_IRQHandler               0x080001a3   Thumb Code     0  startup_stm32f10x_md.o(.text)
    WWDG_IRQHandler                          0x080001a3   Thumb Code     0  startup_stm32f10x_md.o(.text)
    __user_initial_stackheap                 0x080001a5   Thumb Code     0  startup_stm32f10x_md.o(.text)
    main                                     0x080001c9   Thumb Code   336  main_1.o(.text)
    NVIC_Configuration                       0x08000319   Thumb Code    14  main_1.o(.text)
    RCC_Configuration                        0x08000327   Thumb Code    70  main_1.o(.text)
    TIM_Configuration                        0x0800036d   Thumb Code   226  main_1.o(.text)
    SetSysClockTo16                          0x0800044f   Thumb Code   106  main_1.o(.text)
    NMI_Handler                              0x080004d5   Thumb Code     2  stm32f10x_it_1.o(.text)
    HardFault_Handler                        0x080004d7   Thumb Code     4  stm32f10x_it_1.o(.text)
    MemManage_Handler                        0x080004db   Thumb Code     4  stm32f10x_it_1.o(.text)
    BusFault_Handler                         0x080004df   Thumb Code     4  stm32f10x_it_1.o(.text)
    UsageFault_Handler                       0x080004e3   Thumb Code     4  stm32f10x_it_1.o(.text)
    SVC_Handler                              0x080004e7   Thumb Code     2  stm32f10x_it_1.o(.text)
    DebugMon_Handler                         0x080004e9   Thumb Code     2  stm32f10x_it_1.o(.text)
    PendSV_Handler                           0x080004eb   Thumb Code     2  stm32f10x_it_1.o(.text)
    SysTick_Handler                          0x080004ed   Thumb Code     2  stm32f10x_it_1.o(.text)
    TIM2_IRQHandler                          0x080004ef   Thumb Code   186  stm32f10x_it_1.o(.text)
    TIM3_IRQHandler                          0x080005a9   Thumb Code    38  stm32f10x_it_1.o(.text)
    SPI2_IRQHandler                          0x080005cf   Thumb Code    26  stm32f10x_it_1.o(.text)
    RTCAlarm_IRQHandler                      0x080005e9   Thumb Code    54  stm32f10x_it_1.o(.text)
    OTG_FS_IRQHandler                        0x0800061f   Thumb Code     2  stm32f10x_it_1.o(.text)
    EXTI0_IRQHandler                         0x08000621   Thumb Code    24  stm32f10x_it_1.o(.text)
    EXTI3_IRQHandler                         0x08000639   Thumb Code    18  stm32f10x_it_1.o(.text)
    EXTI9_5_IRQHandler                       0x0800064b   Thumb Code    18  stm32f10x_it_1.o(.text)
    DMA1_Channel5_IRQHandler                 0x0800065d   Thumb Code    30  stm32f10x_it_1.o(.text)
    DMA2_Channel5_IRQHandler                 0x0800067b   Thumb Code    32  stm32f10x_it_1.o(.text)
    DMA2_Channel4_IRQHandler                 0x0800069b   Thumb Code    32  stm32f10x_it_1.o(.text)
    UART5_IRQHandler                         0x080006bb   Thumb Code    42  stm32f10x_it_1.o(.text)
    USART1_IRQHandler                        0x080006e5   Thumb Code    42  stm32f10x_it_1.o(.text)
    UART4_IRQHandler                         0x0800070f   Thumb Code    42  stm32f10x_it_1.o(.text)
    USART2_IRQHandler                        0x08000739   Thumb Code   326  stm32f10x_it_1.o(.text)
    ADC1_MODE_CONFIG                         0x080008e9   Thumb Code   338  bsp_adc.o(.text)
    GPIO_Configuration                       0x08000a49   Thumb Code   330  bsp_gpio.o(.text)
    WorkStateIndicate                        0x08000ba5   Thumb Code    46  bsp_led.o(.text)
    SPI_TMC4671_Init                         0x08000be5   Thumb Code    80  bsp_tmc4671.o(.text)
    GPIO_TMC4671_SPI_init                    0x08000c35   Thumb Code   114  bsp_tmc4671.o(.text)
    SPI_TMC4671_SendByte                     0x08000ca7   Thumb Code    50  bsp_tmc4671.o(.text)
    delay_TMC4671                            0x08000cd9   Thumb Code    30  bsp_tmc4671.o(.text)
    SpiWrite                                 0x08000cf7   Thumb Code    82  bsp_tmc4671.o(.text)
    SpiRead                                  0x08000d49   Thumb Code    62  bsp_tmc4671.o(.text)
    init_TMC4671                             0x08000d87   Thumb Code    12  bsp_tmc4671.o(.text)
    write_TMC4671                            0x08000d93   Thumb Code    68  bsp_tmc4671.o(.text)
    Read_TMC4671                             0x08000dd7   Thumb Code    80  bsp_tmc4671.o(.text)
    tmc4671_writeInt                         0x08000e27   Thumb Code    26  bsp_tmc4671.o(.text)
    tmc4671_readInt                          0x08000e41   Thumb Code    30  bsp_tmc4671.o(.text)
    tmc4671_init_set                         0x08000e5f   Thumb Code   382  bsp_tmc4671.o(.text)
    InitUsart2                               0x0800100d   Thumb Code   174  bsp_uart.o(.text)
    initUsart1                               0x080010bb   Thumb Code   176  bsp_uart.o(.text)
    initUsart3                               0x0800116b   Thumb Code    86  bsp_uart.o(.text)
    initUsart5                               0x080011c1   Thumb Code    92  bsp_uart.o(.text)
    initUsart4                               0x0800121d   Thumb Code   102  bsp_uart.o(.text)
    usart1_send                              0x080012a5   Thumb Code    28  bsp_uart_process.o(.text)
    usart1_SendString                        0x080012c1   Thumb Code    22  bsp_uart_process.o(.text)
    usart2_send                              0x080012d7   Thumb Code    28  bsp_uart_process.o(.text)
    usart2_SendString                        0x080012f3   Thumb Code    22  bsp_uart_process.o(.text)
    uart4_send                               0x08001309   Thumb Code    28  bsp_uart_process.o(.text)
    uart4_SendString                         0x08001325   Thumb Code    22  bsp_uart_process.o(.text)
    uart5_send                               0x0800133b   Thumb Code    28  bsp_uart_process.o(.text)
    uart5_SendString                         0x08001357   Thumb Code    22  bsp_uart_process.o(.text)
    wdg_init                                 0x0800137d   Thumb Code    38  bsp_monitor.o(.text)
    get_speed                                0x080013a3   Thumb Code   136  bsp_monitor.o(.text)
    Calculate_temperature                    0x0800142b   Thumb Code   236  bsp_monitor.o(.text)
    MOS_TempCheck                            0x08001517   Thumb Code    82  bsp_monitor.o(.text)
    BUS_Voltage_Calc                         0x08001569   Thumb Code    42  bsp_monitor.o(.text)
    PowerCheck                               0x08001593   Thumb Code    36  bsp_monitor.o(.text)
    Overvoltage_oprate                       0x080015b7   Thumb Code    60  bsp_monitor.o(.text)
    ResExistDetect                           0x080015f3   Thumb Code    30  bsp_monitor.o(.text)
    SysInit                                  0x08001611   Thumb Code    42  bsp_monitor.o(.text)
    inverseMapADCValue                       0x0800163b   Thumb Code    82  bsp_monitor.o(.text)
    DISABLE_TMC                              0x080016fd   Thumb Code    24  bsp_turboctrl.o(.text)
    TurboCtrl                                0x08001715   Thumb Code    78  bsp_turboctrl.o(.text)
    SystemInit                               0x08001857   Thumb Code    78  system_stm32f10x.o(.text)
    SystemCoreClockUpdate                    0x080018a5   Thumb Code   142  system_stm32f10x.o(.text)
    NVIC_PriorityGroupConfig                 0x08001959   Thumb Code    10  misc.o(.text)
    NVIC_Init                                0x08001963   Thumb Code   100  misc.o(.text)
    NVIC_SetVectorTable                      0x080019c7   Thumb Code    14  misc.o(.text)
    NVIC_SystemLPConfig                      0x080019d5   Thumb Code    34  misc.o(.text)
    SysTick_CLKSourceConfig                  0x080019f7   Thumb Code    40  misc.o(.text)
    ADC_DeInit                               0x08001a35   Thumb Code    78  stm32f10x_adc.o(.text)
    ADC_Init                                 0x08001a83   Thumb Code    70  stm32f10x_adc.o(.text)
    ADC_StructInit                           0x08001ac9   Thumb Code    18  stm32f10x_adc.o(.text)
    ADC_Cmd                                  0x08001adb   Thumb Code    22  stm32f10x_adc.o(.text)
    ADC_DMACmd                               0x08001af1   Thumb Code    22  stm32f10x_adc.o(.text)
    ADC_ITConfig                             0x08001b07   Thumb Code    24  stm32f10x_adc.o(.text)
    ADC_ResetCalibration                     0x08001b1f   Thumb Code    10  stm32f10x_adc.o(.text)
    ADC_GetResetCalibrationStatus            0x08001b29   Thumb Code    20  stm32f10x_adc.o(.text)
    ADC_StartCalibration                     0x08001b3d   Thumb Code    10  stm32f10x_adc.o(.text)
    ADC_GetCalibrationStatus                 0x08001b47   Thumb Code    20  stm32f10x_adc.o(.text)
    ADC_SoftwareStartConvCmd                 0x08001b5b   Thumb Code    22  stm32f10x_adc.o(.text)
    ADC_GetSoftwareStartConvStatus           0x08001b71   Thumb Code    20  stm32f10x_adc.o(.text)
    ADC_DiscModeChannelCountConfig           0x08001b85   Thumb Code    24  stm32f10x_adc.o(.text)
    ADC_DiscModeCmd                          0x08001b9d   Thumb Code    22  stm32f10x_adc.o(.text)
    ADC_RegularChannelConfig                 0x08001bb3   Thumb Code   184  stm32f10x_adc.o(.text)
    ADC_ExternalTrigConvCmd                  0x08001c6b   Thumb Code    22  stm32f10x_adc.o(.text)
    ADC_GetConversionValue                   0x08001c81   Thumb Code     8  stm32f10x_adc.o(.text)
    ADC_GetDualModeConversionValue           0x08001c89   Thumb Code     8  stm32f10x_adc.o(.text)
    ADC_AutoInjectedConvCmd                  0x08001c91   Thumb Code    22  stm32f10x_adc.o(.text)
    ADC_InjectedDiscModeCmd                  0x08001ca7   Thumb Code    22  stm32f10x_adc.o(.text)
    ADC_ExternalTrigInjectedConvConfig       0x08001cbd   Thumb Code    16  stm32f10x_adc.o(.text)
    ADC_ExternalTrigInjectedConvCmd          0x08001ccd   Thumb Code    22  stm32f10x_adc.o(.text)
    ADC_SoftwareStartInjectedConvCmd         0x08001ce3   Thumb Code    22  stm32f10x_adc.o(.text)
    ADC_GetSoftwareStartInjectedConvCmdStatus 0x08001cf9   Thumb Code    20  stm32f10x_adc.o(.text)
    ADC_InjectedChannelConfig                0x08001d0d   Thumb Code   130  stm32f10x_adc.o(.text)
    ADC_InjectedSequencerLengthConfig        0x08001d8f   Thumb Code    24  stm32f10x_adc.o(.text)
    ADC_SetInjectedOffset                    0x08001da7   Thumb Code    20  stm32f10x_adc.o(.text)
    ADC_GetInjectedConversionValue           0x08001dbb   Thumb Code    28  stm32f10x_adc.o(.text)
    ADC_AnalogWatchdogCmd                    0x08001dd7   Thumb Code    16  stm32f10x_adc.o(.text)
    ADC_AnalogWatchdogThresholdsConfig       0x08001de7   Thumb Code     6  stm32f10x_adc.o(.text)
    ADC_AnalogWatchdogSingleChannelConfig    0x08001ded   Thumb Code    16  stm32f10x_adc.o(.text)
    ADC_TempSensorVrefintCmd                 0x08001dfd   Thumb Code    64  stm32f10x_adc.o(.text)
    ADC_GetFlagStatus                        0x08001e3d   Thumb Code    18  stm32f10x_adc.o(.text)
    ADC_ClearFlag                            0x08001e4f   Thumb Code     6  stm32f10x_adc.o(.text)
    ADC_GetITStatus                          0x08001e55   Thumb Code    36  stm32f10x_adc.o(.text)
    ADC_ClearITPendingBit                    0x08001e79   Thumb Code    10  stm32f10x_adc.o(.text)
    DMA_DeInit                               0x08001e85   Thumb Code   324  stm32f10x_dma.o(.text)
    DMA_Init                                 0x08001fc9   Thumb Code    60  stm32f10x_dma.o(.text)
    DMA_StructInit                           0x08002005   Thumb Code    26  stm32f10x_dma.o(.text)
    DMA_Cmd                                  0x0800201f   Thumb Code    24  stm32f10x_dma.o(.text)
    DMA_ITConfig                             0x08002037   Thumb Code    18  stm32f10x_dma.o(.text)
    DMA_SetCurrDataCounter                   0x08002049   Thumb Code     4  stm32f10x_dma.o(.text)
    DMA_GetCurrDataCounter                   0x0800204d   Thumb Code     8  stm32f10x_dma.o(.text)
    DMA_GetFlagStatus                        0x08002055   Thumb Code    40  stm32f10x_dma.o(.text)
    DMA_ClearFlag                            0x0800207d   Thumb Code    22  stm32f10x_dma.o(.text)
    DMA_GetITStatus                          0x08002093   Thumb Code    40  stm32f10x_dma.o(.text)
    DMA_ClearITPendingBit                    0x080020bb   Thumb Code    22  stm32f10x_dma.o(.text)
    EXTI_DeInit                              0x080020d9   Thumb Code    28  stm32f10x_exti.o(.text)
    EXTI_Init                                0x080020f5   Thumb Code   142  stm32f10x_exti.o(.text)
    EXTI_StructInit                          0x08002183   Thumb Code    16  stm32f10x_exti.o(.text)
    EXTI_GenerateSWInterrupt                 0x08002193   Thumb Code    16  stm32f10x_exti.o(.text)
    EXTI_GetFlagStatus                       0x080021a3   Thumb Code    22  stm32f10x_exti.o(.text)
    EXTI_ClearFlag                           0x080021b9   Thumb Code     8  stm32f10x_exti.o(.text)
    EXTI_GetITStatus                         0x080021c1   Thumb Code    34  stm32f10x_exti.o(.text)
    EXTI_ClearITPendingBit                   0x080021e3   Thumb Code     8  stm32f10x_exti.o(.text)
    FLASH_SetLatency                         0x080021f5   Thumb Code    18  stm32f10x_flash.o(.text)
    FLASH_HalfCycleAccessCmd                 0x08002207   Thumb Code    22  stm32f10x_flash.o(.text)
    FLASH_PrefetchBufferCmd                  0x0800221d   Thumb Code    22  stm32f10x_flash.o(.text)
    FLASH_Unlock                             0x08002233   Thumb Code    12  stm32f10x_flash.o(.text)
    FLASH_UnlockBank1                        0x0800223f   Thumb Code    12  stm32f10x_flash.o(.text)
    FLASH_Lock                               0x0800224b   Thumb Code    14  stm32f10x_flash.o(.text)
    FLASH_LockBank1                          0x08002259   Thumb Code    14  stm32f10x_flash.o(.text)
    FLASH_GetBank1Status                     0x08002267   Thumb Code    48  stm32f10x_flash.o(.text)
    FLASH_WaitForLastOperation               0x08002297   Thumb Code    38  stm32f10x_flash.o(.text)
    FLASH_ErasePage                          0x080022bd   Thumb Code    72  stm32f10x_flash.o(.text)
    FLASH_EraseAllPages                      0x08002305   Thumb Code    68  stm32f10x_flash.o(.text)
    FLASH_WaitForLastBank1Operation          0x08002349   Thumb Code    38  stm32f10x_flash.o(.text)
    FLASH_EraseAllBank1Pages                 0x0800236f   Thumb Code    68  stm32f10x_flash.o(.text)
    FLASH_GetReadOutProtectionStatus         0x080023b3   Thumb Code    20  stm32f10x_flash.o(.text)
    FLASH_EraseOptionBytes                   0x080023c7   Thumb Code   150  stm32f10x_flash.o(.text)
    FLASH_ProgramWord                        0x0800245d   Thumb Code   102  stm32f10x_flash.o(.text)
    FLASH_ProgramHalfWord                    0x080024c3   Thumb Code    60  stm32f10x_flash.o(.text)
    FLASH_ProgramOptionByteData              0x080024ff   Thumb Code    72  stm32f10x_flash.o(.text)
    FLASH_EnableWriteProtection              0x08002547   Thumb Code   200  stm32f10x_flash.o(.text)
    FLASH_ReadOutProtection                  0x0800260f   Thumb Code   156  stm32f10x_flash.o(.text)
    FLASH_UserOptionByteConfig               0x080026ab   Thumb Code    88  stm32f10x_flash.o(.text)
    FLASH_GetUserOptionByte                  0x08002703   Thumb Code     8  stm32f10x_flash.o(.text)
    FLASH_GetWriteProtectionOptionByte       0x0800270b   Thumb Code     6  stm32f10x_flash.o(.text)
    FLASH_GetPrefetchBufferStatus            0x08002711   Thumb Code    20  stm32f10x_flash.o(.text)
    FLASH_ITConfig                           0x08002725   Thumb Code    26  stm32f10x_flash.o(.text)
    FLASH_GetFlagStatus                      0x0800273f   Thumb Code    42  stm32f10x_flash.o(.text)
    FLASH_ClearFlag                          0x08002769   Thumb Code     6  stm32f10x_flash.o(.text)
    FLASH_GetStatus                          0x0800276f   Thumb Code    48  stm32f10x_flash.o(.text)
    GPIO_DeInit                              0x080027b1   Thumb Code   172  stm32f10x_gpio.o(.text)
    GPIO_AFIODeInit                          0x0800285d   Thumb Code    20  stm32f10x_gpio.o(.text)
    GPIO_Init                                0x08002871   Thumb Code   278  stm32f10x_gpio.o(.text)
    GPIO_StructInit                          0x08002987   Thumb Code    16  stm32f10x_gpio.o(.text)
    GPIO_ReadInputDataBit                    0x08002997   Thumb Code    18  stm32f10x_gpio.o(.text)
    GPIO_ReadInputData                       0x080029a9   Thumb Code     8  stm32f10x_gpio.o(.text)
    GPIO_ReadOutputDataBit                   0x080029b1   Thumb Code    18  stm32f10x_gpio.o(.text)
    GPIO_ReadOutputData                      0x080029c3   Thumb Code     8  stm32f10x_gpio.o(.text)
    GPIO_SetBits                             0x080029cb   Thumb Code     4  stm32f10x_gpio.o(.text)
    GPIO_ResetBits                           0x080029cf   Thumb Code     4  stm32f10x_gpio.o(.text)
    GPIO_WriteBit                            0x080029d3   Thumb Code    10  stm32f10x_gpio.o(.text)
    GPIO_Write                               0x080029dd   Thumb Code     4  stm32f10x_gpio.o(.text)
    GPIO_PinLockConfig                       0x080029e1   Thumb Code    18  stm32f10x_gpio.o(.text)
    GPIO_EventOutputConfig                   0x080029f3   Thumb Code    26  stm32f10x_gpio.o(.text)
    GPIO_EventOutputCmd                      0x08002a0d   Thumb Code     6  stm32f10x_gpio.o(.text)
    GPIO_PinRemapConfig                      0x08002a13   Thumb Code   138  stm32f10x_gpio.o(.text)
    GPIO_EXTILineConfig                      0x08002a9d   Thumb Code    66  stm32f10x_gpio.o(.text)
    GPIO_ETH_MediaInterfaceConfig            0x08002adf   Thumb Code     8  stm32f10x_gpio.o(.text)
    PWR_DeInit                               0x08002b0d   Thumb Code    22  stm32f10x_pwr.o(.text)
    PWR_BackupAccessCmd                      0x08002b23   Thumb Code     6  stm32f10x_pwr.o(.text)
    PWR_PVDCmd                               0x08002b29   Thumb Code     6  stm32f10x_pwr.o(.text)
    PWR_PVDLevelConfig                       0x08002b2f   Thumb Code    18  stm32f10x_pwr.o(.text)
    PWR_WakeUpPinCmd                         0x08002b41   Thumb Code     8  stm32f10x_pwr.o(.text)
    PWR_EnterSTOPMode                        0x08002b49   Thumb Code    54  stm32f10x_pwr.o(.text)
    PWR_EnterSTANDBYMode                     0x08002b7f   Thumb Code    42  stm32f10x_pwr.o(.text)
    PWR_GetFlagStatus                        0x08002ba9   Thumb Code    20  stm32f10x_pwr.o(.text)
    PWR_ClearFlag                            0x08002bbd   Thumb Code    14  stm32f10x_pwr.o(.text)
    RCC_DeInit                               0x08002bd9   Thumb Code    64  stm32f10x_rcc.o(.text)
    RCC_HSEConfig                            0x08002c19   Thumb Code    70  stm32f10x_rcc.o(.text)
    RCC_GetFlagStatus                        0x08002c5f   Thumb Code    56  stm32f10x_rcc.o(.text)
    RCC_WaitForHSEStartUp                    0x08002c97   Thumb Code    56  stm32f10x_rcc.o(.text)
    RCC_AdjustHSICalibrationValue            0x08002ccf   Thumb Code    20  stm32f10x_rcc.o(.text)
    RCC_HSICmd                               0x08002ce3   Thumb Code     6  stm32f10x_rcc.o(.text)
    RCC_PLLConfig                            0x08002ce9   Thumb Code    24  stm32f10x_rcc.o(.text)
    RCC_PLLCmd                               0x08002d01   Thumb Code     6  stm32f10x_rcc.o(.text)
    RCC_SYSCLKConfig                         0x08002d07   Thumb Code    18  stm32f10x_rcc.o(.text)
    RCC_GetSYSCLKSource                      0x08002d19   Thumb Code    10  stm32f10x_rcc.o(.text)
    RCC_HCLKConfig                           0x08002d23   Thumb Code    18  stm32f10x_rcc.o(.text)
    RCC_PCLK1Config                          0x08002d35   Thumb Code    18  stm32f10x_rcc.o(.text)
    RCC_PCLK2Config                          0x08002d47   Thumb Code    20  stm32f10x_rcc.o(.text)
    RCC_ITConfig                             0x08002d5b   Thumb Code    26  stm32f10x_rcc.o(.text)
    RCC_USBCLKConfig                         0x08002d75   Thumb Code     8  stm32f10x_rcc.o(.text)
    RCC_ADCCLKConfig                         0x08002d7d   Thumb Code    18  stm32f10x_rcc.o(.text)
    RCC_LSEConfig                            0x08002d8f   Thumb Code    50  stm32f10x_rcc.o(.text)
    RCC_LSICmd                               0x08002dc1   Thumb Code     6  stm32f10x_rcc.o(.text)
    RCC_RTCCLKConfig                         0x08002dc7   Thumb Code    12  stm32f10x_rcc.o(.text)
    RCC_RTCCLKCmd                            0x08002dd3   Thumb Code     8  stm32f10x_rcc.o(.text)
    RCC_GetClocksFreq                        0x08002ddb   Thumb Code   192  stm32f10x_rcc.o(.text)
    RCC_AHBPeriphClockCmd                    0x08002e9b   Thumb Code    26  stm32f10x_rcc.o(.text)
    RCC_APB2PeriphClockCmd                   0x08002eb5   Thumb Code    26  stm32f10x_rcc.o(.text)
    RCC_APB1PeriphClockCmd                   0x08002ecf   Thumb Code    26  stm32f10x_rcc.o(.text)
    RCC_APB2PeriphResetCmd                   0x08002ee9   Thumb Code    26  stm32f10x_rcc.o(.text)
    RCC_APB1PeriphResetCmd                   0x08002f03   Thumb Code    26  stm32f10x_rcc.o(.text)
    RCC_BackupResetCmd                       0x08002f1d   Thumb Code     8  stm32f10x_rcc.o(.text)
    RCC_ClockSecuritySystemCmd               0x08002f25   Thumb Code     6  stm32f10x_rcc.o(.text)
    RCC_MCOConfig                            0x08002f2b   Thumb Code     6  stm32f10x_rcc.o(.text)
    RCC_ClearFlag                            0x08002f31   Thumb Code    14  stm32f10x_rcc.o(.text)
    RCC_GetITStatus                          0x08002f3f   Thumb Code    20  stm32f10x_rcc.o(.text)
    RCC_ClearITPendingBit                    0x08002f53   Thumb Code     6  stm32f10x_rcc.o(.text)
    RTC_ITConfig                             0x08002f7d   Thumb Code    26  stm32f10x_rtc.o(.text)
    RTC_EnterConfigMode                      0x08002f97   Thumb Code    18  stm32f10x_rtc.o(.text)
    RTC_ExitConfigMode                       0x08002fa9   Thumb Code    20  stm32f10x_rtc.o(.text)
    RTC_GetCounter                           0x08002fbd   Thumb Code    18  stm32f10x_rtc.o(.text)
    RTC_SetCounter                           0x08002fcf   Thumb Code    26  stm32f10x_rtc.o(.text)
    RTC_SetPrescaler                         0x08002fe9   Thumb Code    28  stm32f10x_rtc.o(.text)
    RTC_SetAlarm                             0x08003005   Thumb Code    26  stm32f10x_rtc.o(.text)
    RTC_GetDivider                           0x0800301f   Thumb Code    22  stm32f10x_rtc.o(.text)
    RTC_WaitForLastTask                      0x08003035   Thumb Code    18  stm32f10x_rtc.o(.text)
    RTC_WaitForSynchro                       0x08003047   Thumb Code    36  stm32f10x_rtc.o(.text)
    RTC_GetFlagStatus                        0x0800306b   Thumb Code    22  stm32f10x_rtc.o(.text)
    RTC_ClearFlag                            0x08003081   Thumb Code    16  stm32f10x_rtc.o(.text)
    RTC_GetITStatus                          0x08003091   Thumb Code    32  stm32f10x_rtc.o(.text)
    RTC_ClearITPendingBit                    0x080030b1   Thumb Code    16  stm32f10x_rtc.o(.text)
    SPI_I2S_DeInit                           0x080030c5   Thumb Code    76  stm32f10x_spi.o(.text)
    SPI_Init                                 0x08003111   Thumb Code    60  stm32f10x_spi.o(.text)
    I2S_Init                                 0x0800314d   Thumb Code   226  stm32f10x_spi.o(.text)
    SPI_StructInit                           0x0800322f   Thumb Code    24  stm32f10x_spi.o(.text)
    I2S_StructInit                           0x08003247   Thumb Code    20  stm32f10x_spi.o(.text)
    SPI_Cmd                                  0x0800325b   Thumb Code    24  stm32f10x_spi.o(.text)
    I2S_Cmd                                  0x08003273   Thumb Code    24  stm32f10x_spi.o(.text)
    SPI_I2S_ITConfig                         0x0800328b   Thumb Code    32  stm32f10x_spi.o(.text)
    SPI_I2S_DMACmd                           0x080032ab   Thumb Code    18  stm32f10x_spi.o(.text)
    SPI_I2S_SendData                         0x080032bd   Thumb Code     4  stm32f10x_spi.o(.text)
    SPI_I2S_ReceiveData                      0x080032c1   Thumb Code     6  stm32f10x_spi.o(.text)
    SPI_NSSInternalSoftwareConfig            0x080032c7   Thumb Code    30  stm32f10x_spi.o(.text)
    SPI_SSOutputCmd                          0x080032e5   Thumb Code    24  stm32f10x_spi.o(.text)
    SPI_DataSizeConfig                       0x080032fd   Thumb Code    18  stm32f10x_spi.o(.text)
    SPI_TransmitCRC                          0x0800330f   Thumb Code    10  stm32f10x_spi.o(.text)
    SPI_CalculateCRC                         0x08003319   Thumb Code    24  stm32f10x_spi.o(.text)
    SPI_GetCRC                               0x08003331   Thumb Code    16  stm32f10x_spi.o(.text)
    SPI_GetCRCPolynomial                     0x08003341   Thumb Code     6  stm32f10x_spi.o(.text)
    SPI_BiDirectionalLineConfig              0x08003347   Thumb Code    28  stm32f10x_spi.o(.text)
    SPI_I2S_GetFlagStatus                    0x08003363   Thumb Code    18  stm32f10x_spi.o(.text)
    SPI_I2S_ClearFlag                        0x08003375   Thumb Code     6  stm32f10x_spi.o(.text)
    SPI_I2S_GetITStatus                      0x0800337b   Thumb Code    52  stm32f10x_spi.o(.text)
    SPI_I2S_ClearITPendingBit                0x080033af   Thumb Code    20  stm32f10x_spi.o(.text)
    TIM_DeInit                               0x080033d1   Thumb Code   424  stm32f10x_tim.o(.text)
    TIM_TimeBaseInit                         0x08003579   Thumb Code   122  stm32f10x_tim.o(.text)
    TIM_OC1Init                              0x080035f3   Thumb Code   132  stm32f10x_tim.o(.text)
    TIM_OC2Init                              0x08003677   Thumb Code   154  stm32f10x_tim.o(.text)
    TIM_OC3Init                              0x08003711   Thumb Code   150  stm32f10x_tim.o(.text)
    TIM_OC4Init                              0x080037a7   Thumb Code   182  stm32f10x_tim.o(.text)
    TIM_SetIC4Prescaler                      0x0800385d   Thumb Code    26  stm32f10x_tim.o(.text)
    TIM_SetIC3Prescaler                      0x080038f9   Thumb Code    18  stm32f10x_tim.o(.text)
    TIM_SetIC2Prescaler                      0x08003985   Thumb Code    26  stm32f10x_tim.o(.text)
    TIM_SetIC1Prescaler                      0x08003a21   Thumb Code    18  stm32f10x_tim.o(.text)
    TIM_ICInit                               0x08003a9f   Thumb Code   150  stm32f10x_tim.o(.text)
    TIM_PWMIConfig                           0x08003b35   Thumb Code   124  stm32f10x_tim.o(.text)
    TIM_BDTRConfig                           0x08003bb1   Thumb Code    32  stm32f10x_tim.o(.text)
    TIM_TimeBaseStructInit                   0x08003bd1   Thumb Code    18  stm32f10x_tim.o(.text)
    TIM_OCStructInit                         0x08003be3   Thumb Code    20  stm32f10x_tim.o(.text)
    TIM_ICStructInit                         0x08003bf7   Thumb Code    18  stm32f10x_tim.o(.text)
    TIM_BDTRStructInit                       0x08003c09   Thumb Code    40  stm32f10x_tim.o(.text)
    TIM_Cmd                                  0x08003c31   Thumb Code    24  stm32f10x_tim.o(.text)
    TIM_CtrlPWMOutputs                       0x08003c49   Thumb Code    30  stm32f10x_tim.o(.text)
    TIM_ITConfig                             0x08003c67   Thumb Code    18  stm32f10x_tim.o(.text)
    TIM_GenerateEvent                        0x08003c79   Thumb Code     4  stm32f10x_tim.o(.text)
    TIM_DMAConfig                            0x08003c7d   Thumb Code    10  stm32f10x_tim.o(.text)
    TIM_DMACmd                               0x08003c87   Thumb Code    18  stm32f10x_tim.o(.text)
    TIM_InternalClockConfig                  0x08003c99   Thumb Code    12  stm32f10x_tim.o(.text)
    TIM_SelectInputTrigger                   0x08003ca5   Thumb Code    18  stm32f10x_tim.o(.text)
    TIM_ITRxExternalClockConfig              0x08003cb7   Thumb Code    24  stm32f10x_tim.o(.text)
    TIM_TIxExternalClockConfig               0x08003ccf   Thumb Code    62  stm32f10x_tim.o(.text)
    TIM_ETRConfig                            0x08003d0d   Thumb Code    28  stm32f10x_tim.o(.text)
    TIM_ETRClockMode1Config                  0x08003d29   Thumb Code    54  stm32f10x_tim.o(.text)
    TIM_ETRClockMode2Config                  0x08003d5f   Thumb Code    32  stm32f10x_tim.o(.text)
    TIM_PrescalerConfig                      0x08003d7f   Thumb Code     6  stm32f10x_tim.o(.text)
    TIM_CounterModeConfig                    0x08003d85   Thumb Code    18  stm32f10x_tim.o(.text)
    TIM_EncoderInterfaceConfig               0x08003d97   Thumb Code    66  stm32f10x_tim.o(.text)
    TIM_ForcedOC1Config                      0x08003dd9   Thumb Code    18  stm32f10x_tim.o(.text)
    TIM_ForcedOC2Config                      0x08003deb   Thumb Code    26  stm32f10x_tim.o(.text)
    TIM_ForcedOC3Config                      0x08003e05   Thumb Code    18  stm32f10x_tim.o(.text)
    TIM_ForcedOC4Config                      0x08003e17   Thumb Code    26  stm32f10x_tim.o(.text)
    TIM_ARRPreloadConfig                     0x08003e31   Thumb Code    24  stm32f10x_tim.o(.text)
    TIM_SelectCOM                            0x08003e49   Thumb Code    24  stm32f10x_tim.o(.text)
    TIM_SelectCCDMA                          0x08003e61   Thumb Code    24  stm32f10x_tim.o(.text)
    TIM_CCPreloadControl                     0x08003e79   Thumb Code    24  stm32f10x_tim.o(.text)
    TIM_OC1PreloadConfig                     0x08003e91   Thumb Code    18  stm32f10x_tim.o(.text)
    TIM_OC2PreloadConfig                     0x08003ea3   Thumb Code    26  stm32f10x_tim.o(.text)
    TIM_OC3PreloadConfig                     0x08003ebd   Thumb Code    18  stm32f10x_tim.o(.text)
    TIM_OC4PreloadConfig                     0x08003ecf   Thumb Code    26  stm32f10x_tim.o(.text)
    TIM_OC1FastConfig                        0x08003ee9   Thumb Code    18  stm32f10x_tim.o(.text)
    TIM_OC2FastConfig                        0x08003efb   Thumb Code    26  stm32f10x_tim.o(.text)
    TIM_OC3FastConfig                        0x08003f15   Thumb Code    18  stm32f10x_tim.o(.text)
    TIM_OC4FastConfig                        0x08003f27   Thumb Code    26  stm32f10x_tim.o(.text)
    TIM_ClearOC1Ref                          0x08003f41   Thumb Code    18  stm32f10x_tim.o(.text)
    TIM_ClearOC2Ref                          0x08003f53   Thumb Code    24  stm32f10x_tim.o(.text)
    TIM_ClearOC3Ref                          0x08003f6b   Thumb Code    18  stm32f10x_tim.o(.text)
    TIM_ClearOC4Ref                          0x08003f7d   Thumb Code    24  stm32f10x_tim.o(.text)
    TIM_OC1PolarityConfig                    0x08003f95   Thumb Code    18  stm32f10x_tim.o(.text)
    TIM_OC1NPolarityConfig                   0x08003fa7   Thumb Code    18  stm32f10x_tim.o(.text)
    TIM_OC2PolarityConfig                    0x08003fb9   Thumb Code    26  stm32f10x_tim.o(.text)
    TIM_OC2NPolarityConfig                   0x08003fd3   Thumb Code    26  stm32f10x_tim.o(.text)
    TIM_OC3PolarityConfig                    0x08003fed   Thumb Code    26  stm32f10x_tim.o(.text)
    TIM_OC3NPolarityConfig                   0x08004007   Thumb Code    26  stm32f10x_tim.o(.text)
    TIM_OC4PolarityConfig                    0x08004021   Thumb Code    26  stm32f10x_tim.o(.text)
    TIM_CCxCmd                               0x0800403b   Thumb Code    30  stm32f10x_tim.o(.text)
    TIM_CCxNCmd                              0x08004059   Thumb Code    30  stm32f10x_tim.o(.text)
    TIM_SelectOCxM                           0x08004077   Thumb Code    82  stm32f10x_tim.o(.text)
    TIM_UpdateDisableConfig                  0x080040c9   Thumb Code    24  stm32f10x_tim.o(.text)
    TIM_UpdateRequestConfig                  0x080040e1   Thumb Code    24  stm32f10x_tim.o(.text)
    TIM_SelectHallSensor                     0x080040f9   Thumb Code    24  stm32f10x_tim.o(.text)
    TIM_SelectOnePulseMode                   0x08004111   Thumb Code    18  stm32f10x_tim.o(.text)
    TIM_SelectOutputTrigger                  0x08004123   Thumb Code    18  stm32f10x_tim.o(.text)
    TIM_SelectSlaveMode                      0x08004135   Thumb Code    18  stm32f10x_tim.o(.text)
    TIM_SelectMasterSlaveMode                0x08004147   Thumb Code    18  stm32f10x_tim.o(.text)
    TIM_SetCounter                           0x08004159   Thumb Code     4  stm32f10x_tim.o(.text)
    TIM_SetAutoreload                        0x0800415d   Thumb Code     4  stm32f10x_tim.o(.text)
    TIM_SetCompare1                          0x08004161   Thumb Code     4  stm32f10x_tim.o(.text)
    TIM_SetCompare2                          0x08004165   Thumb Code     4  stm32f10x_tim.o(.text)
    TIM_SetCompare3                          0x08004169   Thumb Code     4  stm32f10x_tim.o(.text)
    TIM_SetCompare4                          0x0800416d   Thumb Code     6  stm32f10x_tim.o(.text)
    TIM_SetClockDivision                     0x08004173   Thumb Code    18  stm32f10x_tim.o(.text)
    TIM_GetCapture1                          0x08004185   Thumb Code     6  stm32f10x_tim.o(.text)
    TIM_GetCapture2                          0x0800418b   Thumb Code     6  stm32f10x_tim.o(.text)
    TIM_GetCapture3                          0x08004191   Thumb Code     6  stm32f10x_tim.o(.text)
    TIM_GetCapture4                          0x08004197   Thumb Code     8  stm32f10x_tim.o(.text)
    TIM_GetCounter                           0x0800419f   Thumb Code     6  stm32f10x_tim.o(.text)
    TIM_GetPrescaler                         0x080041a5   Thumb Code     6  stm32f10x_tim.o(.text)
    TIM_GetFlagStatus                        0x080041ab   Thumb Code    18  stm32f10x_tim.o(.text)
    TIM_ClearFlag                            0x080041bd   Thumb Code     6  stm32f10x_tim.o(.text)
    TIM_GetITStatus                          0x080041c3   Thumb Code    34  stm32f10x_tim.o(.text)
    TIM_ClearITPendingBit                    0x080041e5   Thumb Code     6  stm32f10x_tim.o(.text)
    USART_DeInit                             0x080041ed   Thumb Code   134  stm32f10x_usart.o(.text)
    USART_Init                               0x08004273   Thumb Code   210  stm32f10x_usart.o(.text)
    USART_StructInit                         0x08004345   Thumb Code    24  stm32f10x_usart.o(.text)
    USART_ClockInit                          0x0800435d   Thumb Code    34  stm32f10x_usart.o(.text)
    USART_ClockStructInit                    0x0800437f   Thumb Code    12  stm32f10x_usart.o(.text)
    USART_Cmd                                0x0800438b   Thumb Code    24  stm32f10x_usart.o(.text)
    USART_ITConfig                           0x080043a3   Thumb Code    74  stm32f10x_usart.o(.text)
    USART_DMACmd                             0x080043ed   Thumb Code    18  stm32f10x_usart.o(.text)
    USART_SetAddress                         0x080043ff   Thumb Code    18  stm32f10x_usart.o(.text)
    USART_WakeUpConfig                       0x08004411   Thumb Code    18  stm32f10x_usart.o(.text)
    USART_ReceiverWakeUpCmd                  0x08004423   Thumb Code    24  stm32f10x_usart.o(.text)
    USART_LINBreakDetectLengthConfig         0x0800443b   Thumb Code    18  stm32f10x_usart.o(.text)
    USART_LINCmd                             0x0800444d   Thumb Code    24  stm32f10x_usart.o(.text)
    USART_SendData                           0x08004465   Thumb Code     8  stm32f10x_usart.o(.text)
    USART_ReceiveData                        0x0800446d   Thumb Code    10  stm32f10x_usart.o(.text)
    USART_SendBreak                          0x08004477   Thumb Code    10  stm32f10x_usart.o(.text)
    USART_SetGuardTime                       0x08004481   Thumb Code    16  stm32f10x_usart.o(.text)
    USART_SetPrescaler                       0x08004491   Thumb Code    16  stm32f10x_usart.o(.text)
    USART_SmartCardCmd                       0x080044a1   Thumb Code    24  stm32f10x_usart.o(.text)
    USART_SmartCardNACKCmd                   0x080044b9   Thumb Code    24  stm32f10x_usart.o(.text)
    USART_HalfDuplexCmd                      0x080044d1   Thumb Code    24  stm32f10x_usart.o(.text)
    USART_OverSampling8Cmd                   0x080044e9   Thumb Code    22  stm32f10x_usart.o(.text)
    USART_OneBitMethodCmd                    0x080044ff   Thumb Code    24  stm32f10x_usart.o(.text)
    USART_IrDAConfig                         0x08004517   Thumb Code    18  stm32f10x_usart.o(.text)
    USART_IrDACmd                            0x08004529   Thumb Code    24  stm32f10x_usart.o(.text)
    USART_GetFlagStatus                      0x08004541   Thumb Code    26  stm32f10x_usart.o(.text)
    USART_ClearFlag                          0x0800455b   Thumb Code    18  stm32f10x_usart.o(.text)
    USART_GetITStatus                        0x0800456d   Thumb Code    84  stm32f10x_usart.o(.text)
    USART_ClearITPendingBit                  0x080045c1   Thumb Code    52  stm32f10x_usart.o(.text)
    WWDG_DeInit                              0x080045f5   Thumb Code    22  stm32f10x_wwdg.o(.text)
    WWDG_SetPrescaler                        0x0800460b   Thumb Code    18  stm32f10x_wwdg.o(.text)
    WWDG_SetWindowValue                      0x0800461d   Thumb Code    34  stm32f10x_wwdg.o(.text)
    WWDG_EnableIT                            0x0800463f   Thumb Code     8  stm32f10x_wwdg.o(.text)
    WWDG_SetCounter                          0x08004647   Thumb Code    12  stm32f10x_wwdg.o(.text)
    WWDG_Enable                              0x08004653   Thumb Code    12  stm32f10x_wwdg.o(.text)
    WWDG_GetFlagStatus                       0x0800465f   Thumb Code    10  stm32f10x_wwdg.o(.text)
    WWDG_ClearFlag                           0x08004669   Thumb Code    10  stm32f10x_wwdg.o(.text)
    __use_two_region_memory                  0x0800467d   Thumb Code     2  heapauxi.o(.text)
    __rt_heap_escrow$2region                 0x0800467f   Thumb Code     2  heapauxi.o(.text)
    __rt_heap_expand$2region                 0x08004681   Thumb Code     2  heapauxi.o(.text)
    __read_errno                             0x08004683   Thumb Code    10  _rserrno.o(.text)
    __set_errno                              0x0800468d   Thumb Code    12  _rserrno.o(.text)
    __aeabi_errno_addr                       0x08004699   Thumb Code     8  rt_errno_addr_intlibspace.o(.text)
    __errno$intlibspace                      0x08004699   Thumb Code     0  rt_errno_addr_intlibspace.o(.text)
    __rt_errno_addr$intlibspace              0x08004699   Thumb Code     0  rt_errno_addr_intlibspace.o(.text)
    __user_libspace                          0x080046a1   Thumb Code     8  libspace.o(.text)
    __user_perproc_libspace                  0x080046a1   Thumb Code     0  libspace.o(.text)
    __user_perthread_libspace                0x080046a1   Thumb Code     0  libspace.o(.text)
    __user_setup_stackheap                   0x080046a9   Thumb Code    74  sys_stackheap_outer.o(.text)
    exit                                     0x080046f3   Thumb Code    18  exit.o(.text)
    _sys_exit                                0x08004705   Thumb Code     8  sys_exit.o(.text)
    __I$use$semihosting                      0x08004711   Thumb Code     0  use_no_semi.o(.text)
    __use_no_semihosting_swi                 0x08004711   Thumb Code     2  use_no_semi.o(.text)
    __kernel_poly                            0x08004713   Thumb Code   170  poly.o(i.__kernel_poly)
    __semihosting_library_function           0x08004713   Thumb Code     0  indicate_semi.o(.text)
    __mathlib_dbl_divzero                    0x080047bd   Thumb Code    12  dunder.o(i.__mathlib_dbl_divzero)
    __mathlib_dbl_infnan                     0x080047cd   Thumb Code     6  dunder.o(i.__mathlib_dbl_infnan)
    __mathlib_dbl_invalid                    0x080047d3   Thumb Code    12  dunder.o(i.__mathlib_dbl_invalid)
    log                                      0x080047e1   Thumb Code   808  log.o(i.log)
    __aeabi_d2f                              0x08004b3d   Thumb Code     0  d2f.o(x$fpl$d2f)
    _d2f                                     0x08004b3d   Thumb Code    98  d2f.o(x$fpl$d2f)
    __aeabi_dadd                             0x08004ba1   Thumb Code     0  daddsub_clz.o(x$fpl$dadd)
    _dadd                                    0x08004ba1   Thumb Code   332  daddsub_clz.o(x$fpl$dadd)
    __fpl_dcheck_NaN1                        0x08004cf1   Thumb Code    10  dcheck1.o(x$fpl$dcheck1)
    __fpl_dcmp_Inf                           0x08004d01   Thumb Code    24  dcmpi.o(x$fpl$dcmpinf)
    __aeabi_ddiv                             0x08004d19   Thumb Code     0  ddiv.o(x$fpl$ddiv)
    _ddiv                                    0x08004d19   Thumb Code   552  ddiv.o(x$fpl$ddiv)
    __aeabi_cdcmpeq                          0x08004fc9   Thumb Code     0  deqf.o(x$fpl$deqf)
    _dcmpeq                                  0x08004fc9   Thumb Code   120  deqf.o(x$fpl$deqf)
    __aeabi_d2iz                             0x08005041   Thumb Code     0  dfix.o(x$fpl$dfix)
    _dfix                                    0x08005041   Thumb Code    94  dfix.o(x$fpl$dfix)
    __aeabi_i2d                              0x0800509f   Thumb Code     0  dflt_clz.o(x$fpl$dflt)
    _dflt                                    0x0800509f   Thumb Code    46  dflt_clz.o(x$fpl$dflt)
    __aeabi_ui2d                             0x080050cd   Thumb Code     0  dflt_clz.o(x$fpl$dfltu)
    _dfltu                                   0x080050cd   Thumb Code    38  dflt_clz.o(x$fpl$dfltu)
    __aeabi_dmul                             0x080050f5   Thumb Code     0  dmul.o(x$fpl$dmul)
    _dmul                                    0x080050f5   Thumb Code   332  dmul.o(x$fpl$dmul)
    __fpl_dnaninf                            0x08005249   Thumb Code   156  dnaninf.o(x$fpl$dnaninf)
    __fpl_dretinf                            0x080052e5   Thumb Code    12  dretinf.o(x$fpl$dretinf)
    __aeabi_drsub                            0x080052f1   Thumb Code     0  daddsub_clz.o(x$fpl$drsb)
    _drsb                                    0x080052f1   Thumb Code    22  daddsub_clz.o(x$fpl$drsb)
    __aeabi_dsub                             0x08005309   Thumb Code     0  daddsub_clz.o(x$fpl$dsub)
    _dsub                                    0x08005309   Thumb Code   464  daddsub_clz.o(x$fpl$dsub)
    __aeabi_f2d                              0x080054dd   Thumb Code     0  f2d.o(x$fpl$f2d)
    _f2d                                     0x080054dd   Thumb Code    86  f2d.o(x$fpl$f2d)
    __aeabi_fadd                             0x08005535   Thumb Code     0  faddsub_clz.o(x$fpl$fadd)
    _fadd                                    0x08005535   Thumb Code   196  faddsub_clz.o(x$fpl$fadd)
    __fpl_fcmp_Inf                           0x080055f9   Thumb Code    24  fcmpi.o(x$fpl$fcmpinf)
    __aeabi_fdiv                             0x08005611   Thumb Code     0  fdiv.o(x$fpl$fdiv)
    _fdiv                                    0x08005611   Thumb Code   384  fdiv.o(x$fpl$fdiv)
    __aeabi_f2iz                             0x08005795   Thumb Code     0  ffix.o(x$fpl$ffix)
    _ffix                                    0x08005795   Thumb Code    54  ffix.o(x$fpl$ffix)
    __aeabi_i2f                              0x080057cd   Thumb Code     0  fflt_clz.o(x$fpl$fflt)
    _fflt                                    0x080057cd   Thumb Code    48  fflt_clz.o(x$fpl$fflt)
    __aeabi_ui2f                             0x080057fd   Thumb Code     0  fflt_clz.o(x$fpl$ffltu)
    _ffltu                                   0x080057fd   Thumb Code    38  fflt_clz.o(x$fpl$ffltu)
    __aeabi_cfcmple                          0x08005825   Thumb Code     0  fleqf.o(x$fpl$fleqf)
    _fcmple                                  0x08005825   Thumb Code   104  fleqf.o(x$fpl$fleqf)
    __fpl_fcmple_InfNaN                      0x08005877   Thumb Code     0  fleqf.o(x$fpl$fleqf)
    __aeabi_fmul                             0x0800588d   Thumb Code     0  fmul.o(x$fpl$fmul)
    _fmul                                    0x0800588d   Thumb Code   258  fmul.o(x$fpl$fmul)
    __fpl_fnaninf                            0x0800598f   Thumb Code   140  fnaninf.o(x$fpl$fnaninf)
    __fpl_fretinf                            0x08005a1b   Thumb Code    10  fretinf.o(x$fpl$fretinf)
    __aeabi_cfrcmple                         0x08005a25   Thumb Code     0  frleqf.o(x$fpl$frleqf)
    _frcmple                                 0x08005a25   Thumb Code    98  frleqf.o(x$fpl$frleqf)
    __aeabi_frsub                            0x08005a87   Thumb Code     0  faddsub_clz.o(x$fpl$frsb)
    _frsb                                    0x08005a87   Thumb Code    20  faddsub_clz.o(x$fpl$frsb)
    __aeabi_fsub                             0x08005a9d   Thumb Code     0  faddsub_clz.o(x$fpl$fsub)
    _fsub                                    0x08005a9d   Thumb Code   234  faddsub_clz.o(x$fpl$fsub)
    __fpl_return_NaN                         0x08005b87   Thumb Code   100  retnan.o(x$fpl$retnan)
    __ARM_scalbn                             0x08005beb   Thumb Code    92  scalbn.o(x$fpl$scalbn)
    __fpl_cmpreturn                          0x08005c47   Thumb Code    48  trapv.o(x$fpl$trapveneer)
    __I$use$fp                               0x08005c76   Number         0  usenofp.o(x$fpl$usenofp)
    __mathlib_zero                           0x08005cb0   Data           8  qnan.o(.constdata)
    Region$$Table$$Base                      0x08005cb8   Number         0  anon$$obj.o(Region$$Table)
    Region$$Table$$Limit                     0x08005cd8   Number         0  anon$$obj.o(Region$$Table)
    rtc_flag                                 0x20000000   Data           1  main_1.o(.data)
    warkup_flag                              0x20000001   Data           1  main_1.o(.data)
    POWER                                    0x20000004   Data           4  main_1.o(.data)
    TemStatus                                0x20000008   Data           4  main_1.o(.data)
    Braking                                  0x2000000c   Data           4  main_1.o(.data)
    Res_STATUS                               0x20000010   Data           4  main_1.o(.data)
    targetValue                              0x20000014   Data           4  main_1.o(.data)
    timeout                                  0x20000018   Data           4  stm32f10x_it_1.o(.data)
    timeout_18B20                            0x2000001c   Data           1  stm32f10x_it_1.o(.data)
    TIMEcount                                0x2000001d   Data           1  stm32f10x_it_1.o(.data)
    ms_timeout                               0x2000001e   Data           1  stm32f10x_it_1.o(.data)
    LED_stat                                 0x2000001f   Data           1  stm32f10x_it_1.o(.data)
    nRF_Sec                                  0x20000020   Data           1  stm32f10x_it_1.o(.data)
    FAN_SPEED_S                              0x20000024   Data           4  stm32f10x_it_1.o(.data)
    FAN_SPEED_M                              0x20000028   Data           4  stm32f10x_it_1.o(.data)
    FAN_COUNT                                0x2000002c   Data           4  stm32f10x_it_1.o(.data)
    DMA_flag                                 0x20000030   Data           1  stm32f10x_it_1.o(.data)
    motor_flag                               0x20000031   Data           1  stm32f10x_it_1.o(.data)
    Beep_count                               0x20000032   Data           1  stm32f10x_it_1.o(.data)
    nRec1                                    0x20000033   Data           1  stm32f10x_it_1.o(.data)
    R_Data1                                  0x20000034   Data           1  stm32f10x_it_1.o(.data)
    RI1_flag                                 0x20000035   Data           1  stm32f10x_it_1.o(.data)
    nRec2                                    0x20000036   Data           1  stm32f10x_it_1.o(.data)
    R_Data2                                  0x20000037   Data           1  stm32f10x_it_1.o(.data)
    RI2_flag                                 0x20000038   Data           1  stm32f10x_it_1.o(.data)
    Key_Read                                 0x2000003a   Data           2  stm32f10x_it_1.o(.data)
    Key_Save                                 0x2000003c   Data           2  stm32f10x_it_1.o(.data)
    Key_Count                                0x2000003e   Data           2  stm32f10x_it_1.o(.data)
    Key_Value                                0x20000040   Data           2  stm32f10x_it_1.o(.data)
    Key_Value_Save                           0x20000042   Data           2  stm32f10x_it_1.o(.data)
    Key_Press_flag                           0x20000044   Data           2  stm32f10x_it_1.o(.data)
    Voltage_BUS                              0x20000048   Data           4  bsp_monitor.o(.data)
    SystemCoreClock                          0x2000004c   Data           4  system_stm32f10x.o(.data)
    AHBPrescTable                            0x20000050   Data          16  system_stm32f10x.o(.data)
    ADCConvertedValue                        0x20000074   Data          30  main_1.o(.bss)
    ADCValue                                 0x20000094   Data          60  main_1.o(.bss)
    ADCvolt                                  0x200000d0   Data          60  main_1.o(.bss)
    Rx_Buf1                                  0x2000010c   Data          15  stm32f10x_it_1.o(.bss)
    Rx_Buf2                                  0x2000011b   Data          15  stm32f10x_it_1.o(.bss)
    Tx_Buf2                                  0x2000012a   Data          30  stm32f10x_it_1.o(.bss)
    __libspace_start                         0x20000148   Data          96  libspace.o(.bss)
    __temporary_stack_top$libspace           0x200001a8   Data           0  libspace.o(.bss)



==============================================================================

Memory Map of the image

  Image Entry point : 0x080000ed

  Load Region LR_IROM1 (Base: 0x08000000, Size: 0x00005d4c, Max: 0x00020000, ABSOLUTE)

    Execution Region ER_IROM1 (Exec base: 0x08000000, Load base: 0x08000000, Size: 0x00005cd8, Max: 0x00020000, ABSOLUTE)

    Exec Addr    Load Addr    Size         Type   Attr      Idx    E Section Name        Object

    0x08000000   0x08000000   0x000000ec   Data   RO            3    RESET               startup_stm32f10x_md.o
    0x080000ec   0x080000ec   0x00000008   Code   RO          581  * !!!main             c_w.l(__main.o)
    0x080000f4   0x080000f4   0x00000034   Code   RO          849    !!!scatter          c_w.l(__scatter.o)
    0x08000128   0x08000128   0x0000001a   Code   RO          851    !!handler_copy      c_w.l(__scatter_copy.o)
    0x08000142   0x08000142   0x00000002   PAD
    0x08000144   0x08000144   0x0000001c   Code   RO          853    !!handler_zi        c_w.l(__scatter_zi.o)
    0x08000160   0x08000160   0x00000002   Code   RO          716    .ARM.Collect$$libinit$$00000000  c_w.l(libinit.o)
    0x08000162   0x08000162   0x00000000   Code   RO          722    .ARM.Collect$$libinit$$00000002  c_w.l(libinit2.o)
    0x08000162   0x08000162   0x00000000   Code   RO          724    .ARM.Collect$$libinit$$00000004  c_w.l(libinit2.o)
    0x08000162   0x08000162   0x00000000   Code   RO          727    .ARM.Collect$$libinit$$0000000A  c_w.l(libinit2.o)
    0x08000162   0x08000162   0x00000000   Code   RO          729    .ARM.Collect$$libinit$$0000000C  c_w.l(libinit2.o)
    0x08000162   0x08000162   0x00000000   Code   RO          731    .ARM.Collect$$libinit$$0000000E  c_w.l(libinit2.o)
    0x08000162   0x08000162   0x00000000   Code   RO          734    .ARM.Collect$$libinit$$00000011  c_w.l(libinit2.o)
    0x08000162   0x08000162   0x00000000   Code   RO          736    .ARM.Collect$$libinit$$00000013  c_w.l(libinit2.o)
    0x08000162   0x08000162   0x00000000   Code   RO          738    .ARM.Collect$$libinit$$00000015  c_w.l(libinit2.o)
    0x08000162   0x08000162   0x00000000   Code   RO          740    .ARM.Collect$$libinit$$00000017  c_w.l(libinit2.o)
    0x08000162   0x08000162   0x00000000   Code   RO          742    .ARM.Collect$$libinit$$00000019  c_w.l(libinit2.o)
    0x08000162   0x08000162   0x00000000   Code   RO          744    .ARM.Collect$$libinit$$0000001B  c_w.l(libinit2.o)
    0x08000162   0x08000162   0x00000000   Code   RO          746    .ARM.Collect$$libinit$$0000001D  c_w.l(libinit2.o)
    0x08000162   0x08000162   0x00000000   Code   RO          748    .ARM.Collect$$libinit$$0000001F  c_w.l(libinit2.o)
    0x08000162   0x08000162   0x00000000   Code   RO          750    .ARM.Collect$$libinit$$00000021  c_w.l(libinit2.o)
    0x08000162   0x08000162   0x00000000   Code   RO          752    .ARM.Collect$$libinit$$00000023  c_w.l(libinit2.o)
    0x08000162   0x08000162   0x00000000   Code   RO          754    .ARM.Collect$$libinit$$00000025  c_w.l(libinit2.o)
    0x08000162   0x08000162   0x00000000   Code   RO          758    .ARM.Collect$$libinit$$0000002C  c_w.l(libinit2.o)
    0x08000162   0x08000162   0x00000000   Code   RO          760    .ARM.Collect$$libinit$$0000002E  c_w.l(libinit2.o)
    0x08000162   0x08000162   0x00000000   Code   RO          762    .ARM.Collect$$libinit$$00000030  c_w.l(libinit2.o)
    0x08000162   0x08000162   0x00000000   Code   RO          764    .ARM.Collect$$libinit$$00000032  c_w.l(libinit2.o)
    0x08000162   0x08000162   0x00000002   Code   RO          765    .ARM.Collect$$libinit$$00000033  c_w.l(libinit2.o)
    0x08000164   0x08000164   0x00000002   Code   RO          787    .ARM.Collect$$libshutdown$$00000000  c_w.l(libshutdown.o)
    0x08000166   0x08000166   0x00000000   Code   RO          800    .ARM.Collect$$libshutdown$$00000002  c_w.l(libshutdown2.o)
    0x08000166   0x08000166   0x00000000   Code   RO          802    .ARM.Collect$$libshutdown$$00000004  c_w.l(libshutdown2.o)
    0x08000166   0x08000166   0x00000000   Code   RO          804    .ARM.Collect$$libshutdown$$00000006  c_w.l(libshutdown2.o)
    0x08000166   0x08000166   0x00000000   Code   RO          807    .ARM.Collect$$libshutdown$$00000009  c_w.l(libshutdown2.o)
    0x08000166   0x08000166   0x00000000   Code   RO          810    .ARM.Collect$$libshutdown$$0000000C  c_w.l(libshutdown2.o)
    0x08000166   0x08000166   0x00000000   Code   RO          812    .ARM.Collect$$libshutdown$$0000000E  c_w.l(libshutdown2.o)
    0x08000166   0x08000166   0x00000000   Code   RO          815    .ARM.Collect$$libshutdown$$00000011  c_w.l(libshutdown2.o)
    0x08000166   0x08000166   0x00000002   Code   RO          816    .ARM.Collect$$libshutdown$$00000012  c_w.l(libshutdown2.o)
    0x08000168   0x08000168   0x00000000   Code   RO          645    .ARM.Collect$$rtentry$$00000000  c_w.l(__rtentry.o)
    0x08000168   0x08000168   0x00000000   Code   RO          681    .ARM.Collect$$rtentry$$00000002  c_w.l(__rtentry2.o)
    0x08000168   0x08000168   0x00000006   Code   RO          693    .ARM.Collect$$rtentry$$00000004  c_w.l(__rtentry4.o)
    0x0800016e   0x0800016e   0x00000000   Code   RO          683    .ARM.Collect$$rtentry$$00000009  c_w.l(__rtentry2.o)
    0x0800016e   0x0800016e   0x00000004   Code   RO          684    .ARM.Collect$$rtentry$$0000000A  c_w.l(__rtentry2.o)
    0x08000172   0x08000172   0x00000000   Code   RO          686    .ARM.Collect$$rtentry$$0000000C  c_w.l(__rtentry2.o)
    0x08000172   0x08000172   0x00000008   Code   RO          687    .ARM.Collect$$rtentry$$0000000D  c_w.l(__rtentry2.o)
    0x0800017a   0x0800017a   0x00000002   Code   RO          719    .ARM.Collect$$rtexit$$00000000  c_w.l(rtexit.o)
    0x0800017c   0x0800017c   0x00000000   Code   RO          769    .ARM.Collect$$rtexit$$00000002  c_w.l(rtexit2.o)
    0x0800017c   0x0800017c   0x00000004   Code   RO          770    .ARM.Collect$$rtexit$$00000003  c_w.l(rtexit2.o)
    0x08000180   0x08000180   0x00000006   Code   RO          771    .ARM.Collect$$rtexit$$00000004  c_w.l(rtexit2.o)
    0x08000186   0x08000186   0x00000002   PAD
    0x08000188   0x08000188   0x00000040   Code   RO            4    .text               startup_stm32f10x_md.o
    0x080001c8   0x080001c8   0x0000030c   Code   RO           10    .text               main_1.o
    0x080004d4   0x080004d4   0x00000414   Code   RO          148    .text               stm32f10x_it_1.o
    0x080008e8   0x080008e8   0x00000160   Code   RO          172    .text               bsp_adc.o
    0x08000a48   0x08000a48   0x0000015c   Code   RO          194    .text               bsp_gpio.o
    0x08000ba4   0x08000ba4   0x00000040   Code   RO          227    .text               bsp_led.o
    0x08000be4   0x08000be4   0x00000428   Code   RO          242    .text               bsp_tmc4671.o
    0x0800100c   0x0800100c   0x00000298   Code   RO          254    .text               bsp_uart.o
    0x080012a4   0x080012a4   0x000000d8   Code   RO          269    .text               bsp_uart_process.o
    0x0800137c   0x0800137c   0x00000380   Code   RO          284    .text               bsp_monitor.o
    0x080016fc   0x080016fc   0x0000007c   Code   RO          315    .text               bsp_turboctrl.o
    0x08001778   0x08001778   0x000001e0   Code   RO          336    .text               system_stm32f10x.o
    0x08001958   0x08001958   0x000000dc   Code   RO          371    .text               misc.o
    0x08001a34   0x08001a34   0x0000044e   Code   RO          383    .text               stm32f10x_adc.o
    0x08001e82   0x08001e82   0x00000002   PAD
    0x08001e84   0x08001e84   0x00000254   Code   RO          431    .text               stm32f10x_dma.o
    0x080020d8   0x080020d8   0x0000011c   Code   RO          443    .text               stm32f10x_exti.o
    0x080021f4   0x080021f4   0x000005bc   Code   RO          455    .text               stm32f10x_flash.o
    0x080027b0   0x080027b0   0x0000035c   Code   RO          467    .text               stm32f10x_gpio.o
    0x08002b0c   0x08002b0c   0x000000cc   Code   RO          491    .text               stm32f10x_pwr.o
    0x08002bd8   0x08002bd8   0x000003a4   Code   RO          503    .text               stm32f10x_rcc.o
    0x08002f7c   0x08002f7c   0x00000148   Code   RO          517    .text               stm32f10x_rtc.o
    0x080030c4   0x080030c4   0x0000030c   Code   RO          529    .text               stm32f10x_spi.o
    0x080033d0   0x080033d0   0x00000e1a   Code   RO          541    .text               stm32f10x_tim.o
    0x080041ea   0x080041ea   0x00000002   PAD
    0x080041ec   0x080041ec   0x00000408   Code   RO          553    .text               stm32f10x_usart.o
    0x080045f4   0x080045f4   0x00000088   Code   RO          565    .text               stm32f10x_wwdg.o
    0x0800467c   0x0800467c   0x00000006   Code   RO          579    .text               c_w.l(heapauxi.o)
    0x08004682   0x08004682   0x00000016   Code   RO          646    .text               c_w.l(_rserrno.o)
    0x08004698   0x08004698   0x00000008   Code   RO          698    .text               c_w.l(rt_errno_addr_intlibspace.o)
    0x080046a0   0x080046a0   0x00000008   Code   RO          704    .text               c_w.l(libspace.o)
    0x080046a8   0x080046a8   0x0000004a   Code   RO          707    .text               c_w.l(sys_stackheap_outer.o)
    0x080046f2   0x080046f2   0x00000012   Code   RO          709    .text               c_w.l(exit.o)
    0x08004704   0x08004704   0x0000000c   Code   RO          779    .text               c_w.l(sys_exit.o)
    0x08004710   0x08004710   0x00000002   Code   RO          790    .text               c_w.l(use_no_semi.o)
    0x08004712   0x08004712   0x00000000   Code   RO          792    .text               c_w.l(indicate_semi.o)
    0x08004712   0x08004712   0x000000aa   Code   RO          677    i.__kernel_poly     m_ws.l(poly.o)
    0x080047bc   0x080047bc   0x00000010   Code   RO          663    i.__mathlib_dbl_divzero  m_ws.l(dunder.o)
    0x080047cc   0x080047cc   0x00000006   Code   RO          664    i.__mathlib_dbl_infnan  m_ws.l(dunder.o)
    0x080047d2   0x080047d2   0x0000000c   Code   RO          666    i.__mathlib_dbl_invalid  m_ws.l(dunder.o)
    0x080047de   0x080047de   0x00000002   PAD
    0x080047e0   0x080047e0   0x0000035c   Code   RO          636    i.log               m_ws.l(log.o)
    0x08004b3c   0x08004b3c   0x00000062   Code   RO          583    x$fpl$d2f           fz_ws.l(d2f.o)
    0x08004b9e   0x08004b9e   0x00000002   PAD
    0x08004ba0   0x08004ba0   0x00000150   Code   RO          585    x$fpl$dadd          fz_ws.l(daddsub_clz.o)
    0x08004cf0   0x08004cf0   0x00000010   Code   RO          700    x$fpl$dcheck1       fz_ws.l(dcheck1.o)
    0x08004d00   0x08004d00   0x00000018   Code   RO          702    x$fpl$dcmpinf       fz_ws.l(dcmpi.o)
    0x08004d18   0x08004d18   0x000002b0   Code   RO          592    x$fpl$ddiv          fz_ws.l(ddiv.o)
    0x08004fc8   0x08004fc8   0x00000078   Code   RO          648    x$fpl$deqf          fz_ws.l(deqf.o)
    0x08005040   0x08005040   0x0000005e   Code   RO          595    x$fpl$dfix          fz_ws.l(dfix.o)
    0x0800509e   0x0800509e   0x0000002e   Code   RO          600    x$fpl$dflt          fz_ws.l(dflt_clz.o)
    0x080050cc   0x080050cc   0x00000026   Code   RO          599    x$fpl$dfltu         fz_ws.l(dflt_clz.o)
    0x080050f2   0x080050f2   0x00000002   PAD
    0x080050f4   0x080050f4   0x00000154   Code   RO          605    x$fpl$dmul          fz_ws.l(dmul.o)
    0x08005248   0x08005248   0x0000009c   Code   RO          650    x$fpl$dnaninf       fz_ws.l(dnaninf.o)
    0x080052e4   0x080052e4   0x0000000c   Code   RO          652    x$fpl$dretinf       fz_ws.l(dretinf.o)
    0x080052f0   0x080052f0   0x00000016   Code   RO          586    x$fpl$drsb          fz_ws.l(daddsub_clz.o)
    0x08005306   0x08005306   0x00000002   PAD
    0x08005308   0x08005308   0x000001d4   Code   RO          587    x$fpl$dsub          fz_ws.l(daddsub_clz.o)
    0x080054dc   0x080054dc   0x00000056   Code   RO          607    x$fpl$f2d           fz_ws.l(f2d.o)
    0x08005532   0x08005532   0x00000002   PAD
    0x08005534   0x08005534   0x000000c4   Code   RO          609    x$fpl$fadd          fz_ws.l(faddsub_clz.o)
    0x080055f8   0x080055f8   0x00000018   Code   RO          654    x$fpl$fcmpinf       fz_ws.l(fcmpi.o)
    0x08005610   0x08005610   0x00000184   Code   RO          616    x$fpl$fdiv          fz_ws.l(fdiv.o)
    0x08005794   0x08005794   0x00000036   Code   RO          619    x$fpl$ffix          fz_ws.l(ffix.o)
    0x080057ca   0x080057ca   0x00000002   PAD
    0x080057cc   0x080057cc   0x00000030   Code   RO          624    x$fpl$fflt          fz_ws.l(fflt_clz.o)
    0x080057fc   0x080057fc   0x00000026   Code   RO          623    x$fpl$ffltu         fz_ws.l(fflt_clz.o)
    0x08005822   0x08005822   0x00000002   PAD
    0x08005824   0x08005824   0x00000068   Code   RO          629    x$fpl$fleqf         fz_ws.l(fleqf.o)
    0x0800588c   0x0800588c   0x00000102   Code   RO          631    x$fpl$fmul          fz_ws.l(fmul.o)
    0x0800598e   0x0800598e   0x0000008c   Code   RO          656    x$fpl$fnaninf       fz_ws.l(fnaninf.o)
    0x08005a1a   0x08005a1a   0x0000000a   Code   RO          658    x$fpl$fretinf       fz_ws.l(fretinf.o)
    0x08005a24   0x08005a24   0x00000062   Code   RO          633    x$fpl$frleqf        fz_ws.l(frleqf.o)
    0x08005a86   0x08005a86   0x00000014   Code   RO          610    x$fpl$frsb          fz_ws.l(faddsub_clz.o)
    0x08005a9a   0x08005a9a   0x00000002   PAD
    0x08005a9c   0x08005a9c   0x000000ea   Code   RO          611    x$fpl$fsub          fz_ws.l(faddsub_clz.o)
    0x08005b86   0x08005b86   0x00000064   Code   RO          717    x$fpl$retnan        fz_ws.l(retnan.o)
    0x08005bea   0x08005bea   0x0000005c   Code   RO          660    x$fpl$scalbn        fz_ws.l(scalbn.o)
    0x08005c46   0x08005c46   0x00000030   Code   RO          766    x$fpl$trapveneer    fz_ws.l(trapv.o)
    0x08005c76   0x08005c76   0x00000000   Code   RO          662    x$fpl$usenofp       fz_ws.l(usenofp.o)
    0x08005c76   0x08005c76   0x00000002   PAD
    0x08005c78   0x08005c78   0x00000038   Data   RO          637    .constdata          m_ws.l(log.o)
    0x08005cb0   0x08005cb0   0x00000008   Data   RO          679    .constdata          m_ws.l(qnan.o)
    0x08005cb8   0x08005cb8   0x00000020   Data   RO          847    Region$$Table       anon$$obj.o


    Execution Region RW_IRAM1 (Exec base: 0x20000000, Load base: 0x08005cd8, Size: 0x000007a8, Max: 0x00005000, ABSOLUTE)

    Exec Addr    Load Addr    Size         Type   Attr      Idx    E Section Name        Object

    0x20000000   0x08005cd8   0x00000018   Data   RW           12    .data               main_1.o
    0x20000018   0x08005cf0   0x0000002e   Data   RW          150    .data               stm32f10x_it_1.o
    0x20000046   0x08005d1e   0x00000002   PAD
    0x20000048   0x08005d20   0x00000004   Data   RW          285    .data               bsp_monitor.o
    0x2000004c   0x08005d24   0x00000014   Data   RW          337    .data               system_stm32f10x.o
    0x20000060   0x08005d38   0x00000014   Data   RW          504    .data               stm32f10x_rcc.o
    0x20000074        -       0x00000098   Zero   RW           11    .bss                main_1.o
    0x2000010c        -       0x0000003c   Zero   RW          149    .bss                stm32f10x_it_1.o
    0x20000148        -       0x00000060   Zero   RW          705    .bss                c_w.l(libspace.o)
    0x200001a8        -       0x00000200   Zero   RW            2    HEAP                startup_stm32f10x_md.o
    0x200003a8        -       0x00000400   Zero   RW            1    STACK               startup_stm32f10x_md.o


==============================================================================

Image component sizes


      Code (inc. data)   RO Data    RW Data    ZI Data      Debug   Object Name

       352         14          0          0          0        683   bsp_adc.o
       348         18          0          0          0        653   bsp_gpio.o
        64         18          0          0          0        444   bsp_led.o
       896        112          0          4          0       2440   bsp_monitor.o
      1064         48          0          0          0       3019   bsp_tmc4671.o
       124         22          0          0          0        580   bsp_turboctrl.o
       664         34          0          0          0       1533   bsp_uart.o
       216         16          0          0          0       1734   bsp_uart_process.o
       780         28          0         24        152     304142   main_1.o
       220         22          0          0          0       1861   misc.o
        64         26        236          0       1536        856   startup_stm32f10x_md.o
      1102         26          0          0          0      11105   stm32f10x_adc.o
       596          8          0          0          0       4426   stm32f10x_dma.o
       284         10          0          0          0       2323   stm32f10x_exti.o
      1468         34          0          0          0       8266   stm32f10x_flash.o
       860         38          0          0          0       5793   stm32f10x_gpio.o
      1044        106          0         46         60       5247   stm32f10x_it_1.o
       204         14          0          0          0       1971   stm32f10x_pwr.o
       932         36          0         20          0       8972   stm32f10x_rcc.o
       328          4          0          0          0       2742   stm32f10x_rtc.o
       780         14          0          0          0       6678   stm32f10x_spi.o
      3610         88          0          0          0      22908   stm32f10x_tim.o
      1032         22          0          0          0       8520   stm32f10x_usart.o
       136         10          0          0          0       2352   stm32f10x_wwdg.o
       480         38          0         20          0       1787   system_stm32f10x.o

    ----------------------------------------------------------------------
     17652        806        268        116       1748     411035   Object Totals
         0          0         32          0          0          0   (incl. Generated)
         4          0          0          2          0          0   (incl. Padding)

    ----------------------------------------------------------------------

      Code (inc. data)   RO Data    RW Data    ZI Data      Debug   Library Member Name

         8          0          0          0          0         68   __main.o
         0          0          0          0          0          0   __rtentry.o
        12          0          0          0          0          0   __rtentry2.o
         6          0          0          0          0          0   __rtentry4.o
        52          8          0          0          0          0   __scatter.o
        26          0          0          0          0          0   __scatter_copy.o
        28          0          0          0          0          0   __scatter_zi.o
        22          0          0          0          0        100   _rserrno.o
        18          0          0          0          0         80   exit.o
         6          0          0          0          0        152   heapauxi.o
         0          0          0          0          0          0   indicate_semi.o
         2          0          0          0          0          0   libinit.o
         2          0          0          0          0          0   libinit2.o
         2          0          0          0          0          0   libshutdown.o
         2          0          0          0          0          0   libshutdown2.o
         8          4          0          0         96         68   libspace.o
         8          4          0          0          0         68   rt_errno_addr_intlibspace.o
         2          0          0          0          0          0   rtexit.o
        10          0          0          0          0          0   rtexit2.o
        12          4          0          0          0         68   sys_exit.o
        74          0          0          0          0         80   sys_stackheap_outer.o
         2          0          0          0          0         68   use_no_semi.o
        98          4          0          0          0         92   d2f.o
       826         16          0          0          0        348   daddsub_clz.o
        16          4          0          0          0         68   dcheck1.o
        24          0          0          0          0         68   dcmpi.o
       688        140          0          0          0        208   ddiv.o
       120          4          0          0          0         92   deqf.o
        94          4          0          0          0         92   dfix.o
        84          0          0          0          0        136   dflt_clz.o
       340         12          0          0          0        104   dmul.o
       156          4          0          0          0         92   dnaninf.o
        12          0          0          0          0         68   dretinf.o
        86          4          0          0          0         84   f2d.o
       450          8          0          0          0        236   faddsub_clz.o
        24          0          0          0          0         68   fcmpi.o
       388         76          0          0          0         96   fdiv.o
        54          4          0          0          0         84   ffix.o
        86          0          0          0          0        136   fflt_clz.o
       104          4          0          0          0         84   fleqf.o
       258          4          0          0          0         84   fmul.o
       140          4          0          0          0         84   fnaninf.o
        10          0          0          0          0         68   fretinf.o
        98          0          0          0          0         68   frleqf.o
       100          0          0          0          0         68   retnan.o
        92          0          0          0          0         68   scalbn.o
        48          0          0          0          0         68   trapv.o
         0          0          0          0          0          0   usenofp.o
        34          4          0          0          0        204   dunder.o
       860         52         56          0          0        256   log.o
       170          0          0          0          0         96   poly.o
         0          0          8          0          0          0   qnan.o

    ----------------------------------------------------------------------
      5784        368         64          0         96       3972   Library Totals
        22          0          0          0          0          0   (incl. Padding)

    ----------------------------------------------------------------------

      Code (inc. data)   RO Data    RW Data    ZI Data      Debug   Library Name

       302         20          0          0         96        752   c_w.l
      4396        292          0          0          0       2664   fz_ws.l
      1064         56         64          0          0        556   m_ws.l

    ----------------------------------------------------------------------
      5784        368         64          0         96       3972   Library Totals

    ----------------------------------------------------------------------

==============================================================================


      Code (inc. data)   RO Data    RW Data    ZI Data      Debug   

     23436       1174        332        116       1844     410219   Grand Totals
     23436       1174        332        116       1844     410219   ELF Image Totals
     23436       1174        332        116          0          0   ROM Totals

==============================================================================

    Total RO  Size (Code + RO Data)                23768 (  23.21kB)
    Total RW  Size (RW Data + ZI Data)              1960 (   1.91kB)
    Total ROM Size (Code + RO Data + RW Data)      23884 (  23.32kB)

==============================================================================

