Component: ARM Compiler 5.06 update 7 (build 960) Tool: armlink [4d3601]

==============================================================================

Section Cross References

    startup_stm32f10x_md.o(STACK) refers (Special) to heapauxi.o(.text) for __use_two_region_memory
    startup_stm32f10x_md.o(HEAP) refers (Special) to heapauxi.o(.text) for __use_two_region_memory
    startup_stm32f10x_md.o(RESET) refers (Special) to heapauxi.o(.text) for __use_two_region_memory
    startup_stm32f10x_md.o(RESET) refers to startup_stm32f10x_md.o(STACK) for __initial_sp
    startup_stm32f10x_md.o(RESET) refers to startup_stm32f10x_md.o(.text) for Reset_Handler
    startup_stm32f10x_md.o(RESET) refers to stm32f10x_it.o(.text) for NMI_Handler
    startup_stm32f10x_md.o(.text) refers (Special) to heapauxi.o(.text) for __use_two_region_memory
    startup_stm32f10x_md.o(.text) refers to system_stm32f10x.o(.text) for SystemInit
    startup_stm32f10x_md.o(.text) refers to __main.o(!!!main) for __main
    startup_stm32f10x_md.o(.text) refers to startup_stm32f10x_md.o(HEAP) for Heap_Mem
    startup_stm32f10x_md.o(.text) refers to startup_stm32f10x_md.o(STACK) for Stack_Mem
    system_stm32f10x.o(.text) refers to system_stm32f10x.o(.data) for SystemCoreClock
    main.o(.text) refers to stm32f10x_rcc.o(.text) for RCC_APB1PeriphClockCmd
    main.o(.text) refers to stm32f10x_tim.o(.text) for TIM_DeInit
    main.o(.text) refers to misc.o(.text) for NVIC_Init
    main.o(.text) refers to stm32f10x_flash.o(.text) for FLASH_PrefetchBufferCmd
    main.o(.text) refers to gpio.o(.text) for GPIO_Configuration
    main.o(.text) refers to uart.o(.text) for InitUsart2
    main.o(.text) refers to stm32f10x_gpio.o(.text) for GPIO_ResetBits
    main.o(.text) refers to adc.o(.text) for ADC1_MODE_CONFIG
    main.o(.text) refers to faddsub_clz.o(x$fpl$fadd) for __aeabi_fadd
    main.o(.text) refers to fflt_clz.o(x$fpl$fflt) for __aeabi_i2f
    main.o(.text) refers to fflt_clz.o(x$fpl$ffltu) for __aeabi_ui2f
    main.o(.text) refers to faddsub_clz.o(x$fpl$frsb) for __aeabi_frsub
    main.o(.text) refers to fmul.o(x$fpl$fmul) for __aeabi_fmul
    main.o(.text) refers to fdiv.o(x$fpl$fdiv) for __aeabi_fdiv
    main.o(.text) refers to f2d.o(x$fpl$f2d) for __aeabi_f2d
    main.o(.text) refers to log.o(i.log) for log
    main.o(.text) refers to ddiv.o(x$fpl$ddiv) for __aeabi_ddiv
    main.o(.text) refers to daddsub_clz.o(x$fpl$dadd) for __aeabi_dadd
    main.o(.text) refers to daddsub_clz.o(x$fpl$dsub) for __aeabi_dsub
    main.o(.text) refers to d2f.o(x$fpl$d2f) for __aeabi_d2f
    main.o(.text) refers to stm32f10x_wwdg.o(.text) for WWDG_SetCounter
    main.o(.text) refers to tmc4671.o(.text) for init_TMC4671
    main.o(.text) refers to dmul.o(x$fpl$dmul) for __aeabi_dmul
    main.o(.text) refers to dfix.o(x$fpl$dfix) for __aeabi_d2iz
    main.o(.text) refers to main.o(.bss) for ADCConvertedValue
    main.o(.text) refers to stm32f10x_it.o(.data) for timeout
    main.o(.text) refers to fleqf.o(x$fpl$fleqf) for __aeabi_cfcmple
    main.o(.text) refers to frleqf.o(x$fpl$frleqf) for __aeabi_cfrcmple
    main.o(.text) refers to uart_process.o(.text) for usart2_send
    main.o(.text) refers to main.o(.data) for TEMSTATUS
    main.o(.text) refers to stm32f10x_it.o(.bss) for Rx_Buf2
    stm32f10x_it.o(.text) refers to stm32f10x_tim.o(.text) for TIM_GetITStatus
    stm32f10x_it.o(.text) refers to stm32f10x_gpio.o(.text) for GPIO_SetBits
    stm32f10x_it.o(.text) refers to stm32f10x_spi.o(.text) for SPI_I2S_GetITStatus
    stm32f10x_it.o(.text) refers to stm32f10x_rtc.o(.text) for RTC_GetITStatus
    stm32f10x_it.o(.text) refers to stm32f10x_exti.o(.text) for EXTI_ClearITPendingBit
    stm32f10x_it.o(.text) refers to stm32f10x_pwr.o(.text) for PWR_GetFlagStatus
    stm32f10x_it.o(.text) refers to stm32f10x_dma.o(.text) for DMA_GetITStatus
    stm32f10x_it.o(.text) refers to stm32f10x_usart.o(.text) for USART_GetITStatus
    stm32f10x_it.o(.text) refers to stm32f10x_it.o(.data) for timeout
    stm32f10x_it.o(.text) refers to main.o(.data) for rtc_flag
    stm32f10x_it.o(.text) refers to stm32f10x_it.o(.bss) for Rx_Buf2
    tmc4671.o(.text) refers to stm32f10x_spi.o(.text) for SPI_Init
    tmc4671.o(.text) refers to stm32f10x_rcc.o(.text) for RCC_APB1PeriphClockCmd
    tmc4671.o(.text) refers to stm32f10x_gpio.o(.text) for GPIO_Init
    uart.o(.text) refers to stm32f10x_rcc.o(.text) for RCC_APB1PeriphClockCmd
    uart.o(.text) refers to stm32f10x_gpio.o(.text) for GPIO_Init
    uart.o(.text) refers to stm32f10x_usart.o(.text) for USART_ITConfig
    uart.o(.text) refers to misc.o(.text) for NVIC_Init
    uart.o(.text) refers to stm32f10x_it.o(.data) for nRec1
    uart_process.o(.text) refers to stm32f10x_usart.o(.text) for USART_GetFlagStatus
    gpio.o(.text) refers to stm32f10x_gpio.o(.text) for GPIO_PinRemapConfig
    adc.o(.text) refers to stm32f10x_rcc.o(.text) for RCC_AHBPeriphClockCmd
    adc.o(.text) refers to stm32f10x_dma.o(.text) for DMA_DeInit
[...]
    .ARM.Collect$$libshutdown$$0000000E      0x08000166   Section        0  libshutdown2.o(.ARM.Collect$$libshutdown$$0000000E)
    .ARM.Collect$$libshutdown$$00000011      0x08000166   Section        0  libshutdown2.o(.ARM.Collect$$libshutdown$$00000011)
    .ARM.Collect$$libshutdown$$00000012      0x08000166   Section        2  libshutdown2.o(.ARM.Collect$$libshutdown$$00000012)
    .ARM.Collect$$rtentry$$00000000          0x08000168   Section        0  __rtentry.o(.ARM.Collect$$rtentry$$00000000)
    .ARM.Collect$$rtentry$$00000002          0x08000168   Section        0  __rtentry2.o(.ARM.Collect$$rtentry$$00000002)
    .ARM.Collect$$rtentry$$00000004          0x08000168   Section        6  __rtentry4.o(.ARM.Collect$$rtentry$$00000004)
    .ARM.Collect$$rtentry$$00000009          0x0800016e   Section        0  __rtentry2.o(.ARM.Collect$$rtentry$$00000009)
    .ARM.Collect$$rtentry$$0000000A          0x0800016e   Section        4  __rtentry2.o(.ARM.Collect$$rtentry$$0000000A)
    .ARM.Collect$$rtentry$$0000000C          0x08000172   Section        0  __rtentry2.o(.ARM.Collect$$rtentry$$0000000C)
    .ARM.Collect$$rtentry$$0000000D          0x08000172   Section        8  __rtentry2.o(.ARM.Collect$$rtentry$$0000000D)
    .ARM.Collect$$rtexit$$00000000           0x0800017a   Section        2  rtexit.o(.ARM.Collect$$rtexit$$00000000)
    .ARM.Collect$$rtexit$$00000002           0x0800017c   Section        0  rtexit2.o(.ARM.Collect$$rtexit$$00000002)
    .ARM.Collect$$rtexit$$00000003           0x0800017c   Section        4  rtexit2.o(.ARM.Collect$$rtexit$$00000003)
    .ARM.Collect$$rtexit$$00000004           0x08000180   Section        6  rtexit2.o(.ARM.Collect$$rtexit$$00000004)
    .text                                    0x08000188   Section       64  startup_stm32f10x_md.o(.text)
    .text                                    0x080001c8   Section        0  system_stm32f10x.o(.text)
    SetSysClockTo72                          0x080001c9   Thumb Code   214  system_stm32f10x.o(.text)
    SetSysClock                              0x0800029f   Thumb Code     8  system_stm32f10x.o(.text)
    .text                                    0x080003a8   Section        0  main.o(.text)
    .text                                    0x08000ac4   Section        0  stm32f10x_it.o(.text)
    .text                                    0x08000ed8   Section        0  tmc4671.o(.text)
    .text                                    0x08001300   Section        0  uart.o(.text)
    .text                                    0x08001598   Section        0  uart_process.o(.text)
    .text                                    0x08001670   Section        0  gpio.o(.text)
    .text                                    0x080017cc   Section        0  adc.o(.text)
    .text                                    0x08001a38   Section        0  misc.o(.text)
    .text                                    0x08001b14   Section        0  stm32f10x_adc.o(.text)
    .text                                    0x08001f64   Section        0  stm32f10x_dma.o(.text)
    .text                                    0x080021b8   Section        0  stm32f10x_exti.o(.text)
    .text                                    0x080022d4   Section        0  stm32f10x_flash.o(.text)
    .text                                    0x08002890   Section        0  stm32f10x_gpio.o(.text)
    .text                                    0x08002bec   Section        0  stm32f10x_pwr.o(.text)
    .text                                    0x08002cb8   Section        0  stm32f10x_rcc.o(.text)
    .text                                    0x0800305c   Section        0  stm32f10x_rtc.o(.text)
    .text                                    0x080031a4   Section        0  stm32f10x_spi.o(.text)
    .text                                    0x080034b0   Section        0  stm32f10x_tim.o(.text)
    TI4_Config                               0x08003957   Thumb Code   130  stm32f10x_tim.o(.text)
    TI3_Config                               0x080039eb   Thumb Code   122  stm32f10x_tim.o(.text)
    TI2_Config                               0x08003a7f   Thumb Code   130  stm32f10x_tim.o(.text)
    TI1_Config                               0x08003b13   Thumb Code   108  stm32f10x_tim.o(.text)
    .text                                    0x080042cc   Section        0  stm32f10x_usart.o(.text)
    .text                                    0x080046d4   Section        0  stm32f10x_wwdg.o(.text)
    .text                                    0x0800475c   Section        0  heapauxi.o(.text)
    .text                                    0x08004762   Section        0  _rserrno.o(.text)
    .text                                    0x08004778   Section        8  rt_errno_addr_intlibspace.o(.text)
    .text                                    0x08004780   Section        8  libspace.o(.text)
    .text                                    0x08004788   Section       74  sys_stackheap_outer.o(.text)
    .text                                    0x080047d2   Section        0  exit.o(.text)
    .text                                    0x080047e4   Section        0  sys_exit.o(.text)
    .text                                    0x080047f0   Section        2  use_no_semi.o(.text)
    .text                                    0x080047f2   Section        0  indicate_semi.o(.text)
    i.__kernel_poly                          0x080047f2   Section        0  poly.o(i.__kernel_poly)
    i.__mathlib_dbl_divzero                  0x0800489c   Section        0  dunder.o(i.__mathlib_dbl_divzero)
    i.__mathlib_dbl_infnan                   0x080048ac   Section        0  dunder.o(i.__mathlib_dbl_infnan)
    i.__mathlib_dbl_invalid                  0x080048b2   Section        0  dunder.o(i.__mathlib_dbl_invalid)
    i.log                                    0x080048c0   Section        0  log.o(i.log)
    x$fpl$d2f                                0x08004c1c   Section       98  d2f.o(x$fpl$d2f)
    x$fpl$dadd                               0x08004c80   Section      336  daddsub_clz.o(x$fpl$dadd)
    _dadd1                                   0x08004c91   Thumb Code     0  daddsub_clz.o(x$fpl$dadd)
    x$fpl$dcheck1                            0x08004dd0   Section       16  dcheck1.o(x$fpl$dcheck1)
    x$fpl$dcmpinf                            0x08004de0   Section       24  dcmpi.o(x$fpl$dcmpinf)
    x$fpl$ddiv                               0x08004df8   Section      688  ddiv.o(x$fpl$ddiv)
    ddiv_entry                               0x08004dff   Thumb Code     0  ddiv.o(x$fpl$ddiv)
    x$fpl$deqf                               0x080050a8   Section      120  deqf.o(x$fpl$deqf)
    x$fpl$dfix                               0x08005120   Section       94  dfix.o(x$fpl$dfix)
    x$fpl$dflt                               0x0800517e   Section       46  dflt_clz.o(x$fpl$dflt)
    x$fpl$dmul                               0x080051ac   Section      340  dmul.o(x$fpl$dmul)
    x$fpl$dnaninf                            0x08005300   Section      156  dnaninf.o(x$fpl$dnaninf)
    x$fpl$dretinf                            0x0800539c   Section       12  dretinf.o(x$fpl$dretinf)
    x$fpl$drsb                               0x080053a8   Section       22  daddsub_clz.o(x$fpl$drsb)
    x$fpl$dsub                               0x080053c0   Section      468  daddsub_clz.o(x$fpl$dsub)
    _dsub1                                   0x080053d1   Thumb Code     0  daddsub_clz.o(x$fpl$dsub)
    x$fpl$f2d                                0x08005594   Section       86  f2d.o(x$fpl$f2d)
    x$fpl$fadd                               0x080055ec   Section      196  faddsub_clz.o(x$fpl$fadd)
    _fadd1                                   0x080055fb   Thumb Code     0  faddsub_clz.o(x$fpl$fadd)
    x$fpl$fcmpinf                            0x080056b0   Section       24  fcmpi.o(x$fpl$fcmpinf)
    x$fpl$fdiv                               0x080056c8   Section      388  fdiv.o(x$fpl$fdiv)
    _fdiv1                                   0x080056c9   Thumb Code     0  fdiv.o(x$fpl$fdiv)
    x$fpl$fflt                               0x0800584c   Section       48  fflt_clz.o(x$fpl$fflt)
    x$fpl$ffltu                              0x0800587c   Section       38  fflt_clz.o(x$fpl$ffltu)
    x$fpl$fleqf                              0x080058a4   Section      104  fleqf.o(x$fpl$fleqf)
    x$fpl$fmul                               0x0800590c   Section      258  fmul.o(x$fpl$fmul)
    x$fpl$fnaninf                            0x08005a0e   Section      140  fnaninf.o(x$fpl$fnaninf)
    x$fpl$fretinf                            0x08005a9a   Section       10  fretinf.o(x$fpl$fretinf)
    x$fpl$frleqf                             0x08005aa4   Section       98  frleqf.o(x$fpl$frleqf)
    x$fpl$frsb                               0x08005b06   Section       20  faddsub_clz.o(x$fpl$frsb)
    x$fpl$fsub                               0x08005b1c   Section      234  faddsub_clz.o(x$fpl$fsub)
    _fsub1                                   0x08005b2b   Thumb Code     0  faddsub_clz.o(x$fpl$fsub)
    x$fpl$retnan                             0x08005c06   Section      100  retnan.o(x$fpl$retnan)
    x$fpl$scalbn                             0x08005c6a   Section       92  scalbn.o(x$fpl$scalbn)
    x$fpl$trapveneer                         0x08005cc6   Section       48  trapv.o(x$fpl$trapveneer)
    x$fpl$usenofp                            0x08005cf6   Section        0  usenofp.o(x$fpl$usenofp)
    .constdata                               0x08005cf8   Section       56  log.o(.constdata)
    Lg2                                      0x08005cf8   Data          24  log.o(.constdata)
    Lg                                       0x08005d10   Data          32  log.o(.constdata)
    .constdata                               0x08005d30   Section        8  qnan.o(.constdata)
    .data                                    0x20000000   Section       20  system_stm32f10x.o(.data)
    .data                                    0x20000014   Section       28  main.o(.data)
    .data                                    0x20000030   Section       46  stm32f10x_it.o(.data)
    .data                                    0x2000005e   Section       20  stm32f10x_rcc.o(.data)
    APBAHBPrescTable                         0x2000005e   Data          16  stm32f10x_rcc.o(.data)
    ADCPrescTable                            0x2000006e   Data           4  stm32f10x_rcc.o(.data)
    .bss                                     0x20000074   Section      152  main.o(.bss)
    .bss                                     0x2000010c   Section       60  stm32f10x_it.o(.bss)
    .bss                                     0x20000148   Section       96  libspace.o(.bss)
    HEAP                                     0x200001a8   Section      512  startup_stm32f10x_md.o(HEAP)
    Heap_Mem                                 0x200001a8   Data         512  startup_stm32f10x_md.o(HEAP)
    STACK                                    0x200003a8   Section     1024  startup_stm32f10x_md.o(STACK)
    Stack_Mem                                0x200003a8   Data        1024  startup_stm32f10x_md.o(STACK)
    __initial_sp                             0x200007a8   Data           0  startup_stm32f10x_md.o(STACK)

    Global Symbols

    Symbol Name                              Value     Ov Type        Size  Object(Section)

    BuildAttributes$$THM_ISAv4$P$D$K$B$S$PE$A:L22UL41UL21$X:L11$S22US41US21$IEEE1$IW$USESV6$~STKCKD$USESV7$~SHL$OTIME$ROPI$IEEEX$EBA8$UX$STANDARDLIB$REQ8$PRES8$EABIv2 0x00000000   Number         0  anon$$obj.o ABSOLUTE
    __ARM_use_no_argv                        0x00000000   Number         0  main.o ABSOLUTE
    __ARM_exceptions_init                     - Undefined Weak Reference
    __alloca_initialize                       - Undefined Weak Reference
    __arm_fini_                               - Undefined Weak Reference
    __arm_preinit_                            - Undefined Weak Reference
    __cpp_initialize__aeabi_                  - Undefined Weak Reference
    __cxa_finalize                            - Undefined Weak Reference
    __rt_locale                               - Undefined Weak Reference
    __sigvec_lookup                           - Undefined Weak Reference
    _atexit_init                              - Undefined Weak Reference
    _call_atexit_fns                          - Undefined Weak Reference
    _clock_init                               - Undefined Weak Reference
    _fp_trap_init                             - Undefined Weak Reference
    _fp_trap_shutdown                         - Undefined Weak Reference
    _get_lc_collate                           - Undefined Weak Reference
    _get_lc_ctype                             - Undefined Weak Reference
    _get_lc_monetary                          - Undefined Weak Reference
    _get_lc_numeric                           - Undefined Weak Reference
    _get_lc_time                              - Undefined Weak Reference
    _getenv_init                              - Undefined Weak Reference
    _handle_redirection                       - Undefined Weak Reference
    _init_alloc                               - Undefined Weak Reference
    _init_user_alloc                          - Undefined Weak Reference
    _initio                                   - Undefined Weak Reference
    _rand_init                                - Undefined Weak Reference
    _signal_finish                            - Undefined Weak Reference
    _signal_init                              - Undefined Weak Reference
    _terminate_alloc                          - Undefined Weak Reference
    _terminate_user_alloc                     - Undefined Weak Reference
    _terminateio                              - Undefined Weak Reference
    __Vectors_Size                           0x000000ec   Number         0  startup_stm32f10x_md.o ABSOLUTE
    __Vectors                                0x08000000   Data           4  startup_stm32f10x_md.o(RESET)
    __Vectors_End                            0x080000ec   Data           0  startup_stm32f10x_md.o(RESET)
    __main                                   0x080000ed   Thumb Code     8  __main.o(!!!main)
    __scatterload                            0x080000f5   Thumb Code     0  __scatter.o(!!!scatter)
    __scatterload_rt2                        0x080000f5   Thumb Code    44  __scatter.o(!!!scatter)
    __scatterload_rt2_thumb_only             0x080000f5   Thumb Code     0  __scatter.o(!!!scatter)
    __scatterload_null                       0x08000103   Thumb Code     0  __scatter.o(!!!scatter)
    __scatterload_copy                       0x08000129   Thumb Code    26  __scatter_copy.o(!!handler_copy)
    __scatterload_zeroinit                   0x08000145   Thumb Code    28  __scatter_zi.o(!!handler_zi)
    __rt_lib_init                            0x08000161   Thumb Code     0  libinit.o(.ARM.Collect$$libinit$$00000000)
    __rt_lib_init_alloca_1                   0x08000163   Thumb Code     0  libinit2.o(.ARM.Collect$$libinit$$0000002E)
    __rt_lib_init_argv_1                     0x08000163   Thumb Code     0  libinit2.o(.ARM.Collect$$libinit$$0000002C)
    __rt_lib_init_atexit_1                   0x08000163   Thumb Code     0  libinit2.o(.ARM.Collect$$libinit$$0000001B)
    __rt_lib_init_clock_1                    0x08000163   Thumb Code     0  libinit2.o(.ARM.Collect$$libinit$$00000021)
    __rt_lib_init_cpp_1                      0x08000163   Thumb Code     0  libinit2.o(.ARM.Collect$$libinit$$00000032)
    __rt_lib_init_exceptions_1               0x08000163   Thumb Code     0  libinit2.o(.ARM.Collect$$libinit$$00000030)
    __rt_lib_init_fp_1                       0x08000163   Thumb Code     0  libinit2.o(.ARM.Collect$$libinit$$00000002)
    __rt_lib_init_fp_trap_1                  0x08000163   Thumb Code     0  libinit2.o(.ARM.Collect$$libinit$$0000001F)
    __rt_lib_init_getenv_1                   0x08000163   Thumb Code     0  libinit2.o(.ARM.Collect$$libinit$$00000023)
    __rt_lib_init_heap_1                     0x08000163   Thumb Code     0  libinit2.o(.ARM.Collect$$libinit$$0000000A)
    __rt_lib_init_lc_collate_1               0x08000163   Thumb Code     0  libinit2.o(.ARM.Collect$$libinit$$00000011)
    __rt_lib_init_lc_ctype_1                 0x08000163   Thumb Code     0  libinit2.o(.ARM.Collect$$libinit$$00000013)
    __rt_lib_init_lc_monetary_1              0x08000163   Thumb Code     0  libinit2.o(.ARM.Collect$$libinit$$00000015)
    __rt_lib_init_lc_numeric_1               0x08000163   Thumb Code     0  libinit2.o(.ARM.Collect$$libinit$$00000017)
    __rt_lib_init_lc_time_1                  0x08000163   Thumb Code     0  libinit2.o(.ARM.Collect$$libinit$$00000019)
    __rt_lib_init_preinit_1                  0x08000163   Thumb Code     0  libinit2.o(.ARM.Collect$$libinit$$00000004)
    __rt_lib_init_rand_1                     0x08000163   Thumb Code     0  libinit2.o(.ARM.Collect$$libinit$$0000000E)
    __rt_lib_init_return                     0x08000163   Thumb Code     0  libinit2.o(.ARM.Collect$$libinit$$00000033)
    __rt_lib_init_signal_1                   0x08000163   Thumb Code     0  libinit2.o(.ARM.Collect$$libinit$$0000001D)
    __rt_lib_init_stdio_1                    0x08000163   Thumb Code     0  libinit2.o(.ARM.Collect$$libinit$$00000025)
    __rt_lib_init_user_alloc_1               0x08000163   Thumb Code     0  libinit2.o(.ARM.Collect$$libinit$$0000000C)
    __rt_lib_shutdown                        0x08000165   Thumb Code     0  libshutdown.o(.ARM.Collect$$libshutdown$$00000000)
    __rt_lib_shutdown_cpp_1                  0x08000167   Thumb Code     0  libshutdown2.o(.ARM.Collect$$libshutdown$$00000004)
    __rt_lib_shutdown_fini_1                 0x08000167   Thumb Code     0  libshutdown2.o(.ARM.Collect$$libshutdown$$00000002)
    __rt_lib_shutdown_fp_trap_1              0x08000167   Thumb Code     0  libshutdown2.o(.ARM.Collect$$libshutdown$$00000009)
    __rt_lib_shutdown_heap_1                 0x08000167   Thumb Code     0  libshutdown2.o(.ARM.Collect$$libshutdown$$00000011)
    __rt_lib_shutdown_return                 0x08000167   Thumb Code     0  libshutdown2.o(.ARM.Collect$$libshutdown$$00000012)
    __rt_lib_shutdown_signal_1               0x08000167   Thumb Code     0  libshutdown2.o(.ARM.Collect$$libshutdown$$0000000C)
    __rt_lib_shutdown_stdio_1                0x08000167   Thumb Code     0  libshutdown2.o(.ARM.Collect$$libshutdown$$00000006)
    __rt_lib_shutdown_user_alloc_1           0x08000167   Thumb Code     0  libshutdown2.o(.ARM.Collect$$libshutdown$$0000000E)
    __rt_entry                               0x08000169   Thumb Code     0  __rtentry.o(.ARM.Collect$$rtentry$$00000000)
    __rt_entry_presh_1                       0x08000169   Thumb Code     0  __rtentry2.o(.ARM.Collect$$rtentry$$00000002)
    __rt_entry_sh                            0x08000169   Thumb Code     0  __rtentry4.o(.ARM.Collect$$rtentry$$00000004)
    __rt_entry_li                            0x0800016f   Thumb Code     0  __rtentry2.o(.ARM.Collect$$rtentry$$0000000A)
    __rt_entry_postsh_1                      0x0800016f   Thumb Code     0  __rtentry2.o(.ARM.Collect$$rtentry$$00000009)
    __rt_entry_main                          0x08000173   Thumb Code     0  __rtentry2.o(.ARM.Collect$$rtentry$$0000000D)
    __rt_entry_postli_1                      0x08000173   Thumb Code     0  __rtentry2.o(.ARM.Collect$$rtentry$$0000000C)
    __rt_exit                                0x0800017b   Thumb Code     0  rtexit.o(.ARM.Collect$$rtexit$$00000000)
    __rt_exit_ls                             0x0800017d   Thumb Code     0  rtexit2.o(.ARM.Collect$$rtexit$$00000003)
    __rt_exit_prels_1                        0x0800017d   Thumb Code     0  rtexit2.o(.ARM.Collect$$rtexit$$00000002)
    __rt_exit_exit                           0x08000181   Thumb Code     0  rtexit2.o(.ARM.Collect$$rtexit$$00000004)
    Reset_Handler                            0x08000189   Thumb Code     8  startup_stm32f10x_md.o(.text)
    ADC1_2_IRQHandler                        0x080001a3   Thumb Code     0  startup_stm32f10x_md.o(.text)
    CAN1_RX1_IRQHandler                      0x080001a3   Thumb Code     0  startup_stm32f10x_md.o(.text)
    CAN1_SCE_IRQHandler                      0x080001a3   Thumb Code     0  startup_stm32f10x_md.o(.text)
    DMA1_Channel1_IRQHandler                 0x080001a3   Thumb Code     0  startup_stm32f10x_md.o(.text)
    DMA1_Channel2_IRQHandler                 0x080001a3   Thumb Code     0  startup_stm32f10x_md.o(.text)
    DMA1_Channel3_IRQHandler                 0x080001a3   Thumb Code     0  startup_stm32f10x_md.o(.text)
    DMA1_Channel4_IRQHandler                 0x080001a3   Thumb Code     0  startup_stm32f10x_md.o(.text)
    DMA1_Channel6_IRQHandler                 0x080001a3   Thumb Code     0  startup_stm32f10x_md.o(.text)
    DMA1_Channel7_IRQHandler                 0x080001a3   Thumb Code     0  startup_stm32f10x_md.o(.text)
    EXTI15_10_IRQHandler                     0x080001a3   Thumb Code     0  startup_stm32f10x_md.o(.text)
    EXTI1_IRQHandler                         0x080001a3   Thumb Code     0  startup_stm32f10x_md.o(.text)
    EXTI2_IRQHandler                         0x080001a3   Thumb Code     0  startup_stm32f10x_md.o(.text)
    EXTI4_IRQHandler                         0x080001a3   Thumb Code     0  startup_stm32f10x_md.o(.text)
    FLASH_IRQHandler                         0x080001a3   Thumb Code     0  startup_stm32f10x_md.o(.text)
    I2C1_ER_IRQHandler                       0x080001a3   Thumb Code     0  startup_stm32f10x_md.o(.text)
    I2C1_EV_IRQHandler                       0x080001a3   Thumb Code     0  startup_stm32f10x_md.o(.text)
    I2C2_ER_IRQHandler                       0x080001a3   Thumb Code     0  startup_stm32f10x_md.o(.text)
    I2C2_EV_IRQHandler                       0x080001a3   Thumb Code     0  startup_stm32f10x_md.o(.text)
    PVD_IRQHandler                           0x080001a3   Thumb Code     0  startup_stm32f10x_md.o(.text)
    RCC_IRQHandler                           0x080001a3   Thumb Code     0  startup_stm32f10x_md.o(.text)
    RTC_IRQHandler                           0x080001a3   Thumb Code     0  startup_stm32f10x_md.o(.text)
    SPI1_IRQHandler                          0x080001a3   Thumb Code     0  startup_stm32f10x_md.o(.text)
    TAMPER_IRQHandler                        0x080001a3   Thumb Code     0  startup_stm32f10x_md.o(.text)
    TIM1_BRK_IRQHandler                      0x080001a3   Thumb Code     0  startup_stm32f10x_md.o(.text)
    TIM1_CC_IRQHandler                       0x080001a3   Thumb Code     0  startup_stm32f10x_md.o(.text)
    TIM1_TRG_COM_IRQHandler                  0x080001a3   Thumb Code     0  startup_stm32f10x_md.o(.text)
    TIM1_UP_IRQHandler                       0x080001a3   Thumb Code     0  startup_stm32f10x_md.o(.text)
    TIM4_IRQHandler                          0x080001a3   Thumb Code     0  startup_stm32f10x_md.o(.text)
    USART3_IRQHandler                        0x080001a3   Thumb Code     0  startup_stm32f10x_md.o(.text)
    USBWakeUp_IRQHandler                     0x080001a3   Thumb Code     0  startup_stm32f10x_md.o(.text)
    USB_HP_CAN1_TX_IRQHandler                0x080001a3   Thumb Code     0  startup_stm32f10x_md.o(.text)
    USB_LP_CAN1_RX0_IRQHandler               0x080001a3   Thumb Code     0  startup_stm32f10x_md.o(.text)
    WWDG_IRQHandler                          0x080001a3   Thumb Code     0  startup_stm32f10x_md.o(.text)
    __user_initial_stackheap                 0x080001a5   Thumb Code     0  startup_stm32f10x_md.o(.text)
    SystemInit                               0x080002a7   Thumb Code    78  system_stm32f10x.o(.text)
    SystemCoreClockUpdate                    0x080002f5   Thumb Code   142  system_stm32f10x.o(.text)
    TIM_Configuration                        0x080003a9   Thumb Code   226  main.o(.text)
    NVIC_Configuration                       0x0800048b   Thumb Code    14  main.o(.text)
    RCC_Configuration                        0x08000499   Thumb Code    70  main.o(.text)
    SetSysClockTo16                          0x080004df   Thumb Code   106  main.o(.text)
    SysInit                                  0x08000549   Thumb Code    42  main.o(.text)
    calculate_temperature                    0x08000573   Thumb Code   236  main.o(.text)
    main                                     0x0800065f   Thumb Code   886  main.o(.text)
    wdg_init                                 0x080009d5   Thumb Code    38  main.o(.text)
    get_speed                                0x080009fb   Thumb Code   136  main.o(.text)
    NMI_Handler                              0x08000ac5   Thumb Code     2  stm32f10x_it.o(.text)
    HardFault_Handler                        0x08000ac7   Thumb Code     4  stm32f10x_it.o(.text)
    MemManage_Handler                        0x08000acb   Thumb Code     4  stm32f10x_it.o(.text)
    BusFault_Handler                         0x08000acf   Thumb Code     4  stm32f10x_it.o(.text)
    UsageFault_Handler                       0x08000ad3   Thumb Code     4  stm32f10x_it.o(.text)
    SVC_Handler                              0x08000ad7   Thumb Code     2  stm32f10x_it.o(.text)
    DebugMon_Handler                         0x08000ad9   Thumb Code     2  stm32f10x_it.o(.text)
    PendSV_Handler                           0x08000adb   Thumb Code     2  stm32f10x_it.o(.text)
    SysTick_Handler                          0x08000add   Thumb Code     2  stm32f10x_it.o(.text)
    TIM2_IRQHandler                          0x08000adf   Thumb Code   186  stm32f10x_it.o(.text)
    TIM3_IRQHandler                          0x08000b99   Thumb Code    38  stm32f10x_it.o(.text)
    SPI2_IRQHandler                          0x08000bbf   Thumb Code    26  stm32f10x_it.o(.text)
    RTCAlarm_IRQHandler                      0x08000bd9   Thumb Code    54  stm32f10x_it.o(.text)
    OTG_FS_IRQHandler                        0x08000c0f   Thumb Code     2  stm32f10x_it.o(.text)
    EXTI0_IRQHandler                         0x08000c11   Thumb Code    24  stm32f10x_it.o(.text)
    EXTI3_IRQHandler                         0x08000c29   Thumb Code    18  stm32f10x_it.o(.text)
    EXTI9_5_IRQHandler                       0x08000c3b   Thumb Code    18  stm32f10x_it.o(.text)
    DMA1_Channel5_IRQHandler                 0x08000c4d   Thumb Code    30  stm32f10x_it.o(.text)
    DMA2_Channel5_IRQHandler                 0x08000c6b   Thumb Code    32  stm32f10x_it.o(.text)
    DMA2_Channel4_IRQHandler                 0x08000c8b   Thumb Code    32  stm32f10x_it.o(.text)
    UART5_IRQHandler                         0x08000cab   Thumb Code    42  stm32f10x_it.o(.text)
    USART1_IRQHandler                        0x08000cd5   Thumb Code    42  stm32f10x_it.o(.text)
    UART4_IRQHandler                         0x08000cff   Thumb Code    42  stm32f10x_it.o(.text)
    USART2_IRQHandler                        0x08000d29   Thumb Code   326  stm32f10x_it.o(.text)
    SPI_TMC4671_Init                         0x08000ed9   Thumb Code    80  tmc4671.o(.text)
    GPIO_TMC4671_SPI_init                    0x08000f29   Thumb Code   114  tmc4671.o(.text)
    SPI_TMC4671_SendByte                     0x08000f9b   Thumb Code    50  tmc4671.o(.text)
    delay_TMC4671                            0x08000fcd   Thumb Code    30  tmc4671.o(.text)
    SpiWrite                                 0x08000feb   Thumb Code    82  tmc4671.o(.text)
    SpiRead                                  0x0800103d   Thumb Code    62  tmc4671.o(.text)
    init_TMC4671                             0x0800107b   Thumb Code    12  tmc4671.o(.text)
    write_TMC4671                            0x08001087   Thumb Code    68  tmc4671.o(.text)
    Read_TMC4671                             0x080010cb   Thumb Code    80  tmc4671.o(.text)
    tmc4671_writeInt                         0x0800111b   Thumb Code    26  tmc4671.o(.text)
    tmc4671_readInt                          0x08001135   Thumb Code    30  tmc4671.o(.text)
    tmc4671_init_set                         0x08001153   Thumb Code   382  tmc4671.o(.text)
    InitUsart2                               0x08001301   Thumb Code   174  uart.o(.text)
    initUsart1                               0x080013af   Thumb Code   176  uart.o(.text)
    initUsart3                               0x0800145f   Thumb Code    86  uart.o(.text)
    initUsart5                               0x080014b5   Thumb Code    92  uart.o(.text)
    initUsart4                               0x08001511   Thumb Code   102  uart.o(.text)
    usart1_send                              0x08001599   Thumb Code    28  uart_process.o(.text)
    usart1_SendString                        0x080015b5   Thumb Code    22  uart_process.o(.text)
    usart2_send                              0x080015cb   Thumb Code    28  uart_process.o(.text)
    usart2_SendString                        0x080015e7   Thumb Code    22  uart_process.o(.text)
    uart4_send                               0x080015fd   Thumb Code    28  uart_process.o(.text)
    uart4_SendString                         0x08001619   Thumb Code    22  uart_process.o(.text)
    uart5_send                               0x0800162f   Thumb Code    28  uart_process.o(.text)
    uart5_SendString                         0x0800164b   Thumb Code    22  uart_process.o(.text)
    GPIO_Configuration                       0x08001671   Thumb Code   330  gpio.o(.text)
    ADC1_MODE_CONFIG                         0x080017cd   Thumb Code   332  adc.o(.text)
    ADCInit                                  0x08001919   Thumb Code   274  adc.o(.text)
    NVIC_PriorityGroupConfig                 0x08001a39   Thumb Code    10  misc.o(.text)
    NVIC_Init                                0x08001a43   Thumb Code   100  misc.o(.text)
    NVIC_SetVectorTable                      0x08001aa7   Thumb Code    14  misc.o(.text)
    NVIC_SystemLPConfig                      0x08001ab5   Thumb Code    34  misc.o(.text)
    SysTick_CLKSourceConfig                  0x08001ad7   Thumb Code    40  misc.o(.text)
    ADC_DeInit                               0x08001b15   Thumb Code    78  stm32f10x_adc.o(.text)
    ADC_Init                                 0x08001b63   Thumb Code    70  stm32f10x_adc.o(.text)
    ADC_StructInit                           0x08001ba9   Thumb Code    18  stm32f10x_adc.o(.text)
    ADC_Cmd                                  0x08001bbb   Thumb Code    22  stm32f10x_adc.o(.text)
    ADC_DMACmd                               0x08001bd1   Thumb Code    22  stm32f10x_adc.o(.text)
    ADC_ITConfig                             0x08001be7   Thumb Code    24  stm32f10x_adc.o(.text)
    ADC_ResetCalibration                     0x08001bff   Thumb Code    10  stm32f10x_adc.o(.text)
    ADC_GetResetCalibrationStatus            0x08001c09   Thumb Code    20  stm32f10x_adc.o(.text)
    ADC_StartCalibration                     0x08001c1d   Thumb Code    10  stm32f10x_adc.o(.text)
    ADC_GetCalibrationStatus                 0x08001c27   Thumb Code    20  stm32f10x_adc.o(.text)
    ADC_SoftwareStartConvCmd                 0x08001c3b   Thumb Code    22  stm32f10x_adc.o(.text)
    ADC_GetSoftwareStartConvStatus           0x08001c51   Thumb Code    20  stm32f10x_adc.o(.text)
    ADC_DiscModeChannelCountConfig           0x08001c65   Thumb Code    24  stm32f10x_adc.o(.text)
    ADC_DiscModeCmd                          0x08001c7d   Thumb Code    22  stm32f10x_adc.o(.text)
    ADC_RegularChannelConfig                 0x08001c93   Thumb Code   184  stm32f10x_adc.o(.text)
    ADC_ExternalTrigConvCmd                  0x08001d4b   Thumb Code    22  stm32f10x_adc.o(.text)
    ADC_GetConversionValue                   0x08001d61   Thumb Code     8  stm32f10x_adc.o(.text)
    ADC_GetDualModeConversionValue           0x08001d69   Thumb Code     8  stm32f10x_adc.o(.text)
    ADC_AutoInjectedConvCmd                  0x08001d71   Thumb Code    22  stm32f10x_adc.o(.text)
    ADC_InjectedDiscModeCmd                  0x08001d87   Thumb Code    22  stm32f10x_adc.o(.text)
    ADC_ExternalTrigInjectedConvConfig       0x08001d9d   Thumb Code    16  stm32f10x_adc.o(.text)
    ADC_ExternalTrigInjectedConvCmd          0x08001dad   Thumb Code    22  stm32f10x_adc.o(.text)
    ADC_SoftwareStartInjectedConvCmd         0x08001dc3   Thumb Code    22  stm32f10x_adc.o(.text)
    ADC_GetSoftwareStartInjectedConvCmdStatus 0x08001dd9   Thumb Code    20  stm32f10x_adc.o(.text)
    ADC_InjectedChannelConfig                0x08001ded   Thumb Code   130  stm32f10x_adc.o(.text)
    ADC_InjectedSequencerLengthConfig        0x08001e6f   Thumb Code    24  stm32f10x_adc.o(.text)
    ADC_SetInjectedOffset                    0x08001e87   Thumb Code    20  stm32f10x_adc.o(.text)
    ADC_GetInjectedConversionValue           0x08001e9b   Thumb Code    28  stm32f10x_adc.o(.text)
    ADC_AnalogWatchdogCmd                    0x08001eb7   Thumb Code    16  stm32f10x_adc.o(.text)
    ADC_AnalogWatchdogThresholdsConfig       0x08001ec7   Thumb Code     6  stm32f10x_adc.o(.text)
    ADC_AnalogWatchdogSingleChannelConfig    0x08001ecd   Thumb Code    16  stm32f10x_adc.o(.text)
    ADC_TempSensorVrefintCmd                 0x08001edd   Thumb Code    64  stm32f10x_adc.o(.text)
    ADC_GetFlagStatus                        0x08001f1d   Thumb Code    18  stm32f10x_adc.o(.text)
    ADC_ClearFlag                            0x08001f2f   Thumb Code     6  stm32f10x_adc.o(.text)
    ADC_GetITStatus                          0x08001f35   Thumb Code    36  stm32f10x_adc.o(.text)
    ADC_ClearITPendingBit                    0x08001f59   Thumb Code    10  stm32f10x_adc.o(.text)
    DMA_DeInit                               0x08001f65   Thumb Code   324  stm32f10x_dma.o(.text)
    DMA_Init                                 0x080020a9   Thumb Code    60  stm32f10x_dma.o(.text)
    DMA_StructInit                           0x080020e5   Thumb Code    26  stm32f10x_dma.o(.text)
    DMA_Cmd                                  0x080020ff   Thumb Code    24  stm32f10x_dma.o(.text)
    DMA_ITConfig                             0x08002117   Thumb Code    18  stm32f10x_dma.o(.text)
    DMA_SetCurrDataCounter                   0x08002129   Thumb Code     4  stm32f10x_dma.o(.text)
    DMA_GetCurrDataCounter                   0x0800212d   Thumb Code     8  stm32f10x_dma.o(.text)
    DMA_GetFlagStatus                        0x08002135   Thumb Code    40  stm32f10x_dma.o(.text)
    DMA_ClearFlag                            0x0800215d   Thumb Code    22  stm32f10x_dma.o(.text)
    DMA_GetITStatus                          0x08002173   Thumb Code    40  stm32f10x_dma.o(.text)
    DMA_ClearITPendingBit                    0x0800219b   Thumb Code    22  stm32f10x_dma.o(.text)
    EXTI_DeInit                              0x080021b9   Thumb Code    28  stm32f10x_exti.o(.text)
    EXTI_Init                                0x080021d5   Thumb Code   142  stm32f10x_exti.o(.text)
    EXTI_StructInit                          0x08002263   Thumb Code    16  stm32f10x_exti.o(.text)
    EXTI_GenerateSWInterrupt                 0x08002273   Thumb Code    16  stm32f10x_exti.o(.text)
    EXTI_GetFlagStatus                       0x08002283   Thumb Code    22  stm32f10x_exti.o(.text)
    EXTI_ClearFlag                           0x08002299   Thumb Code     8  stm32f10x_exti.o(.text)
    EXTI_GetITStatus                         0x080022a1   Thumb Code    34  stm32f10x_exti.o(.text)
    EXTI_ClearITPendingBit                   0x080022c3   Thumb Code     8  stm32f10x_exti.o(.text)
    FLASH_SetLatency                         0x080022d5   Thumb Code    18  stm32f10x_flash.o(.text)
    FLASH_HalfCycleAccessCmd                 0x080022e7   Thumb Code    22  stm32f10x_flash.o(.text)
    FLASH_PrefetchBufferCmd                  0x080022fd   Thumb Code    22  stm32f10x_flash.o(.text)
    FLASH_Unlock                             0x08002313   Thumb Code    12  stm32f10x_flash.o(.text)
    FLASH_UnlockBank1                        0x0800231f   Thumb Code    12  stm32f10x_flash.o(.text)
    FLASH_Lock                               0x0800232b   Thumb Code    14  stm32f10x_flash.o(.text)
    FLASH_LockBank1                          0x08002339   Thumb Code    14  stm32f10x_flash.o(.text)
    FLASH_GetBank1Status                     0x08002347   Thumb Code    48  stm32f10x_flash.o(.text)
    FLASH_WaitForLastOperation               0x08002377   Thumb Code    38  stm32f10x_flash.o(.text)
    FLASH_ErasePage                          0x0800239d   Thumb Code    72  stm32f10x_flash.o(.text)
    FLASH_EraseAllPages                      0x080023e5   Thumb Code    68  stm32f10x_flash.o(.text)
    FLASH_WaitForLastBank1Operation          0x08002429   Thumb Code    38  stm32f10x_flash.o(.text)
    FLASH_EraseAllBank1Pages                 0x0800244f   Thumb Code    68  stm32f10x_flash.o(.text)
    FLASH_GetReadOutProtectionStatus         0x08002493   Thumb Code    20  stm32f10x_flash.o(.text)
    FLASH_EraseOptionBytes                   0x080024a7   Thumb Code   150  stm32f10x_flash.o(.text)
    FLASH_ProgramWord                        0x0800253d   Thumb Code   102  stm32f10x_flash.o(.text)
    FLASH_ProgramHalfWord                    0x080025a3   Thumb Code    60  stm32f10x_flash.o(.text)
    FLASH_ProgramOptionByteData              0x080025df   Thumb Code    72  stm32f10x_flash.o(.text)
    FLASH_EnableWriteProtection              0x08002627   Thumb Code   200  stm32f10x_flash.o(.text)
    FLASH_ReadOutProtection                  0x080026ef   Thumb Code   156  stm32f10x_flash.o(.text)
    FLASH_UserOptionByteConfig               0x0800278b   Thumb Code    88  stm32f10x_flash.o(.text)
    FLASH_GetUserOptionByte                  0x080027e3   Thumb Code     8  stm32f10x_flash.o(.text)
    FLASH_GetWriteProtectionOptionByte       0x080027eb   Thumb Code     6  stm32f10x_flash.o(.text)
    FLASH_GetPrefetchBufferStatus            0x080027f1   Thumb Code    20  stm32f10x_flash.o(.text)
    FLASH_ITConfig                           0x08002805   Thumb Code    26  stm32f10x_flash.o(.text)
    FLASH_GetFlagStatus                      0x0800281f   Thumb Code    42  stm32f10x_flash.o(.text)
    FLASH_ClearFlag                          0x08002849   Thumb Code     6  stm32f10x_flash.o(.text)
    FLASH_GetStatus                          0x0800284f   Thumb Code    48  stm32f10x_flash.o(.text)
    GPIO_DeInit                              0x08002891   Thumb Code   172  stm32f10x_gpio.o(.text)
    GPIO_AFIODeInit                          0x0800293d   Thumb Code    20  stm32f10x_gpio.o(.text)
    GPIO_Init                                0x08002951   Thumb Code   278  stm32f10x_gpio.o(.text)
    GPIO_StructInit                          0x08002a67   Thumb Code    16  stm32f10x_gpio.o(.text)
    GPIO_ReadInputDataBit                    0x08002a77   Thumb Code    18  stm32f10x_gpio.o(.text)
    GPIO_ReadInputData                       0x08002a89   Thumb Code     8  stm32f10x_gpio.o(.text)
    GPIO_ReadOutputDataBit                   0x08002a91   Thumb Code    18  stm32f10x_gpio.o(.text)
    GPIO_ReadOutputData                      0x08002aa3   Thumb Code     8  stm32f10x_gpio.o(.text)
    GPIO_SetBits                             0x08002aab   Thumb Code     4  stm32f10x_gpio.o(.text)
    GPIO_ResetBits                           0x08002aaf   Thumb Code     4  stm32f10x_gpio.o(.text)
    GPIO_WriteBit                            0x08002ab3   Thumb Code    10  stm32f10x_gpio.o(.text)
    GPIO_Write                               0x08002abd   Thumb Code     4  stm32f10x_gpio.o(.text)
    GPIO_PinLockConfig                       0x08002ac1   Thumb Code    18  stm32f10x_gpio.o(.text)
    GPIO_EventOutputConfig                   0x08002ad3   Thumb Code    26  stm32f10x_gpio.o(.text)
    GPIO_EventOutputCmd                      0x08002aed   Thumb Code     6  stm32f10x_gpio.o(.text)
    GPIO_PinRemapConfig                      0x08002af3   Thumb Code   138  stm32f10x_gpio.o(.text)
    GPIO_EXTILineConfig                      0x08002b7d   Thumb Code    66  stm32f10x_gpio.o(.text)
    GPIO_ETH_MediaInterfaceConfig            0x08002bbf   Thumb Code     8  stm32f10x_gpio.o(.text)
    PWR_DeInit                               0x08002bed   Thumb Code    22  stm32f10x_pwr.o(.text)
    PWR_BackupAccessCmd                      0x08002c03   Thumb Code     6  stm32f10x_pwr.o(.text)
    PWR_PVDCmd                               0x08002c09   Thumb Code     6  stm32f10x_pwr.o(.text)
    PWR_PVDLevelConfig                       0x08002c0f   Thumb Code    18  stm32f10x_pwr.o(.text)
    PWR_WakeUpPinCmd                         0x08002c21   Thumb Code     8  stm32f10x_pwr.o(.text)
    PWR_EnterSTOPMode                        0x08002c29   Thumb Code    54  stm32f10x_pwr.o(.text)
    PWR_EnterSTANDBYMode                     0x08002c5f   Thumb Code    42  stm32f10x_pwr.o(.text)
    PWR_GetFlagStatus                        0x08002c89   Thumb Code    20  stm32f10x_pwr.o(.text)
    PWR_ClearFlag                            0x08002c9d   Thumb Code    14  stm32f10x_pwr.o(.text)
    RCC_DeInit                               0x08002cb9   Thumb Code    64  stm32f10x_rcc.o(.text)
    RCC_HSEConfig                            0x08002cf9   Thumb Code    70  stm32f10x_rcc.o(.text)
    RCC_GetFlagStatus                        0x08002d3f   Thumb Code    56  stm32f10x_rcc.o(.text)
    RCC_WaitForHSEStartUp                    0x08002d77   Thumb Code    56  stm32f10x_rcc.o(.text)
    RCC_AdjustHSICalibrationValue            0x08002daf   Thumb Code    20  stm32f10x_rcc.o(.text)
    RCC_HSICmd                               0x08002dc3   Thumb Code     6  stm32f10x_rcc.o(.text)
    RCC_PLLConfig                            0x08002dc9   Thumb Code    24  stm32f10x_rcc.o(.text)
    RCC_PLLCmd                               0x08002de1   Thumb Code     6  stm32f10x_rcc.o(.text)
    RCC_SYSCLKConfig                         0x08002de7   Thumb Code    18  stm32f10x_rcc.o(.text)
    RCC_GetSYSCLKSource                      0x08002df9   Thumb Code    10  stm32f10x_rcc.o(.text)
    RCC_HCLKConfig                           0x08002e03   Thumb Code    18  stm32f10x_rcc.o(.text)
    RCC_PCLK1Config                          0x08002e15   Thumb Code    18  stm32f10x_rcc.o(.text)
    RCC_PCLK2Config                          0x08002e27   Thumb Code    20  stm32f10x_rcc.o(.text)
    RCC_ITConfig                             0x08002e3b   Thumb Code    26  stm32f10x_rcc.o(.text)
    RCC_USBCLKConfig                         0x08002e55   Thumb Code     8  stm32f10x_rcc.o(.text)
    RCC_ADCCLKConfig                         0x08002e5d   Thumb Code    18  stm32f10x_rcc.o(.text)
    RCC_LSEConfig                            0x08002e6f   Thumb Code    50  stm32f10x_rcc.o(.text)
    RCC_LSICmd                               0x08002ea1   Thumb Code     6  stm32f10x_rcc.o(.text)
    RCC_RTCCLKConfig                         0x08002ea7   Thumb Code    12  stm32f10x_rcc.o(.text)
    RCC_RTCCLKCmd                            0x08002eb3   Thumb Code     8  stm32f10x_rcc.o(.text)
    RCC_GetClocksFreq                        0x08002ebb   Thumb Code   192  stm32f10x_rcc.o(.text)
    RCC_AHBPeriphClockCmd                    0x08002f7b   Thumb Code    26  stm32f10x_rcc.o(.text)
    RCC_APB2PeriphClockCmd                   0x08002f95   Thumb Code    26  stm32f10x_rcc.o(.text)
    RCC_APB1PeriphClockCmd                   0x08002faf   Thumb Code    26  stm32f10x_rcc.o(.text)
    RCC_APB2PeriphResetCmd                   0x08002fc9   Thumb Code    26  stm32f10x_rcc.o(.text)
    RCC_APB1PeriphResetCmd                   0x08002fe3   Thumb Code    26  stm32f10x_rcc.o(.text)
    RCC_BackupResetCmd                       0x08002ffd   Thumb Code     8  stm32f10x_rcc.o(.text)
    RCC_ClockSecuritySystemCmd               0x08003005   Thumb Code     6  stm32f10x_rcc.o(.text)
    RCC_MCOConfig                            0x0800300b   Thumb Code     6  stm32f10x_rcc.o(.text)
    RCC_ClearFlag                            0x08003011   Thumb Code    14  stm32f10x_rcc.o(.text)
    RCC_GetITStatus                          0x0800301f   Thumb Code    20  stm32f10x_rcc.o(.text)
    RCC_ClearITPendingBit                    0x08003033   Thumb Code     6  stm32f10x_rcc.o(.text)
    RTC_ITConfig                             0x0800305d   Thumb Code    26  stm32f10x_rtc.o(.text)
    RTC_EnterConfigMode                      0x08003077   Thumb Code    18  stm32f10x_rtc.o(.text)
    RTC_ExitConfigMode                       0x08003089   Thumb Code    20  stm32f10x_rtc.o(.text)
    RTC_GetCounter                           0x0800309d   Thumb Code    18  stm32f10x_rtc.o(.text)
    RTC_SetCounter                           0x080030af   Thumb Code    26  stm32f10x_rtc.o(.text)
    RTC_SetPrescaler                         0x080030c9   Thumb Code    28  stm32f10x_rtc.o(.text)
    RTC_SetAlarm                             0x080030e5   Thumb Code    26  stm32f10x_rtc.o(.text)
    RTC_GetDivider                           0x080030ff   Thumb Code    22  stm32f10x_rtc.o(.text)
    RTC_WaitForLastTask                      0x08003115   Thumb Code    18  stm32f10x_rtc.o(.text)
    RTC_WaitForSynchro                       0x08003127   Thumb Code    36  stm32f10x_rtc.o(.text)
    RTC_GetFlagStatus                        0x0800314b   Thumb Code    22  stm32f10x_rtc.o(.text)
    RTC_ClearFlag                            0x08003161   Thumb Code    16  stm32f10x_rtc.o(.text)
    RTC_GetITStatus                          0x08003171   Thumb Code    32  stm32f10x_rtc.o(.text)
    RTC_ClearITPendingBit                    0x08003191   Thumb Code    16  stm32f10x_rtc.o(.text)
    SPI_I2S_DeInit                           0x080031a5   Thumb Code    76  stm32f10x_spi.o(.text)
    SPI_Init                                 0x080031f1   Thumb Code    60  stm32f10x_spi.o(.text)
    I2S_Init                                 0x0800322d   Thumb Code   226  stm32f10x_spi.o(.text)
    SPI_StructInit                           0x0800330f   Thumb Code    24  stm32f10x_spi.o(.text)
    I2S_StructInit                           0x08003327   Thumb Code    20  stm32f10x_spi.o(.text)
    SPI_Cmd                                  0x0800333b   Thumb Code    24  stm32f10x_spi.o(.text)
    I2S_Cmd                                  0x08003353   Thumb Code    24  stm32f10x_spi.o(.text)
    SPI_I2S_ITConfig                         0x0800336b   Thumb Code    32  stm32f10x_spi.o(.text)
    SPI_I2S_DMACmd                           0x0800338b   Thumb Code    18  stm32f10x_spi.o(.text)
    SPI_I2S_SendData                         0x0800339d   Thumb Code     4  stm32f10x_spi.o(.text)
    SPI_I2S_ReceiveData                      0x080033a1   Thumb Code     6  stm32f10x_spi.o(.text)
    SPI_NSSInternalSoftwareConfig            0x080033a7   Thumb Code    30  stm32f10x_spi.o(.text)
    SPI_SSOutputCmd                          0x080033c5   Thumb Code    24  stm32f10x_spi.o(.text)
    SPI_DataSizeConfig                       0x080033dd   Thumb Code    18  stm32f10x_spi.o(.text)
    SPI_TransmitCRC                          0x080033ef   Thumb Code    10  stm32f10x_spi.o(.text)
    SPI_CalculateCRC                         0x080033f9   Thumb Code    24  stm32f10x_spi.o(.text)
    SPI_GetCRC                               0x08003411   Thumb Code    16  stm32f10x_spi.o(.text)
    SPI_GetCRCPolynomial                     0x08003421   Thumb Code     6  stm32f10x_spi.o(.text)
    SPI_BiDirectionalLineConfig              0x08003427   Thumb Code    28  stm32f10x_spi.o(.text)
    SPI_I2S_GetFlagStatus                    0x08003443   Thumb Code    18  stm32f10x_spi.o(.text)
    SPI_I2S_ClearFlag                        0x08003455   Thumb Code     6  stm32f10x_spi.o(.text)
    SPI_I2S_GetITStatus                      0x0800345b   Thumb Code    52  stm32f10x_spi.o(.text)
    SPI_I2S_ClearITPendingBit                0x0800348f   Thumb Code    20  stm32f10x_spi.o(.text)
    TIM_DeInit                               0x080034b1   Thumb Code   424  stm32f10x_tim.o(.text)
    TIM_TimeBaseInit                         0x08003659   Thumb Code   122  stm32f10x_tim.o(.text)
    TIM_OC1Init                              0x080036d3   Thumb Code   132  stm32f10x_tim.o(.text)
    TIM_OC2Init                              0x08003757   Thumb Code   154  stm32f10x_tim.o(.text)
    TIM_OC3Init                              0x080037f1   Thumb Code   150  stm32f10x_tim.o(.text)
    TIM_OC4Init                              0x08003887   Thumb Code   182  stm32f10x_tim.o(.text)
    TIM_SetIC4Prescaler                      0x0800393d   Thumb Code    26  stm32f10x_tim.o(.text)
    TIM_SetIC3Prescaler                      0x080039d9   Thumb Code    18  stm32f10x_tim.o(.text)
    TIM_SetIC2Prescaler                      0x08003a65   Thumb Code    26  stm32f10x_tim.o(.text)
    TIM_SetIC1Prescaler                      0x08003b01   Thumb Code    18  stm32f10x_tim.o(.text)
    TIM_ICInit                               0x08003b7f   Thumb Code   150  stm32f10x_tim.o(.text)
    TIM_PWMIConfig                           0x08003c15   Thumb Code   124  stm32f10x_tim.o(.text)
    TIM_BDTRConfig                           0x08003c91   Thumb Code    32  stm32f10x_tim.o(.text)
    TIM_TimeBaseStructInit                   0x08003cb1   Thumb Code    18  stm32f10x_tim.o(.text)
    TIM_OCStructInit                         0x08003cc3   Thumb Code    20  stm32f10x_tim.o(.text)
    TIM_ICStructInit                         0x08003cd7   Thumb Code    18  stm32f10x_tim.o(.text)
    TIM_BDTRStructInit                       0x08003ce9   Thumb Code    40  stm32f10x_tim.o(.text)
    TIM_Cmd                                  0x08003d11   Thumb Code    24  stm32f10x_tim.o(.text)
    TIM_CtrlPWMOutputs                       0x08003d29   Thumb Code    30  stm32f10x_tim.o(.text)
    TIM_ITConfig                             0x08003d47   Thumb Code    18  stm32f10x_tim.o(.text)
    TIM_GenerateEvent                        0x08003d59   Thumb Code     4  stm32f10x_tim.o(.text)
    TIM_DMAConfig                            0x08003d5d   Thumb Code    10  stm32f10x_tim.o(.text)
    TIM_DMACmd                               0x08003d67   Thumb Code    18  stm32f10x_tim.o(.text)
    TIM_InternalClockConfig                  0x08003d79   Thumb Code    12  stm32f10x_tim.o(.text)
    TIM_SelectInputTrigger                   0x08003d85   Thumb Code    18  stm32f10x_tim.o(.text)
    TIM_ITRxExternalClockConfig              0x08003d97   Thumb Code    24  stm32f10x_tim.o(.text)
    TIM_TIxExternalClockConfig               0x08003daf   Thumb Code    62  stm32f10x_tim.o(.text)
    TIM_ETRConfig                            0x08003ded   Thumb Code    28  stm32f10x_tim.o(.text)
    TIM_ETRClockMode1Config                  0x08003e09   Thumb Code    54  stm32f10x_tim.o(.text)
    TIM_ETRClockMode2Config                  0x08003e3f   Thumb Code    32  stm32f10x_tim.o(.text)
    TIM_PrescalerConfig                      0x08003e5f   Thumb Code     6  stm32f10x_tim.o(.text)
    TIM_CounterModeConfig                    0x08003e65   Thumb Code    18  stm32f10x_tim.o(.text)
    TIM_EncoderInterfaceConfig               0x08003e77   Thumb Code    66  stm32f10x_tim.o(.text)
    TIM_ForcedOC1Config                      0x08003eb9   Thumb Code    18  stm32f10x_tim.o(.text)
    TIM_ForcedOC2Config                      0x08003ecb   Thumb Code    26  stm32f10x_tim.o(.text)
    TIM_ForcedOC3Config                      0x08003ee5   Thumb Code    18  stm32f10x_tim.o(.text)
    TIM_ForcedOC4Config                      0x08003ef7   Thumb Code    26  stm32f10x_tim.o(.text)
    TIM_ARRPreloadConfig                     0x08003f11   Thumb Code    24  stm32f10x_tim.o(.text)
    TIM_SelectCOM                            0x08003f29   Thumb Code    24  stm32f10x_tim.o(.text)
    TIM_SelectCCDMA                          0x08003f41   Thumb Code    24  stm32f10x_tim.o(.text)
    TIM_CCPreloadControl                     0x08003f59   Thumb Code    24  stm32f10x_tim.o(.text)
    TIM_OC1PreloadConfig                     0x08003f71   Thumb Code    18  stm32f10x_tim.o(.text)
    TIM_OC2PreloadConfig                     0x08003f83   Thumb Code    26  stm32f10x_tim.o(.text)
    TIM_OC3PreloadConfig                     0x08003f9d   Thumb Code    18  stm32f10x_tim.o(.text)
    TIM_OC4PreloadConfig                     0x08003faf   Thumb Code    26  stm32f10x_tim.o(.text)
    TIM_OC1FastConfig                        0x08003fc9   Thumb Code    18  stm32f10x_tim.o(.text)
    TIM_OC2FastConfig                        0x08003fdb   Thumb Code    26  stm32f10x_tim.o(.text)
    TIM_OC3FastConfig                        0x08003ff5   Thumb Code    18  stm32f10x_tim.o(.text)
    TIM_OC4FastConfig                        0x08004007   Thumb Code    26  stm32f10x_tim.o(.text)
    TIM_ClearOC1Ref                          0x08004021   Thumb Code    18  stm32f10x_tim.o(.text)
    TIM_ClearOC2Ref                          0x08004033   Thumb Code    24  stm32f10x_tim.o(.text)
    TIM_ClearOC3Ref                          0x0800404b   Thumb Code    18  stm32f10x_tim.o(.text)
    TIM_ClearOC4Ref                          0x0800405d   Thumb Code    24  stm32f10x_tim.o(.text)
    TIM_OC1PolarityConfig                    0x08004075   Thumb Code    18  stm32f10x_tim.o(.text)
    TIM_OC1NPolarityConfig                   0x08004087   Thumb Code    18  stm32f10x_tim.o(.text)
    TIM_OC2PolarityConfig                    0x08004099   Thumb Code    26  stm32f10x_tim.o(.text)
    TIM_OC2NPolarityConfig                   0x080040b3   Thumb Code    26  stm32f10x_tim.o(.text)
    TIM_OC3PolarityConfig                    0x080040cd   Thumb Code    26  stm32f10x_tim.o(.text)
    TIM_OC3NPolarityConfig                   0x080040e7   Thumb Code    26  stm32f10x_tim.o(.text)
    TIM_OC4PolarityConfig                    0x08004101   Thumb Code    26  stm32f10x_tim.o(.text)
    TIM_CCxCmd                               0x0800411b   Thumb Code    30  stm32f10x_tim.o(.text)
    TIM_CCxNCmd                              0x08004139   Thumb Code    30  stm32f10x_tim.o(.text)
    TIM_SelectOCxM                           0x08004157   Thumb Code    82  stm32f10x_tim.o(.text)
    TIM_UpdateDisableConfig                  0x080041a9   Thumb Code    24  stm32f10x_tim.o(.text)
    TIM_UpdateRequestConfig                  0x080041c1   Thumb Code    24  stm32f10x_tim.o(.text)
    TIM_SelectHallSensor                     0x080041d9   Thumb Code    24  stm32f10x_tim.o(.text)
    TIM_SelectOnePulseMode                   0x080041f1   Thumb Code    18  stm32f10x_tim.o(.text)
    TIM_SelectOutputTrigger                  0x08004203   Thumb Code    18  stm32f10x_tim.o(.text)
    TIM_SelectSlaveMode                      0x08004215   Thumb Code    18  stm32f10x_tim.o(.text)
    TIM_SelectMasterSlaveMode                0x08004227   Thumb Code    18  stm32f10x_tim.o(.text)
    TIM_SetCounter                           0x08004239   Thumb Code     4  stm32f10x_tim.o(.text)
    TIM_SetAutoreload                        0x0800423d   Thumb Code     4  stm32f10x_tim.o(.text)
    TIM_SetCompare1                          0x08004241   Thumb Code     4  stm32f10x_tim.o(.text)
    TIM_SetCompare2                          0x08004245   Thumb Code     4  stm32f10x_tim.o(.text)
    TIM_SetCompare3                          0x08004249   Thumb Code     4  stm32f10x_tim.o(.text)
    TIM_SetCompare4                          0x0800424d   Thumb Code     6  stm32f10x_tim.o(.text)
    TIM_SetClockDivision                     0x08004253   Thumb Code    18  stm32f10x_tim.o(.text)
    TIM_GetCapture1                          0x08004265   Thumb Code     6  stm32f10x_tim.o(.text)
    TIM_GetCapture2                          0x0800426b   Thumb Code     6  stm32f10x_tim.o(.text)
    TIM_GetCapture3                          0x08004271   Thumb Code     6  stm32f10x_tim.o(.text)
    TIM_GetCapture4                          0x08004277   Thumb Code     8  stm32f10x_tim.o(.text)
    TIM_GetCounter                           0x0800427f   Thumb Code     6  stm32f10x_tim.o(.text)
    TIM_GetPrescaler                         0x08004285   Thumb Code     6  stm32f10x_tim.o(.text)
    TIM_GetFlagStatus                        0x0800428b   Thumb Code    18  stm32f10x_tim.o(.text)
    TIM_ClearFlag                            0x0800429d   Thumb Code     6  stm32f10x_tim.o(.text)
    TIM_GetITStatus                          0x080042a3   Thumb Code    34  stm32f10x_tim.o(.text)
    TIM_ClearITPendingBit                    0x080042c5   Thumb Code     6  stm32f10x_tim.o(.text)
    USART_DeInit                             0x080042cd   Thumb Code   134  stm32f10x_usart.o(.text)
    USART_Init                               0x08004353   Thumb Code   210  stm32f10x_usart.o(.text)
    USART_StructInit                         0x08004425   Thumb Code    24  stm32f10x_usart.o(.text)
    USART_ClockInit                          0x0800443d   Thumb Code    34  stm32f10x_usart.o(.text)
    USART_ClockStructInit                    0x0800445f   Thumb Code    12  stm32f10x_usart.o(.text)
    USART_Cmd                                0x0800446b   Thumb Code    24  stm32f10x_usart.o(.text)
    USART_ITConfig                           0x08004483   Thumb Code    74  stm32f10x_usart.o(.text)
    USART_DMACmd                             0x080044cd   Thumb Code    18  stm32f10x_usart.o(.text)
    USART_SetAddress                         0x080044df   Thumb Code    18  stm32f10x_usart.o(.text)
    USART_WakeUpConfig                       0x080044f1   Thumb Code    18  stm32f10x_usart.o(.text)
    USART_ReceiverWakeUpCmd                  0x08004503   Thumb Code    24  stm32f10x_usart.o(.text)
    USART_LINBreakDetectLengthConfig         0x0800451b   Thumb Code    18  stm32f10x_usart.o(.text)
    USART_LINCmd                             0x0800452d   Thumb Code    24  stm32f10x_usart.o(.text)
    USART_SendData                           0x08004545   Thumb Code     8  stm32f10x_usart.o(.text)
    USART_ReceiveData                        0x0800454d   Thumb Code    10  stm32f10x_usart.o(.text)
    USART_SendBreak                          0x08004557   Thumb Code    10  stm32f10x_usart.o(.text)
    USART_SetGuardTime                       0x08004561   Thumb Code    16  stm32f10x_usart.o(.text)
    USART_SetPrescaler                       0x08004571   Thumb Code    16  stm32f10x_usart.o(.text)
    USART_SmartCardCmd                       0x08004581   Thumb Code    24  stm32f10x_usart.o(.text)
    USART_SmartCardNACKCmd                   0x08004599   Thumb Code    24  stm32f10x_usart.o(.text)
    USART_HalfDuplexCmd                      0x080045b1   Thumb Code    24  stm32f10x_usart.o(.text)
    USART_OverSampling8Cmd                   0x080045c9   Thumb Code    22  stm32f10x_usart.o(.text)
    USART_OneBitMethodCmd                    0x080045df   Thumb Code    24  stm32f10x_usart.o(.text)
    USART_IrDAConfig                         0x080045f7   Thumb Code    18  stm32f10x_usart.o(.text)
    USART_IrDACmd                            0x08004609   Thumb Code    24  stm32f10x_usart.o(.text)
    USART_GetFlagStatus                      0x08004621   Thumb Code    26  stm32f10x_usart.o(.text)
    USART_ClearFlag                          0x0800463b   Thumb Code    18  stm32f10x_usart.o(.text)
    USART_GetITStatus                        0x0800464d   Thumb Code    84  stm32f10x_usart.o(.text)
    USART_ClearITPendingBit                  0x080046a1   Thumb Code    52  stm32f10x_usart.o(.text)
    WWDG_DeInit                              0x080046d5   Thumb Code    22  stm32f10x_wwdg.o(.text)
    WWDG_SetPrescaler                        0x080046eb   Thumb Code    18  stm32f10x_wwdg.o(.text)
    WWDG_SetWindowValue                      0x080046fd   Thumb Code    34  stm32f10x_wwdg.o(.text)
    WWDG_EnableIT                            0x0800471f   Thumb Code     8  stm32f10x_wwdg.o(.text)
    WWDG_SetCounter                          0x08004727   Thumb Code    12  stm32f10x_wwdg.o(.text)
    WWDG_Enable                              0x08004733   Thumb Code    12  stm32f10x_wwdg.o(.text)
    WWDG_GetFlagStatus                       0x0800473f   Thumb Code    10  stm32f10x_wwdg.o(.text)
    WWDG_ClearFlag                           0x08004749   Thumb Code    10  stm32f10x_wwdg.o(.text)
    __use_two_region_memory                  0x0800475d   Thumb Code     2  heapauxi.o(.text)
    __rt_heap_escrow$2region                 0x0800475f   Thumb Code     2  heapauxi.o(.text)
    __rt_heap_expand$2region                 0x08004761   Thumb Code     2  heapauxi.o(.text)
    __read_errno                             0x08004763   Thumb Code    10  _rserrno.o(.text)
    __set_errno                              0x0800476d   Thumb Code    12  _rserrno.o(.text)
    __aeabi_errno_addr                       0x08004779   Thumb Code     8  rt_errno_addr_intlibspace.o(.text)
    __errno$intlibspace                      0x08004779   Thumb Code     0  rt_errno_addr_intlibspace.o(.text)
    __rt_errno_addr$intlibspace              0x08004779   Thumb Code     0  rt_errno_addr_intlibspace.o(.text)
    __user_libspace                          0x08004781   Thumb Code     8  libspace.o(.text)
    __user_perproc_libspace                  0x08004781   Thumb Code     0  libspace.o(.text)
    __user_perthread_libspace                0x08004781   Thumb Code     0  libspace.o(.text)
    __user_setup_stackheap                   0x08004789   Thumb Code    74  sys_stackheap_outer.o(.text)
    exit                                     0x080047d3   Thumb Code    18  exit.o(.text)
    _sys_exit                                0x080047e5   Thumb Code     8  sys_exit.o(.text)
    __I$use$semihosting                      0x080047f1   Thumb Code     0  use_no_semi.o(.text)
    __use_no_semihosting_swi                 0x080047f1   Thumb Code     2  use_no_semi.o(.text)
    __kernel_poly                            0x080047f3   Thumb Code   170  poly.o(i.__kernel_poly)
    __semihosting_library_function           0x080047f3   Thumb Code     0  indicate_semi.o(.text)
    __mathlib_dbl_divzero                    0x0800489d   Thumb Code    12  dunder.o(i.__mathlib_dbl_divzero)
    __mathlib_dbl_infnan                     0x080048ad   Thumb Code     6  dunder.o(i.__mathlib_dbl_infnan)
    __mathlib_dbl_invalid                    0x080048b3   Thumb Code    12  dunder.o(i.__mathlib_dbl_invalid)
    log                                      0x080048c1   Thumb Code   808  log.o(i.log)
    __aeabi_d2f                              0x08004c1d   Thumb Code     0  d2f.o(x$fpl$d2f)
    _d2f                                     0x08004c1d   Thumb Code    98  d2f.o(x$fpl$d2f)
    __aeabi_dadd                             0x08004c81   Thumb Code     0  daddsub_clz.o(x$fpl$dadd)
    _dadd                                    0x08004c81   Thumb Code   332  daddsub_clz.o(x$fpl$dadd)
    __fpl_dcheck_NaN1                        0x08004dd1   Thumb Code    10  dcheck1.o(x$fpl$dcheck1)
    __fpl_dcmp_Inf                           0x08004de1   Thumb Code    24  dcmpi.o(x$fpl$dcmpinf)
    __aeabi_ddiv                             0x08004df9   Thumb Code     0  ddiv.o(x$fpl$ddiv)
    _ddiv                                    0x08004df9   Thumb Code   552  ddiv.o(x$fpl$ddiv)
    __aeabi_cdcmpeq                          0x080050a9   Thumb Code     0  deqf.o(x$fpl$deqf)
    _dcmpeq                                  0x080050a9   Thumb Code   120  deqf.o(x$fpl$deqf)
    __aeabi_d2iz                             0x08005121   Thumb Code     0  dfix.o(x$fpl$dfix)
    _dfix                                    0x08005121   Thumb Code    94  dfix.o(x$fpl$dfix)
    __aeabi_i2d                              0x0800517f   Thumb Code     0  dflt_clz.o(x$fpl$dflt)
    _dflt                                    0x0800517f   Thumb Code    46  dflt_clz.o(x$fpl$dflt)
    __aeabi_dmul                             0x080051ad   Thumb Code     0  dmul.o(x$fpl$dmul)
    _dmul                                    0x080051ad   Thumb Code   332  dmul.o(x$fpl$dmul)
    __fpl_dnaninf                            0x08005301   Thumb Code   156  dnaninf.o(x$fpl$dnaninf)
    __fpl_dretinf                            0x0800539d   Thumb Code    12  dretinf.o(x$fpl$dretinf)
    __aeabi_drsub                            0x080053a9   Thumb Code     0  daddsub_clz.o(x$fpl$drsb)
    _drsb                                    0x080053a9   Thumb Code    22  daddsub_clz.o(x$fpl$drsb)
    __aeabi_dsub                             0x080053c1   Thumb Code     0  daddsub_clz.o(x$fpl$dsub)
    _dsub                                    0x080053c1   Thumb Code   464  daddsub_clz.o(x$fpl$dsub)
    __aeabi_f2d                              0x08005595   Thumb Code     0  f2d.o(x$fpl$f2d)
    _f2d                                     0x08005595   Thumb Code    86  f2d.o(x$fpl$f2d)
    __aeabi_fadd                             0x080055ed   Thumb Code     0  faddsub_clz.o(x$fpl$fadd)
    _fadd                                    0x080055ed   Thumb Code   196  faddsub_clz.o(x$fpl$fadd)
    __fpl_fcmp_Inf                           0x080056b1   Thumb Code    24  fcmpi.o(x$fpl$fcmpinf)
    __aeabi_fdiv                             0x080056c9   Thumb Code     0  fdiv.o(x$fpl$fdiv)
    _fdiv                                    0x080056c9   Thumb Code   384  fdiv.o(x$fpl$fdiv)
    __aeabi_i2f                              0x0800584d   Thumb Code     0  fflt_clz.o(x$fpl$fflt)
    _fflt                                    0x0800584d   Thumb Code    48  fflt_clz.o(x$fpl$fflt)
    __aeabi_ui2f                             0x0800587d   Thumb Code     0  fflt_clz.o(x$fpl$ffltu)
    _ffltu                                   0x0800587d   Thumb Code    38  fflt_clz.o(x$fpl$ffltu)
    __aeabi_cfcmple                          0x080058a5   Thumb Code     0  fleqf.o(x$fpl$fleqf)
    _fcmple                                  0x080058a5   Thumb Code   104  fleqf.o(x$fpl$fleqf)
    __fpl_fcmple_InfNaN                      0x080058f7   Thumb Code     0  fleqf.o(x$fpl$fleqf)
    __aeabi_fmul                             0x0800590d   Thumb Code     0  fmul.o(x$fpl$fmul)
    _fmul                                    0x0800590d   Thumb Code   258  fmul.o(x$fpl$fmul)
    __fpl_fnaninf                            0x08005a0f   Thumb Code   140  fnaninf.o(x$fpl$fnaninf)
    __fpl_fretinf                            0x08005a9b   Thumb Code    10  fretinf.o(x$fpl$fretinf)
    __aeabi_cfrcmple                         0x08005aa5   Thumb Code     0  frleqf.o(x$fpl$frleqf)
    _frcmple                                 0x08005aa5   Thumb Code    98  frleqf.o(x$fpl$frleqf)
    __aeabi_frsub                            0x08005b07   Thumb Code     0  faddsub_clz.o(x$fpl$frsb)
    _frsb                                    0x08005b07   Thumb Code    20  faddsub_clz.o(x$fpl$frsb)
    __aeabi_fsub                             0x08005b1d   Thumb Code     0  faddsub_clz.o(x$fpl$fsub)
    _fsub                                    0x08005b1d   Thumb Code   234  faddsub_clz.o(x$fpl$fsub)
    __fpl_return_NaN                         0x08005c07   Thumb Code   100  retnan.o(x$fpl$retnan)
    __ARM_scalbn                             0x08005c6b   Thumb Code    92  scalbn.o(x$fpl$scalbn)
    __fpl_cmpreturn                          0x08005cc7   Thumb Code    48  trapv.o(x$fpl$trapveneer)
    __I$use$fp                               0x08005cf6   Number         0  usenofp.o(x$fpl$usenofp)
    __mathlib_zero                           0x08005d30   Data           8  qnan.o(.constdata)
    Region$$Table$$Base                      0x08005d38   Number         0  anon$$obj.o(Region$$Table)
    Region$$Table$$Limit                     0x08005d58   Number         0  anon$$obj.o(Region$$Table)
    SystemCoreClock                          0x20000000   Data           4  system_stm32f10x.o(.data)
    AHBPrescTable                            0x20000004   Data          16  system_stm32f10x.o(.data)
    rtc_flag                                 0x20000014   Data           1  main.o(.data)
    warkup_flag                              0x20000015   Data           1  main.o(.data)
    Turbo_speed                              0x20000018   Data           4  main.o(.data)
    POWER                                    0x2000001c   Data           4  main.o(.data)
    TEMSTATUS                                0x20000020   Data           4  main.o(.data)
    test                                     0x20000024   Data           4  main.o(.data)
    RS                                       0x20000028   Data           4  main.o(.data)
    RSTATUS                                  0x2000002c   Data           4  main.o(.data)
    timeout                                  0x20000030   Data           4  stm32f10x_it.o(.data)
    timeout_18B20                            0x20000034   Data           1  stm32f10x_it.o(.data)
    TIMEcount                                0x20000035   Data           1  stm32f10x_it.o(.data)
    ms_timeout                               0x20000036   Data           1  stm32f10x_it.o(.data)
    LED_stat                                 0x20000037   Data           1  stm32f10x_it.o(.data)
    nRF_Sec                                  0x20000038   Data           1  stm32f10x_it.o(.data)
    FAN_SPEED_S                              0x2000003c   Data           4  stm32f10x_it.o(.data)
    FAN_SPEED_M                              0x20000040   Data           4  stm32f10x_it.o(.data)
    FAN_COUNT                                0x20000044   Data           4  stm32f10x_it.o(.data)
    DMA_flag                                 0x20000048   Data           1  stm32f10x_it.o(.data)
    motor_flag                               0x20000049   Data           1  stm32f10x_it.o(.data)
    Beep_count                               0x2000004a   Data           1  stm32f10x_it.o(.data)
    nRec1                                    0x2000004b   Data           1  stm32f10x_it.o(.data)
    R_Data1                                  0x2000004c   Data           1  stm32f10x_it.o(.data)
    RI1_flag                                 0x2000004d   Data           1  stm32f10x_it.o(.data)
    nRec2                                    0x2000004e   Data           1  stm32f10x_it.o(.data)
    R_Data2                                  0x2000004f   Data           1  stm32f10x_it.o(.data)
    RI2_flag                                 0x20000050   Data           1  stm32f10x_it.o(.data)
    Key_Read                                 0x20000052   Data           2  stm32f10x_it.o(.data)
    Key_Save                                 0x20000054   Data           2  stm32f10x_it.o(.data)
    Key_Count                                0x20000056   Data           2  stm32f10x_it.o(.data)
    Key_Value                                0x20000058   Data           2  stm32f10x_it.o(.data)
    Key_Value_Save                           0x2000005a   Data           2  stm32f10x_it.o(.data)
    Key_Press_flag                           0x2000005c   Data           2  stm32f10x_it.o(.data)
    ADCConvertedValue                        0x20000074   Data          30  main.o(.bss)
    ADCValue                                 0x20000094   Data          60  main.o(.bss)
    ADCvolt                                  0x200000d0   Data          60  main.o(.bss)
    Rx_Buf1                                  0x2000010c   Data          15  stm32f10x_it.o(.bss)
    Rx_Buf2                                  0x2000011b   Data          15  stm32f10x_it.o(.bss)
    Tx_Buf2                                  0x2000012a   Data          30  stm32f10x_it.o(.bss)
    __libspace_start                         0x20000148   Data          96  libspace.o(.bss)
    __temporary_stack_top$libspace           0x200001a8   Data           0  libspace.o(.bss)



==============================================================================

Memory Map of the image

  Image Entry point : 0x080000ed

  Load Region LR_IROM1 (Base: 0x08000000, Size: 0x00005dcc, Max: 0x00020000, ABSOLUTE)

    Execution Region ER_IROM1 (Exec base: 0x08000000, Load base: 0x08000000, Size: 0x00005d58, Max: 0x00020000, ABSOLUTE)

    Exec Addr    Load Addr    Size         Type   Attr      Idx    E Section Name        Object

    0x08000000   0x08000000   0x000000ec   Data   RO            3    RESET               startup_stm32f10x_md.o
    0x080000ec   0x080000ec   0x00000008   Code   RO          502  * !!!main             c_w.l(__main.o)
    0x080000f4   0x080000f4   0x00000034   Code   RO          766    !!!scatter          c_w.l(__scatter.o)
    0x08000128   0x08000128   0x0000001a   Code   RO          768    !!handler_copy      c_w.l(__scatter_copy.o)
    0x08000142   0x08000142   0x00000002   PAD
    0x08000144   0x08000144   0x0000001c   Code   RO          770    !!handler_zi        c_w.l(__scatter_zi.o)
    0x08000160   0x08000160   0x00000002   Code   RO          633    .ARM.Collect$$libinit$$00000000  c_w.l(libinit.o)
    0x08000162   0x08000162   0x00000000   Code   RO          639    .ARM.Collect$$libinit$$00000002  c_w.l(libinit2.o)
    0x08000162   0x08000162   0x00000000   Code   RO          641    .ARM.Collect$$libinit$$00000004  c_w.l(libinit2.o)
    0x08000162   0x08000162   0x00000000   Code   RO          644    .ARM.Collect$$libinit$$0000000A  c_w.l(libinit2.o)
    0x08000162   0x08000162   0x00000000   Code   RO          646    .ARM.Collect$$libinit$$0000000C  c_w.l(libinit2.o)
    0x08000162   0x08000162   0x00000000   Code   RO          648    .ARM.Collect$$libinit$$0000000E  c_w.l(libinit2.o)
    0x08000162   0x08000162   0x00000000   Code   RO          651    .ARM.Collect$$libinit$$00000011  c_w.l(libinit2.o)
    0x08000162   0x08000162   0x00000000   Code   RO          653    .ARM.Collect$$libinit$$00000013  c_w.l(libinit2.o)
    0x08000162   0x08000162   0x00000000   Code   RO          655    .ARM.Collect$$libinit$$00000015  c_w.l(libinit2.o)
    0x08000162   0x08000162   0x00000000   Code   RO          657    .ARM.Collect$$libinit$$00000017  c_w.l(libinit2.o)
    0x08000162   0x08000162   0x00000000   Code   RO          659    .ARM.Collect$$libinit$$00000019  c_w.l(libinit2.o)
    0x08000162   0x08000162   0x00000000   Code   RO          661    .ARM.Collect$$libinit$$0000001B  c_w.l(libinit2.o)
    0x08000162   0x08000162   0x00000000   Code   RO          663    .ARM.Collect$$libinit$$0000001D  c_w.l(libinit2.o)
    0x08000162   0x08000162   0x00000000   Code   RO          665    .ARM.Collect$$libinit$$0000001F  c_w.l(libinit2.o)
    0x08000162   0x08000162   0x00000000   Code   RO          667    .ARM.Collect$$libinit$$00000021  c_w.l(libinit2.o)
    0x08000162   0x08000162   0x00000000   Code   RO          669    .ARM.Collect$$libinit$$00000023  c_w.l(libinit2.o)
    0x08000162   0x08000162   0x00000000   Code   RO          671    .ARM.Collect$$libinit$$00000025  c_w.l(libinit2.o)
    0x08000162   0x08000162   0x00000000   Code   RO          675    .ARM.Collect$$libinit$$0000002C  c_w.l(libinit2.o)
    0x08000162   0x08000162   0x00000000   Code   RO          677    .ARM.Collect$$libinit$$0000002E  c_w.l(libinit2.o)
    0x08000162   0x08000162   0x00000000   Code   RO          679    .ARM.Collect$$libinit$$00000030  c_w.l(libinit2.o)
    0x08000162   0x08000162   0x00000000   Code   RO          681    .ARM.Collect$$libinit$$00000032  c_w.l(libinit2.o)
    0x08000162   0x08000162   0x00000002   Code   RO          682    .ARM.Collect$$libinit$$00000033  c_w.l(libinit2.o)
    0x08000164   0x08000164   0x00000002   Code   RO          704    .ARM.Collect$$libshutdown$$00000000  c_w.l(libshutdown.o)
    0x08000166   0x08000166   0x00000000   Code   RO          717    .ARM.Collect$$libshutdown$$00000002  c_w.l(libshutdown2.o)
    0x08000166   0x08000166   0x00000000   Code   RO          719    .ARM.Collect$$libshutdown$$00000004  c_w.l(libshutdown2.o)
    0x08000166   0x08000166   0x00000000   Code   RO          721    .ARM.Collect$$libshutdown$$00000006  c_w.l(libshutdown2.o)
    0x08000166   0x08000166   0x00000000   Code   RO          724    .ARM.Collect$$libshutdown$$00000009  c_w.l(libshutdown2.o)
    0x08000166   0x08000166   0x00000000   Code   RO          727    .ARM.Collect$$libshutdown$$0000000C  c_w.l(libshutdown2.o)
    0x08000166   0x08000166   0x00000000   Code   RO          729    .ARM.Collect$$libshutdown$$0000000E  c_w.l(libshutdown2.o)
    0x08000166   0x08000166   0x00000000   Code   RO          732    .ARM.Collect$$libshutdown$$00000011  c_w.l(libshutdown2.o)
    0x08000166   0x08000166   0x00000002   Code   RO          733    .ARM.Collect$$libshutdown$$00000012  c_w.l(libshutdown2.o)
    0x08000168   0x08000168   0x00000000   Code   RO          556    .ARM.Collect$$rtentry$$00000000  c_w.l(__rtentry.o)
    0x08000168   0x08000168   0x00000000   Code   RO          598    .ARM.Collect$$rtentry$$00000002  c_w.l(__rtentry2.o)
    0x08000168   0x08000168   0x00000006   Code   RO          610    .ARM.Collect$$rtentry$$00000004  c_w.l(__rtentry4.o)
    0x0800016e   0x0800016e   0x00000000   Code   RO          600    .ARM.Collect$$rtentry$$00000009  c_w.l(__rtentry2.o)
    0x0800016e   0x0800016e   0x00000004   Code   RO          601    .ARM.Collect$$rtentry$$0000000A  c_w.l(__rtentry2.o)
    0x08000172   0x08000172   0x00000000   Code   RO          603    .ARM.Collect$$rtentry$$0000000C  c_w.l(__rtentry2.o)
    0x08000172   0x08000172   0x00000008   Code   RO          604    .ARM.Collect$$rtentry$$0000000D  c_w.l(__rtentry2.o)
    0x0800017a   0x0800017a   0x00000002   Code   RO          636    .ARM.Collect$$rtexit$$00000000  c_w.l(rtexit.o)
    0x0800017c   0x0800017c   0x00000000   Code   RO          686    .ARM.Collect$$rtexit$$00000002  c_w.l(rtexit2.o)
    0x0800017c   0x0800017c   0x00000004   Code   RO          687    .ARM.Collect$$rtexit$$00000003  c_w.l(rtexit2.o)
    0x08000180   0x08000180   0x00000006   Code   RO          688    .ARM.Collect$$rtexit$$00000004  c_w.l(rtexit2.o)
    0x08000186   0x08000186   0x00000002   PAD
    0x08000188   0x08000188   0x00000040   Code   RO            4    .text               startup_stm32f10x_md.o
    0x080001c8   0x080001c8   0x000001e0   Code   RO           10    .text               system_stm32f10x.o
    0x080003a8   0x080003a8   0x0000071c   Code   RO           49    .text               main.o
    0x08000ac4   0x08000ac4   0x00000414   Code   RO          178    .text               stm32f10x_it.o
    0x08000ed8   0x08000ed8   0x00000428   Code   RO          205    .text               tmc4671.o
    0x08001300   0x08001300   0x00000298   Code   RO          224    .text               uart.o
    0x08001598   0x08001598   0x000000d8   Code   RO          239    .text               uart_process.o
    0x08001670   0x08001670   0x0000015c   Code   RO          251    .text               gpio.o
    0x080017cc   0x080017cc   0x0000026c   Code   RO          266    .text               adc.o
    0x08001a38   0x08001a38   0x000000dc   Code   RO          292    .text               misc.o
    0x08001b14   0x08001b14   0x0000044e   Code   RO          304    .text               stm32f10x_adc.o
    0x08001f62   0x08001f62   0x00000002   PAD
    0x08001f64   0x08001f64   0x00000254   Code   RO          352    .text               stm32f10x_dma.o
    0x080021b8   0x080021b8   0x0000011c   Code   RO          364    .text               stm32f10x_exti.o
    0x080022d4   0x080022d4   0x000005bc   Code   RO          376    .text               stm32f10x_flash.o
    0x08002890   0x08002890   0x0000035c   Code   RO          388    .text               stm32f10x_gpio.o
    0x08002bec   0x08002bec   0x000000cc   Code   RO          412    .text               stm32f10x_pwr.o
    0x08002cb8   0x08002cb8   0x000003a4   Code   RO          424    .text               stm32f10x_rcc.o
    0x0800305c   0x0800305c   0x00000148   Code   RO          438    .text               stm32f10x_rtc.o
    0x080031a4   0x080031a4   0x0000030c   Code   RO          450    .text               stm32f10x_spi.o
    0x080034b0   0x080034b0   0x00000e1a   Code   RO          462    .text               stm32f10x_tim.o
    0x080042ca   0x080042ca   0x00000002   PAD
    0x080042cc   0x080042cc   0x00000408   Code   RO          474    .text               stm32f10x_usart.o
    0x080046d4   0x080046d4   0x00000088   Code   RO          486    .text               stm32f10x_wwdg.o
    0x0800475c   0x0800475c   0x00000006   Code   RO          500    .text               c_w.l(heapauxi.o)
    0x08004762   0x08004762   0x00000016   Code   RO          557    .text               c_w.l(_rserrno.o)
    0x08004778   0x08004778   0x00000008   Code   RO          615    .text               c_w.l(rt_errno_addr_intlibspace.o)
    0x08004780   0x08004780   0x00000008   Code   RO          621    .text               c_w.l(libspace.o)
    0x08004788   0x08004788   0x0000004a   Code   RO          624    .text               c_w.l(sys_stackheap_outer.o)
    0x080047d2   0x080047d2   0x00000012   Code   RO          626    .text               c_w.l(exit.o)
    0x080047e4   0x080047e4   0x0000000c   Code   RO          696    .text               c_w.l(sys_exit.o)
    0x080047f0   0x080047f0   0x00000002   Code   RO          707    .text               c_w.l(use_no_semi.o)
    0x080047f2   0x080047f2   0x00000000   Code   RO          709    .text               c_w.l(indicate_semi.o)
    0x080047f2   0x080047f2   0x000000aa   Code   RO          594    i.__kernel_poly     m_ws.l(poly.o)
    0x0800489c   0x0800489c   0x00000010   Code   RO          580    i.__mathlib_dbl_divzero  m_ws.l(dunder.o)
    0x080048ac   0x080048ac   0x00000006   Code   RO          581    i.__mathlib_dbl_infnan  m_ws.l(dunder.o)
    0x080048b2   0x080048b2   0x0000000c   Code   RO          583    i.__mathlib_dbl_invalid  m_ws.l(dunder.o)
    0x080048be   0x080048be   0x00000002   PAD
    0x080048c0   0x080048c0   0x0000035c   Code   RO          547    i.log               m_ws.l(log.o)
    0x08004c1c   0x08004c1c   0x00000062   Code   RO          504    x$fpl$d2f           fz_ws.l(d2f.o)
    0x08004c7e   0x08004c7e   0x00000002   PAD
    0x08004c80   0x08004c80   0x00000150   Code   RO          506    x$fpl$dadd          fz_ws.l(daddsub_clz.o)
    0x08004dd0   0x08004dd0   0x00000010   Code   RO          617    x$fpl$dcheck1       fz_ws.l(dcheck1.o)
    0x08004de0   0x08004de0   0x00000018   Code   RO          619    x$fpl$dcmpinf       fz_ws.l(dcmpi.o)
    0x08004df8   0x08004df8   0x000002b0   Code   RO          513    x$fpl$ddiv          fz_ws.l(ddiv.o)
    0x080050a8   0x080050a8   0x00000078   Code   RO          559    x$fpl$deqf          fz_ws.l(deqf.o)
    0x08005120   0x08005120   0x0000005e   Code   RO          516    x$fpl$dfix          fz_ws.l(dfix.o)
    0x0800517e   0x0800517e   0x0000002e   Code   RO          562    x$fpl$dflt          fz_ws.l(dflt_clz.o)
    0x080051ac   0x080051ac   0x00000154   Code   RO          520    x$fpl$dmul          fz_ws.l(dmul.o)
    0x08005300   0x08005300   0x0000009c   Code   RO          567    x$fpl$dnaninf       fz_ws.l(dnaninf.o)
    0x0800539c   0x0800539c   0x0000000c   Code   RO          569    x$fpl$dretinf       fz_ws.l(dretinf.o)
    0x080053a8   0x080053a8   0x00000016   Code   RO          507    x$fpl$drsb          fz_ws.l(daddsub_clz.o)
    0x080053be   0x080053be   0x00000002   PAD
    0x080053c0   0x080053c0   0x000001d4   Code   RO          508    x$fpl$dsub          fz_ws.l(daddsub_clz.o)
    0x08005594   0x08005594   0x00000056   Code   RO          522    x$fpl$f2d           fz_ws.l(f2d.o)
    0x080055ea   0x080055ea   0x00000002   PAD
    0x080055ec   0x080055ec   0x000000c4   Code   RO          524    x$fpl$fadd          fz_ws.l(faddsub_clz.o)
    0x080056b0   0x080056b0   0x00000018   Code   RO          571    x$fpl$fcmpinf       fz_ws.l(fcmpi.o)
    0x080056c8   0x080056c8   0x00000184   Code   RO          531    x$fpl$fdiv          fz_ws.l(fdiv.o)
    0x0800584c   0x0800584c   0x00000030   Code   RO          535    x$fpl$fflt          fz_ws.l(fflt_clz.o)
    0x0800587c   0x0800587c   0x00000026   Code   RO          534    x$fpl$ffltu         fz_ws.l(fflt_clz.o)
    0x080058a2   0x080058a2   0x00000002   PAD
    0x080058a4   0x080058a4   0x00000068   Code   RO          540    x$fpl$fleqf         fz_ws.l(fleqf.o)
    0x0800590c   0x0800590c   0x00000102   Code   RO          542    x$fpl$fmul          fz_ws.l(fmul.o)
    0x08005a0e   0x08005a0e   0x0000008c   Code   RO          573    x$fpl$fnaninf       fz_ws.l(fnaninf.o)
    0x08005a9a   0x08005a9a   0x0000000a   Code   RO          575    x$fpl$fretinf       fz_ws.l(fretinf.o)
    0x08005aa4   0x08005aa4   0x00000062   Code   RO          544    x$fpl$frleqf        fz_ws.l(frleqf.o)
    0x08005b06   0x08005b06   0x00000014   Code   RO          525    x$fpl$frsb          fz_ws.l(faddsub_clz.o)
    0x08005b1a   0x08005b1a   0x00000002   PAD
    0x08005b1c   0x08005b1c   0x000000ea   Code   RO          526    x$fpl$fsub          fz_ws.l(faddsub_clz.o)
    0x08005c06   0x08005c06   0x00000064   Code   RO          634    x$fpl$retnan        fz_ws.l(retnan.o)
    0x08005c6a   0x08005c6a   0x0000005c   Code   RO          577    x$fpl$scalbn        fz_ws.l(scalbn.o)
    0x08005cc6   0x08005cc6   0x00000030   Code   RO          683    x$fpl$trapveneer    fz_ws.l(trapv.o)
    0x08005cf6   0x08005cf6   0x00000000   Code   RO          579    x$fpl$usenofp       fz_ws.l(usenofp.o)
    0x08005cf6   0x08005cf6   0x00000002   PAD
    0x08005cf8   0x08005cf8   0x00000038   Data   RO          548    .constdata          m_ws.l(log.o)
    0x08005d30   0x08005d30   0x00000008   Data   RO          596    .constdata          m_ws.l(qnan.o)
    0x08005d38   0x08005d38   0x00000020   Data   RO          764    Region$$Table       anon$$obj.o


    Execution Region RW_IRAM1 (Exec base: 0x20000000, Load base: 0x08005d58, Size: 0x000007a8, Max: 0x00005000, ABSOLUTE)

    Exec Addr    Load Addr    Size         Type   Attr      Idx    E Section Name        Object

    0x20000000   0x08005d58   0x00000014   Data   RW           11    .data               system_stm32f10x.o
    0x20000014   0x08005d6c   0x0000001c   Data   RW           51    .data               main.o
    0x20000030   0x08005d88   0x0000002e   Data   RW          180    .data               stm32f10x_it.o
    0x2000005e   0x08005db6   0x00000014   Data   RW          425    .data               stm32f10x_rcc.o
    0x20000072   0x08005dca   0x00000002   PAD
    0x20000074        -       0x00000098   Zero   RW           50    .bss                main.o
    0x2000010c        -       0x0000003c   Zero   RW          179    .bss                stm32f10x_it.o
    0x20000148        -       0x00000060   Zero   RW          622    .bss                c_w.l(libspace.o)
    0x200001a8        -       0x00000200   Zero   RW            2    HEAP                startup_stm32f10x_md.o
    0x200003a8        -       0x00000400   Zero   RW            1    STACK               startup_stm32f10x_md.o


==============================================================================

Image component sizes


      Code (inc. data)   RO Data    RW Data    ZI Data      Debug   Object Name

       620         14          0          0          0       1047   adc.o
       348         18          0          0          0        645   gpio.o
      1820        134          0         28        152     300930   main.o
       220         22          0          0          0       1861   misc.o
        64         26        236          0       1536        856   startup_stm32f10x_md.o
      1102         26          0          0          0      11105   stm32f10x_adc.o
       596          8          0          0          0       4426   stm32f10x_dma.o
       284         10          0          0          0       2323   stm32f10x_exti.o
      1468         34          0          0          0       8266   stm32f10x_flash.o
       860         38          0          0          0       5793   stm32f10x_gpio.o
      1044        106          0         46         60       5151   stm32f10x_it.o
       204         14          0          0          0       1971   stm32f10x_pwr.o
       932         36          0         20          0       8972   stm32f10x_rcc.o
       328          4          0          0          0       2742   stm32f10x_rtc.o
       780         14          0          0          0       6678   stm32f10x_spi.o
      3610         88          0          0          0      22908   stm32f10x_tim.o
      1032         22          0          0          0       8520   stm32f10x_usart.o
       136         10          0          0          0       2352   stm32f10x_wwdg.o
       480         38          0         20          0       6319   system_stm32f10x.o
      1064         48          0          0          0       3011   tmc4671.o
       664         34          0          0          0       1525   uart.o
       216         16          0          0          0       1726   uart_process.o

    ----------------------------------------------------------------------
     17876        760        268        116       1748     409127   Object Totals
         0          0         32          0          0          0   (incl. Generated)
         4          0          0          2          0          0   (incl. Padding)

    ----------------------------------------------------------------------

      Code (inc. data)   RO Data    RW Data    ZI Data      Debug   Library Member Name

         8          0          0          0          0         68   __main.o
         0          0          0          0          0          0   __rtentry.o
        12          0          0          0          0          0   __rtentry2.o
         6          0          0          0          0          0   __rtentry4.o
        52          8          0          0          0          0   __scatter.o
        26          0          0          0          0          0   __scatter_copy.o
        28          0          0          0          0          0   __scatter_zi.o
        22          0          0          0          0        100   _rserrno.o
        18          0          0          0          0         80   exit.o
         6          0          0          0          0        152   heapauxi.o
         0          0          0          0          0          0   indicate_semi.o
         2          0          0          0          0          0   libinit.o
         2          0          0          0          0          0   libinit2.o
         2          0          0          0          0          0   libshutdown.o
         2          0          0          0          0          0   libshutdown2.o
         8          4          0          0         96         68   libspace.o
         8          4          0          0          0         68   rt_errno_addr_intlibspace.o
         2          0          0          0          0          0   rtexit.o
        10          0          0          0          0          0   rtexit2.o
        12          4          0          0          0         68   sys_exit.o
        74          0          0          0          0         80   sys_stackheap_outer.o
         2          0          0          0          0         68   use_no_semi.o
        98          4          0          0          0         92   d2f.o
       826         16          0          0          0        348   daddsub_clz.o
        16          4          0          0          0         68   dcheck1.o
        24          0          0          0          0         68   dcmpi.o
       688        140          0          0          0        208   ddiv.o
       120          4          0          0          0         92   deqf.o
        94          4          0          0          0         92   dfix.o
        46          0          0          0          0         68   dflt_clz.o
       340         12          0          0          0        104   dmul.o
       156          4          0          0          0         92   dnaninf.o
        12          0          0          0          0         68   dretinf.o
        86          4          0          0          0         84   f2d.o
       450          8          0          0          0        236   faddsub_clz.o
        24          0          0          0          0         68   fcmpi.o
       388         76          0          0          0         96   fdiv.o
        86          0          0          0          0        136   fflt_clz.o
       104          4          0          0          0         84   fleqf.o
       258          4          0          0          0         84   fmul.o
       140          4          0          0          0         84   fnaninf.o
        10          0          0          0          0         68   fretinf.o
        98          0          0          0          0         68   frleqf.o
       100          0          0          0          0         68   retnan.o
        92          0          0          0          0         68   scalbn.o
        48          0          0          0          0         68   trapv.o
         0          0          0          0          0          0   usenofp.o
        34          4          0          0          0        204   dunder.o
       860         52         56          0          0        256   log.o
       170          0          0          0          0         96   poly.o
         0          0          8          0          0          0   qnan.o

    ----------------------------------------------------------------------
      5688        364         64          0         96       3820   Library Totals
        18          0          0          0          0          0   (incl. Padding)

    ----------------------------------------------------------------------

      Code (inc. data)   RO Data    RW Data    ZI Data      Debug   Library Name

       302         20          0          0         96        752   c_w.l
      4304        288          0          0          0       2512   fz_ws.l
      1064         56         64          0          0        556   m_ws.l

    ----------------------------------------------------------------------
      5688        364         64          0         96       3820   Library Totals

    ----------------------------------------------------------------------

==============================================================================


      Code (inc. data)   RO Data    RW Data    ZI Data      Debug   

     23564       1124        332        116       1844     408471   Grand Totals
     23564       1124        332        116       1844     408471   ELF Image Totals
     23564       1124        332        116          0          0   ROM Totals

==============================================================================

    Total RO  Size (Code + RO Data)                23896 (  23.34kB)
    Total RW  Size (RW Data + ZI Data)              1960 (   1.91kB)
    Total ROM Size (Code + RO Data + RW Data)      24012 (  23.45kB)

==============================================================================

