<html>
<body>
<pre>
<h1>µVision Build Log</h1>
<h2>Tool Versions:</h2>
IDE-Version: ¦ÌVision V5.38.0.0
Copyright (C) 2022 ARM Ltd and ARM Germany GmbH. All rights reserved.
License Information: Sandman Zhang, 06, LIC=QF82M-XWGAR-12XLE-5V2UQ-S94MK-5JGBR
 
Tool Versions:
Toolchain:       MDK-ARM Plus  Version: 5.38.0.0
Toolchain Path:  C:\Program Files\Keil_v5\ARM\ARMCC\Bin
C Compiler:      Armcc.exe V5.06 update 7 (build 960)
Assembler:       Armasm.exe V5.06 update 7 (build 960)
Linker/Locator:  ArmLink.exe V5.06 update 7 (build 960)
Library Manager: ArmAr.exe V5.06 update 7 (build 960)
Hex Converter:   FromElf.exe V5.06 update 7 (build 960)
CPU DLL:         SARMCM3.DLL V5.38.0.0
Dialog DLL:      DARMSTM.DLL V1.69.1.0
Target DLL:      UL2CM3.DLL V1.164.8.0
Dialog DLL:      TARMSTM.DLL V1.67.1.0
 
<h2>Project:</h2>
C:\Users\zbn02\Desktop\TMC_BLDC\Project\TMC_BLDC.uvprojx
Project File Date:  10/10/2023

<h2>Output:</h2>
*** Using Compiler 'V5.06 update 7 (build 960)', folder: 'C:\Program Files\Keil_v5\ARM\ARMCC\Bin'
Build target 'BLDC'
assembling startup_stm32f10x_cl.s...
compiling core_cm3.c...
compiling system_stm32f10x.c...
compiling main.c...
main.c(317): warning:  #128-D: loop is not reachable
      while (1)
main.c(589): warning:  #186-D: pointless comparison of unsigned integer with zero
      if (dt < 0)
main.c: 2 warnings, 0 errors
compiling stm32f10x_it.c...
stm32f10x_it.c(394): warning:  #550-D: variable "i"  was set but never used
    u8 i;
stm32f10x_it.c(419): warning:  #550-D: variable "i"  was set but never used
    u8 i;
stm32f10x_it.c(445): warning:  #550-D: variable "i"  was set but never used
    u8 i;
stm32f10x_it.c: 3 warnings, 0 errors
compiling IIC_FMEEP.C...
compiling TMC4671.c...
..\User\TMC4671.c(220): warning:  #68-D: integer conversion resulted in a change of sign
  	tmc4671_writeInt(0, TMC4671_PID_POSITION_LIMIT_LOW, -2147483647);
..\User\TMC4671.c: 1 warning, 0 errors
compiling uart_process.c...
compiling Uart.c...
compiling gpio.c...
compiling misc.c...
compiling adc.c...
compiling stm32f10x_bkp.c...
compiling stm32f10x_adc.c...
compiling stm32f10x_can.c...
compiling stm32f10x_dbgmcu.c...
compiling stm32f10x_dma.c...
compiling stm32f10x_exti.c...
compiling stm32f10x_gpio.c...
compiling stm32f10x_flash.c...
compiling stm32f10x_i2c.c...
compiling stm32f10x_pwr.c...
compiling stm32f10x_rtc.c...
compiling stm32f10x_rcc.c...
compiling stm32f10x_spi.c...
compiling stm32f10x_usart.c...
compiling stm32f10x_tim.c...
compiling stm32f10x_wwdg.c...
linking...
Program Size: Code=24216 RO-data=432 RW-data=168 ZI-data=1848  
FromELF: creating hex file...
".\Objects\TMC_BLDC.axf" - 0 Error(s), 6 Warning(s).

<h2>Software Packages used:</h2>

Package Vendor: ARM
                http://www.keil.com/pack/ARM.CMSIS.5.9.0.pack
                ARM.CMSIS.5.9.0
                CMSIS (Common Microcontroller Software Interface Standard)
   * Component: CORE Version: 5.6.0

Package Vendor: Keil
                https://www.keil.com/pack/Keil.STM32F1xx_DFP.2.4.1.pack
                Keil.STM32F1xx_DFP.2.4.1
                STMicroelectronics STM32F1 Series Device Support, Drivers and Examples

<h2>Collection of Component include folders:</h2>
  ./RTE/_BLDC
  C:/Users/zbn02/AppData/Local/Arm/Packs/ARM/CMSIS/5.9.0/CMSIS/Core/Include
  C:/Users/zbn02/AppData/Local/Arm/Packs/Keil/STM32F1xx_DFP/2.4.1/Device/Include

<h2>Collection of Component Files used:</h2>

   * Component: ARM::CMSIS:CORE:5.6.0
Build Time Elapsed:  00:00:10
</pre>
</body>
</html>
