Component: ARM Compiler 5.06 update 7 (build 960) Tool: armlink [4d3601]

==============================================================================

Section Cross References

    startup_stm32f10x_cl.o(STACK) refers (Special) to heapauxi.o(.text) for __use_two_region_memory
    startup_stm32f10x_cl.o(HEAP) refers (Special) to heapauxi.o(.text) for __use_two_region_memory
    startup_stm32f10x_cl.o(RESET) refers (Special) to heapauxi.o(.text) for __use_two_region_memory
    startup_stm32f10x_cl.o(RESET) refers to startup_stm32f10x_cl.o(STACK) for __initial_sp
    startup_stm32f10x_cl.o(RESET) refers to startup_stm32f10x_cl.o(.text) for Reset_Handler
    startup_stm32f10x_cl.o(RESET) refers to stm32f10x_it.o(.text) for NMI_Handler
    startup_stm32f10x_cl.o(.text) refers (Special) to heapauxi.o(.text) for __use_two_region_memory
    startup_stm32f10x_cl.o(.text) refers to system_stm32f10x.o(.text) for SystemInit
    startup_stm32f10x_cl.o(.text) refers to __main.o(!!!main) for __main
    startup_stm32f10x_cl.o(.text) refers to startup_stm32f10x_cl.o(HEAP) for Heap_Mem
    startup_stm32f10x_cl.o(.text) refers to startup_stm32f10x_cl.o(STACK) for Stack_Mem
    system_stm32f10x.o(.text) refers to system_stm32f10x.o(.data) for SystemCoreClock
    main.o(.text) refers to stm32f10x_tim.o(.text) for TIM_SetCompare4
    main.o(.text) refers to f2d.o(x$fpl$f2d) for __aeabi_f2d
    main.o(.text) refers to fflt_clz.o(x$fpl$fflt) for __aeabi_i2f
    main.o(.text) refers to fdiv.o(x$fpl$fdiv) for __aeabi_fdiv
    main.o(.text) refers to log.o(i.log) for log
    main.o(.text) refers to ddiv.o(x$fpl$ddiv) for __aeabi_ddiv
    main.o(.text) refers to daddsub_clz.o(x$fpl$dadd) for __aeabi_dadd
    main.o(.text) refers to daddsub_clz.o(x$fpl$dsub) for __aeabi_dsub
    main.o(.text) refers to d2f.o(x$fpl$d2f) for __aeabi_d2f
    main.o(.text) refers to stm32f10x_rcc.o(.text) for RCC_AHBPeriphClockCmd
    main.o(.text) refers to stm32f10x_dma.o(.text) for DMA_DeInit
    main.o(.text) refers to stm32f10x_adc.o(.text) for ADC_DeInit
    main.o(.text) refers to misc.o(.text) for NVIC_Init
    main.o(.text) refers to stm32f10x_gpio.o(.text) for GPIO_Init
    main.o(.text) refers to main.o(.bss) for ADCConvertedValue
    main.o(.text) refers to stm32f10x_flash.o(.text) for FLASH_PrefetchBufferCmd
    main.o(.text) refers to uart.o(.text) for InitUsart2
    main.o(.text) refers to stm32f10x_wwdg.o(.text) for WWDG_SetCounter
    main.o(.text) refers to tmc4671.o(.text) for init_TMC4671
    main.o(.text) refers to main.o(.data) for zhuansu
    main.o(.text) refers to stm32f10x_it.o(.data) for timeout
    main.o(.text) refers to fflt_clz.o(x$fpl$ffltu) for __aeabi_ui2f
    main.o(.text) refers to dmul.o(x$fpl$dmul) for __aeabi_dmul
    main.o(.text) refers to dfix.o(x$fpl$dfix) for __aeabi_d2iz
    main.o(.text) refers to fmul.o(x$fpl$fmul) for __aeabi_fmul
    main.o(.text) refers to faddsub_clz.o(x$fpl$fsub) for __aeabi_fsub
    main.o(.text) refers to fleqf.o(x$fpl$fleqf) for __aeabi_cfcmple
    main.o(.text) refers to frleqf.o(x$fpl$frleqf) for __aeabi_cfrcmple
    main.o(.text) refers to ffixu.o(x$fpl$ffixu) for __aeabi_f2uiz
    main.o(.text) refers to uart_process.o(.text) for usart2_send
    main.o(.text) refers to stm32f10x_it.o(.bss) for Rx_Buf2
    stm32f10x_it.o(.text) refers to stm32f10x_tim.o(.text) for TIM_GetITStatus
    stm32f10x_it.o(.text) refers to stm32f10x_gpio.o(.text) for GPIO_SetBits
    stm32f10x_it.o(.text) refers to stm32f10x_spi.o(.text) for SPI_I2S_GetITStatus
    stm32f10x_it.o(.text) refers to stm32f10x_rtc.o(.text) for RTC_GetITStatus
    stm32f10x_it.o(.text) refers to stm32f10x_exti.o(.text) for EXTI_ClearITPendingBit
    stm32f10x_it.o(.text) refers to stm32f10x_pwr.o(.text) for PWR_GetFlagStatus
    stm32f10x_it.o(.text) refers to stm32f10x_dma.o(.text) for DMA_GetITStatus
    stm32f10x_it.o(.text) refers to stm32f10x_usart.o(.text) for USART_GetITStatus
    stm32f10x_it.o(.text) refers to stm32f10x_it.o(.data) for timeout
    stm32f10x_it.o(.text) refers to main.o(.data) for rtc_flag
    stm32f10x_it.o(.text) refers to stm32f10x_it.o(.bss) for Rx_Buf2
    iic_fmeep.o(.text) refers to stm32f10x_rcc.o(.text) for RCC_APB1PeriphClockCmd
    iic_fmeep.o(.text) refers to stm32f10x_gpio.o(.text) for GPIO_Init
    iic_fmeep.o(.text) refers to stm32f10x_i2c.o(.text) for I2C_Cmd
    iic_fmeep.o(.text) refers to stm32f10x_wwdg.o(.text) for WWDG_SetCounter
    iic_fmeep.o(.text) refers to stm32f10x_it.o(.data) for ms_timeout
    tmc4671.o(.text) refers to stm32f10x_spi.o(.text) for SPI_Init
    tmc4671.o(.text) refers to stm32f10x_rcc.o(.text) for RCC_APB1PeriphClockCmd
    tmc4671.o(.text) refers to stm32f10x_gpio.o(.text) for GPIO_Init
    uart.o(.text) refers to stm32f10x_rcc.o(.text) for RCC_APB1PeriphClockCmd
    uart.o(.text) refers to stm32f10x_gpio.o(.text) for GPIO_Init
    uart.o(.text) refers to stm32f10x_usart.o(.text) for USART_ITConfig
    uart.o(.text) refers to misc.o(.text) for NVIC_Init
[...]
    .text                                    0x08001a74   Section        0  uart.o(.text)
    .text                                    0x08001d0c   Section        0  uart_process.o(.text)
    .text                                    0x08001de4   Section        0  misc.o(.text)
    .text                                    0x08001ec0   Section        0  stm32f10x_adc.o(.text)
    .text                                    0x08002310   Section        0  stm32f10x_dma.o(.text)
    .text                                    0x08002564   Section        0  stm32f10x_exti.o(.text)
    .text                                    0x08002680   Section        0  stm32f10x_flash.o(.text)
    .text                                    0x08002c3c   Section        0  stm32f10x_gpio.o(.text)
    .text                                    0x08002f98   Section        0  stm32f10x_pwr.o(.text)
    .text                                    0x08003064   Section        0  stm32f10x_rcc.o(.text)
    .text                                    0x08003408   Section        0  stm32f10x_rtc.o(.text)
    .text                                    0x08003550   Section        0  stm32f10x_spi.o(.text)
    .text                                    0x0800385c   Section        0  stm32f10x_tim.o(.text)
    TI4_Config                               0x08003d03   Thumb Code   130  stm32f10x_tim.o(.text)
    TI3_Config                               0x08003d97   Thumb Code   122  stm32f10x_tim.o(.text)
    TI2_Config                               0x08003e2b   Thumb Code   130  stm32f10x_tim.o(.text)
    TI1_Config                               0x08003ebf   Thumb Code   108  stm32f10x_tim.o(.text)
    .text                                    0x08004678   Section        0  stm32f10x_usart.o(.text)
    .text                                    0x08004a80   Section        0  stm32f10x_wwdg.o(.text)
    .text                                    0x08004b08   Section        0  heapauxi.o(.text)
    .text                                    0x08004b0e   Section        0  _rserrno.o(.text)
    .text                                    0x08004b24   Section        8  rt_errno_addr_intlibspace.o(.text)
    .text                                    0x08004b2c   Section        8  libspace.o(.text)
    .text                                    0x08004b34   Section       74  sys_stackheap_outer.o(.text)
    .text                                    0x08004b7e   Section        0  exit.o(.text)
    .text                                    0x08004b90   Section        0  sys_exit.o(.text)
    .text                                    0x08004b9c   Section        2  use_no_semi.o(.text)
    .text                                    0x08004b9e   Section        0  indicate_semi.o(.text)
    i.__kernel_poly                          0x08004b9e   Section        0  poly.o(i.__kernel_poly)
    i.__mathlib_dbl_divzero                  0x08004c48   Section        0  dunder.o(i.__mathlib_dbl_divzero)
    i.__mathlib_dbl_infnan                   0x08004c58   Section        0  dunder.o(i.__mathlib_dbl_infnan)
    i.__mathlib_dbl_invalid                  0x08004c5e   Section        0  dunder.o(i.__mathlib_dbl_invalid)
    i.log                                    0x08004c6c   Section        0  log.o(i.log)
    x$fpl$d2f                                0x08004fc8   Section       98  d2f.o(x$fpl$d2f)
    x$fpl$dadd                               0x0800502c   Section      336  daddsub_clz.o(x$fpl$dadd)
    _dadd1                                   0x0800503d   Thumb Code     0  daddsub_clz.o(x$fpl$dadd)
    x$fpl$dcheck1                            0x0800517c   Section       16  dcheck1.o(x$fpl$dcheck1)
    x$fpl$dcmpinf                            0x0800518c   Section       24  dcmpi.o(x$fpl$dcmpinf)
    x$fpl$ddiv                               0x080051a4   Section      688  ddiv.o(x$fpl$ddiv)
    ddiv_entry                               0x080051ab   Thumb Code     0  ddiv.o(x$fpl$ddiv)
    x$fpl$deqf                               0x08005454   Section      120  deqf.o(x$fpl$deqf)
    x$fpl$dfix                               0x080054cc   Section       94  dfix.o(x$fpl$dfix)
    x$fpl$dflt                               0x0800552a   Section       46  dflt_clz.o(x$fpl$dflt)
    x$fpl$dmul                               0x08005558   Section      340  dmul.o(x$fpl$dmul)
    x$fpl$dnaninf                            0x080056ac   Section      156  dnaninf.o(x$fpl$dnaninf)
    x$fpl$dretinf                            0x08005748   Section       12  dretinf.o(x$fpl$dretinf)
    x$fpl$drsb                               0x08005754   Section       22  daddsub_clz.o(x$fpl$drsb)
    x$fpl$dsub                               0x0800576c   Section      468  daddsub_clz.o(x$fpl$dsub)
    _dsub1                                   0x0800577d   Thumb Code     0  daddsub_clz.o(x$fpl$dsub)
    x$fpl$f2d                                0x08005940   Section       86  f2d.o(x$fpl$f2d)
    x$fpl$fadd                               0x08005998   Section      196  faddsub_clz.o(x$fpl$fadd)
    _fadd1                                   0x080059a7   Thumb Code     0  faddsub_clz.o(x$fpl$fadd)
    x$fpl$fcmpinf                            0x08005a5c   Section       24  fcmpi.o(x$fpl$fcmpinf)
    x$fpl$fdiv                               0x08005a74   Section      388  fdiv.o(x$fpl$fdiv)
    _fdiv1                                   0x08005a75   Thumb Code     0  fdiv.o(x$fpl$fdiv)
    x$fpl$ffixu                              0x08005bf8   Section       62  ffixu.o(x$fpl$ffixu)
    x$fpl$fflt                               0x08005c38   Section       48  fflt_clz.o(x$fpl$fflt)
    x$fpl$ffltu                              0x08005c68   Section       38  fflt_clz.o(x$fpl$ffltu)
    x$fpl$fleqf                              0x08005c90   Section      104  fleqf.o(x$fpl$fleqf)
    x$fpl$fmul                               0x08005cf8   Section      258  fmul.o(x$fpl$fmul)
    x$fpl$fnaninf                            0x08005dfa   Section      140  fnaninf.o(x$fpl$fnaninf)
    x$fpl$fretinf                            0x08005e86   Section       10  fretinf.o(x$fpl$fretinf)
    x$fpl$frleqf                             0x08005e90   Section       98  frleqf.o(x$fpl$frleqf)
    x$fpl$fsub                               0x08005ef4   Section      234  faddsub_clz.o(x$fpl$fsub)
    _fsub1                                   0x08005f03   Thumb Code     0  faddsub_clz.o(x$fpl$fsub)
    x$fpl$retnan                             0x08005fde   Section      100  retnan.o(x$fpl$retnan)
    x$fpl$scalbn                             0x08006042   Section       92  scalbn.o(x$fpl$scalbn)
    x$fpl$trapveneer                         0x0800609e   Section       48  trapv.o(x$fpl$trapveneer)
    x$fpl$usenofp                            0x080060ce   Section        0  usenofp.o(x$fpl$usenofp)
    .constdata                               0x080060d0   Section       56  log.o(.constdata)
    Lg2                                      0x080060d0   Data          24  log.o(.constdata)
    Lg                                       0x080060e8   Data          32  log.o(.constdata)
    .constdata                               0x08006108   Section        8  qnan.o(.constdata)
    .data                                    0x20000000   Section       20  system_stm32f10x.o(.data)
    .data                                    0x20000014   Section       80  main.o(.data)
    .data                                    0x20000064   Section       45  stm32f10x_it.o(.data)
    .data                                    0x20000091   Section       20  stm32f10x_rcc.o(.data)
    APBAHBPrescTable                         0x20000091   Data          16  stm32f10x_rcc.o(.data)
    ADCPrescTable                            0x200000a1   Data           4  stm32f10x_rcc.o(.data)
    .bss                                     0x200000a8   Section      152  main.o(.bss)
    .bss                                     0x20000140   Section       60  stm32f10x_it.o(.bss)
    .bss                                     0x2000017c   Section       96  libspace.o(.bss)
    HEAP                                     0x200001e0   Section      512  startup_stm32f10x_cl.o(HEAP)
    Heap_Mem                                 0x200001e0   Data         512  startup_stm32f10x_cl.o(HEAP)
    STACK                                    0x200003e0   Section     1024  startup_stm32f10x_cl.o(STACK)
    Stack_Mem                                0x200003e0   Data        1024  startup_stm32f10x_cl.o(STACK)
    __initial_sp                             0x200007e0   Data           0  startup_stm32f10x_cl.o(STACK)

    Global Symbols

    Symbol Name                              Value     Ov Type        Size  Object(Section)

    BuildAttributes$$THM_ISAv4$P$D$K$B$S$PE$A:L22UL41UL21$X:L11$S22US41US21$IEEE1$IW$USESV6$~STKCKD$USESV7$~SHL$OTIME$ROPI$IEEEX$EBA8$UX$STANDARDLIB$REQ8$PRES8$EABIv2 0x00000000   Number         0  anon$$obj.o ABSOLUTE
    __ARM_use_no_argv                        0x00000000   Number         0  main.o ABSOLUTE
    __ARM_exceptions_init                     - Undefined Weak Reference
    __alloca_initialize                       - Undefined Weak Reference
    __arm_fini_                               - Undefined Weak Reference
    __arm_preinit_                            - Undefined Weak Reference
    __cpp_initialize__aeabi_                  - Undefined Weak Reference
    __cxa_finalize                            - Undefined Weak Reference
    __rt_locale                               - Undefined Weak Reference
    __sigvec_lookup                           - Undefined Weak Reference
    _atexit_init                              - Undefined Weak Reference
    _call_atexit_fns                          - Undefined Weak Reference
    _clock_init                               - Undefined Weak Reference
    _fp_trap_init                             - Undefined Weak Reference
    _fp_trap_shutdown                         - Undefined Weak Reference
    _get_lc_collate                           - Undefined Weak Reference
    _get_lc_ctype                             - Undefined Weak Reference
    _get_lc_monetary                          - Undefined Weak Reference
    _get_lc_numeric                           - Undefined Weak Reference
    _get_lc_time                              - Undefined Weak Reference
    _getenv_init                              - Undefined Weak Reference
    _handle_redirection                       - Undefined Weak Reference
    _init_alloc                               - Undefined Weak Reference
    _init_user_alloc                          - Undefined Weak Reference
    _initio                                   - Undefined Weak Reference
    _rand_init                                - Undefined Weak Reference
    _signal_finish                            - Undefined Weak Reference
    _signal_init                              - Undefined Weak Reference
    _terminate_alloc                          - Undefined Weak Reference
    _terminate_user_alloc                     - Undefined Weak Reference
    _terminateio                              - Undefined Weak Reference
    __Vectors_Size                           0x00000150   Number         0  startup_stm32f10x_cl.o ABSOLUTE
    __Vectors                                0x08000000   Data           4  startup_stm32f10x_cl.o(RESET)
    __Vectors_End                            0x08000150   Data           0  startup_stm32f10x_cl.o(RESET)
    __main                                   0x08000151   Thumb Code     8  __main.o(!!!main)
    __scatterload                            0x08000159   Thumb Code     0  __scatter.o(!!!scatter)
    __scatterload_rt2                        0x08000159   Thumb Code    44  __scatter.o(!!!scatter)
    __scatterload_rt2_thumb_only             0x08000159   Thumb Code     0  __scatter.o(!!!scatter)
    __scatterload_null                       0x08000167   Thumb Code     0  __scatter.o(!!!scatter)
    __scatterload_copy                       0x0800018d   Thumb Code    26  __scatter_copy.o(!!handler_copy)
    __scatterload_zeroinit                   0x080001a9   Thumb Code    28  __scatter_zi.o(!!handler_zi)
    __rt_lib_init                            0x080001c5   Thumb Code     0  libinit.o(.ARM.Collect$$libinit$$00000000)
    __rt_lib_init_alloca_1                   0x080001c7   Thumb Code     0  libinit2.o(.ARM.Collect$$libinit$$0000002E)
    __rt_lib_init_argv_1                     0x080001c7   Thumb Code     0  libinit2.o(.ARM.Collect$$libinit$$0000002C)
    __rt_lib_init_atexit_1                   0x080001c7   Thumb Code     0  libinit2.o(.ARM.Collect$$libinit$$0000001B)
    __rt_lib_init_clock_1                    0x080001c7   Thumb Code     0  libinit2.o(.ARM.Collect$$libinit$$00000021)
    __rt_lib_init_cpp_1                      0x080001c7   Thumb Code     0  libinit2.o(.ARM.Collect$$libinit$$00000032)
    __rt_lib_init_exceptions_1               0x080001c7   Thumb Code     0  libinit2.o(.ARM.Collect$$libinit$$00000030)
    __rt_lib_init_fp_1                       0x080001c7   Thumb Code     0  libinit2.o(.ARM.Collect$$libinit$$00000002)
    __rt_lib_init_fp_trap_1                  0x080001c7   Thumb Code     0  libinit2.o(.ARM.Collect$$libinit$$0000001F)
    __rt_lib_init_getenv_1                   0x080001c7   Thumb Code     0  libinit2.o(.ARM.Collect$$libinit$$00000023)
    __rt_lib_init_heap_1                     0x080001c7   Thumb Code     0  libinit2.o(.ARM.Collect$$libinit$$0000000A)
    __rt_lib_init_lc_collate_1               0x080001c7   Thumb Code     0  libinit2.o(.ARM.Collect$$libinit$$00000011)
    __rt_lib_init_lc_ctype_1                 0x080001c7   Thumb Code     0  libinit2.o(.ARM.Collect$$libinit$$00000013)
    __rt_lib_init_lc_monetary_1              0x080001c7   Thumb Code     0  libinit2.o(.ARM.Collect$$libinit$$00000015)
    __rt_lib_init_lc_numeric_1               0x080001c7   Thumb Code     0  libinit2.o(.ARM.Collect$$libinit$$00000017)
    __rt_lib_init_lc_time_1                  0x080001c7   Thumb Code     0  libinit2.o(.ARM.Collect$$libinit$$00000019)
    __rt_lib_init_preinit_1                  0x080001c7   Thumb Code     0  libinit2.o(.ARM.Collect$$libinit$$00000004)
    __rt_lib_init_rand_1                     0x080001c7   Thumb Code     0  libinit2.o(.ARM.Collect$$libinit$$0000000E)
    __rt_lib_init_return                     0x080001c7   Thumb Code     0  libinit2.o(.ARM.Collect$$libinit$$00000033)
    __rt_lib_init_signal_1                   0x080001c7   Thumb Code     0  libinit2.o(.ARM.Collect$$libinit$$0000001D)
    __rt_lib_init_stdio_1                    0x080001c7   Thumb Code     0  libinit2.o(.ARM.Collect$$libinit$$00000025)
    __rt_lib_init_user_alloc_1               0x080001c7   Thumb Code     0  libinit2.o(.ARM.Collect$$libinit$$0000000C)
    __rt_lib_shutdown                        0x080001c9   Thumb Code     0  libshutdown.o(.ARM.Collect$$libshutdown$$00000000)
    __rt_lib_shutdown_cpp_1                  0x080001cb   Thumb Code     0  libshutdown2.o(.ARM.Collect$$libshutdown$$00000004)
    __rt_lib_shutdown_fini_1                 0x080001cb   Thumb Code     0  libshutdown2.o(.ARM.Collect$$libshutdown$$00000002)
    __rt_lib_shutdown_fp_trap_1              0x080001cb   Thumb Code     0  libshutdown2.o(.ARM.Collect$$libshutdown$$00000009)
    __rt_lib_shutdown_heap_1                 0x080001cb   Thumb Code     0  libshutdown2.o(.ARM.Collect$$libshutdown$$00000011)
    __rt_lib_shutdown_return                 0x080001cb   Thumb Code     0  libshutdown2.o(.ARM.Collect$$libshutdown$$00000012)
    __rt_lib_shutdown_signal_1               0x080001cb   Thumb Code     0  libshutdown2.o(.ARM.Collect$$libshutdown$$0000000C)
    __rt_lib_shutdown_stdio_1                0x080001cb   Thumb Code     0  libshutdown2.o(.ARM.Collect$$libshutdown$$00000006)
    __rt_lib_shutdown_user_alloc_1           0x080001cb   Thumb Code     0  libshutdown2.o(.ARM.Collect$$libshutdown$$0000000E)
    __rt_entry                               0x080001cd   Thumb Code     0  __rtentry.o(.ARM.Collect$$rtentry$$00000000)
    __rt_entry_presh_1                       0x080001cd   Thumb Code     0  __rtentry2.o(.ARM.Collect$$rtentry$$00000002)
    __rt_entry_sh                            0x080001cd   Thumb Code     0  __rtentry4.o(.ARM.Collect$$rtentry$$00000004)
    __rt_entry_li                            0x080001d3   Thumb Code     0  __rtentry2.o(.ARM.Collect$$rtentry$$0000000A)
    __rt_entry_postsh_1                      0x080001d3   Thumb Code     0  __rtentry2.o(.ARM.Collect$$rtentry$$00000009)
    __rt_entry_main                          0x080001d7   Thumb Code     0  __rtentry2.o(.ARM.Collect$$rtentry$$0000000D)
    __rt_entry_postli_1                      0x080001d7   Thumb Code     0  __rtentry2.o(.ARM.Collect$$rtentry$$0000000C)
    __rt_exit                                0x080001df   Thumb Code     0  rtexit.o(.ARM.Collect$$rtexit$$00000000)
    __rt_exit_ls                             0x080001e1   Thumb Code     0  rtexit2.o(.ARM.Collect$$rtexit$$00000003)
    __rt_exit_prels_1                        0x080001e1   Thumb Code     0  rtexit2.o(.ARM.Collect$$rtexit$$00000002)
    __rt_exit_exit                           0x080001e5   Thumb Code     0  rtexit2.o(.ARM.Collect$$rtexit$$00000004)
    Reset_Handler                            0x080001ed   Thumb Code     8  startup_stm32f10x_cl.o(.text)
    ADC1_2_IRQHandler                        0x08000207   Thumb Code     0  startup_stm32f10x_cl.o(.text)
    CAN1_RX0_IRQHandler                      0x08000207   Thumb Code     0  startup_stm32f10x_cl.o(.text)
    CAN1_RX1_IRQHandler                      0x08000207   Thumb Code     0  startup_stm32f10x_cl.o(.text)
    CAN1_SCE_IRQHandler                      0x08000207   Thumb Code     0  startup_stm32f10x_cl.o(.text)
    CAN1_TX_IRQHandler                       0x08000207   Thumb Code     0  startup_stm32f10x_cl.o(.text)
    CAN2_RX0_IRQHandler                      0x08000207   Thumb Code     0  startup_stm32f10x_cl.o(.text)
    CAN2_RX1_IRQHandler                      0x08000207   Thumb Code     0  startup_stm32f10x_cl.o(.text)
    CAN2_SCE_IRQHandler                      0x08000207   Thumb Code     0  startup_stm32f10x_cl.o(.text)
    CAN2_TX_IRQHandler                       0x08000207   Thumb Code     0  startup_stm32f10x_cl.o(.text)
    DMA1_Channel1_IRQHandler                 0x08000207   Thumb Code     0  startup_stm32f10x_cl.o(.text)
    DMA1_Channel2_IRQHandler                 0x08000207   Thumb Code     0  startup_stm32f10x_cl.o(.text)
    DMA1_Channel3_IRQHandler                 0x08000207   Thumb Code     0  startup_stm32f10x_cl.o(.text)
    DMA1_Channel4_IRQHandler                 0x08000207   Thumb Code     0  startup_stm32f10x_cl.o(.text)
    DMA1_Channel6_IRQHandler                 0x08000207   Thumb Code     0  startup_stm32f10x_cl.o(.text)
    DMA1_Channel7_IRQHandler                 0x08000207   Thumb Code     0  startup_stm32f10x_cl.o(.text)
    DMA2_Channel1_IRQHandler                 0x08000207   Thumb Code     0  startup_stm32f10x_cl.o(.text)
    DMA2_Channel2_IRQHandler                 0x08000207   Thumb Code     0  startup_stm32f10x_cl.o(.text)
    DMA2_Channel3_IRQHandler                 0x08000207   Thumb Code     0  startup_stm32f10x_cl.o(.text)
    ETH_IRQHandler                           0x08000207   Thumb Code     0  startup_stm32f10x_cl.o(.text)
    ETH_WKUP_IRQHandler                      0x08000207   Thumb Code     0  startup_stm32f10x_cl.o(.text)
    EXTI15_10_IRQHandler                     0x08000207   Thumb Code     0  startup_stm32f10x_cl.o(.text)
    EXTI1_IRQHandler                         0x08000207   Thumb Code     0  startup_stm32f10x_cl.o(.text)
    EXTI2_IRQHandler                         0x08000207   Thumb Code     0  startup_stm32f10x_cl.o(.text)
    EXTI4_IRQHandler                         0x08000207   Thumb Code     0  startup_stm32f10x_cl.o(.text)
    FLASH_IRQHandler                         0x08000207   Thumb Code     0  startup_stm32f10x_cl.o(.text)
    I2C1_ER_IRQHandler                       0x08000207   Thumb Code     0  startup_stm32f10x_cl.o(.text)
    I2C1_EV_IRQHandler                       0x08000207   Thumb Code     0  startup_stm32f10x_cl.o(.text)
    I2C2_ER_IRQHandler                       0x08000207   Thumb Code     0  startup_stm32f10x_cl.o(.text)
    I2C2_EV_IRQHandler                       0x08000207   Thumb Code     0  startup_stm32f10x_cl.o(.text)
    OTG_FS_WKUP_IRQHandler                   0x08000207   Thumb Code     0  startup_stm32f10x_cl.o(.text)
    PVD_IRQHandler                           0x08000207   Thumb Code     0  startup_stm32f10x_cl.o(.text)
    RCC_IRQHandler                           0x08000207   Thumb Code     0  startup_stm32f10x_cl.o(.text)
    RTC_IRQHandler                           0x08000207   Thumb Code     0  startup_stm32f10x_cl.o(.text)
    SPI1_IRQHandler                          0x08000207   Thumb Code     0  startup_stm32f10x_cl.o(.text)
    SPI3_IRQHandler                          0x08000207   Thumb Code     0  startup_stm32f10x_cl.o(.text)
    TAMPER_IRQHandler                        0x08000207   Thumb Code     0  startup_stm32f10x_cl.o(.text)
    TIM1_BRK_IRQHandler                      0x08000207   Thumb Code     0  startup_stm32f10x_cl.o(.text)
    TIM1_CC_IRQHandler                       0x08000207   Thumb Code     0  startup_stm32f10x_cl.o(.text)
    TIM1_TRG_COM_IRQHandler                  0x08000207   Thumb Code     0  startup_stm32f10x_cl.o(.text)
    TIM1_UP_IRQHandler                       0x08000207   Thumb Code     0  startup_stm32f10x_cl.o(.text)
    TIM4_IRQHandler                          0x08000207   Thumb Code     0  startup_stm32f10x_cl.o(.text)
    TIM5_IRQHandler                          0x08000207   Thumb Code     0  startup_stm32f10x_cl.o(.text)
    TIM6_IRQHandler                          0x08000207   Thumb Code     0  startup_stm32f10x_cl.o(.text)
    TIM7_IRQHandler                          0x08000207   Thumb Code     0  startup_stm32f10x_cl.o(.text)
    USART3_IRQHandler                        0x08000207   Thumb Code     0  startup_stm32f10x_cl.o(.text)
    WWDG_IRQHandler                          0x08000207   Thumb Code     0  startup_stm32f10x_cl.o(.text)
    __user_initial_stackheap                 0x08000209   Thumb Code     0  startup_stm32f10x_cl.o(.text)
    SystemInit                               0x0800030b   Thumb Code    78  system_stm32f10x.o(.text)
    SystemCoreClockUpdate                    0x08000359   Thumb Code   142  system_stm32f10x.o(.text)
    Valva1_pwm                               0x0800040d   Thumb Code    40  main.o(.text)
    temp_data2                               0x08000435   Thumb Code   214  main.o(.text)
    temp_data                                0x0800050b   Thumb Code   214  main.o(.text)
    adc1_mode_config                         0x080005e1   Thumb Code   306  main.o(.text)
    TIM_Configuration1                       0x08000713   Thumb Code   226  main.o(.text)
    Valva_Init                               0x080007f5   Thumb Code   358  main.o(.text)
    GPIO_Configuration                       0x0800095b   Thumb Code   330  main.o(.text)
    NVIC_Configuration                       0x08000aa5   Thumb Code    14  main.o(.text)
    RCC_Configuration                        0x08000ab3   Thumb Code    70  main.o(.text)
    SetSysClockTo16                          0x08000af9   Thumb Code   106  main.o(.text)
    initBase                                 0x08000b63   Thumb Code    20  main.o(.text)
    main                                     0x08000b77   Thumb Code  1140  main.o(.text)
    wdg_init                                 0x08000feb   Thumb Code    38  main.o(.text)
    adcinit                                  0x08001011   Thumb Code   378  main.o(.text)
    get_sudu                                 0x0800118b   Thumb Code   158  main.o(.text)
    NMI_Handler                              0x08001235   Thumb Code     2  stm32f10x_it.o(.text)
    HardFault_Handler                        0x08001237   Thumb Code     4  stm32f10x_it.o(.text)
    MemManage_Handler                        0x0800123b   Thumb Code     4  stm32f10x_it.o(.text)
    BusFault_Handler                         0x0800123f   Thumb Code     4  stm32f10x_it.o(.text)
    UsageFault_Handler                       0x08001243   Thumb Code     4  stm32f10x_it.o(.text)
    SVC_Handler                              0x08001247   Thumb Code     2  stm32f10x_it.o(.text)
    DebugMon_Handler                         0x08001249   Thumb Code     2  stm32f10x_it.o(.text)
    PendSV_Handler                           0x0800124b   Thumb Code     2  stm32f10x_it.o(.text)
    SysTick_Handler                          0x0800124d   Thumb Code     2  stm32f10x_it.o(.text)
    TIM2_IRQHandler                          0x0800124f   Thumb Code   186  stm32f10x_it.o(.text)
    TIM3_IRQHandler                          0x08001309   Thumb Code    38  stm32f10x_it.o(.text)
    SPI2_IRQHandler                          0x0800132f   Thumb Code    26  stm32f10x_it.o(.text)
    RTCAlarm_IRQHandler                      0x08001349   Thumb Code    54  stm32f10x_it.o(.text)
    OTG_FS_IRQHandler                        0x0800137f   Thumb Code     2  stm32f10x_it.o(.text)
    EXTI0_IRQHandler                         0x08001381   Thumb Code    24  stm32f10x_it.o(.text)
    EXTI3_IRQHandler                         0x08001399   Thumb Code    18  stm32f10x_it.o(.text)
    EXTI9_5_IRQHandler                       0x080013ab   Thumb Code    18  stm32f10x_it.o(.text)
    DMA1_Channel5_IRQHandler                 0x080013bd   Thumb Code    30  stm32f10x_it.o(.text)
    DMA2_Channel5_IRQHandler                 0x080013db   Thumb Code    32  stm32f10x_it.o(.text)
    DMA2_Channel4_IRQHandler                 0x080013fb   Thumb Code    32  stm32f10x_it.o(.text)
    UART5_IRQHandler                         0x0800141b   Thumb Code    44  stm32f10x_it.o(.text)
    USART1_IRQHandler                        0x08001447   Thumb Code    44  stm32f10x_it.o(.text)
    UART4_IRQHandler                         0x08001473   Thumb Code    44  stm32f10x_it.o(.text)
    USART2_IRQHandler                        0x0800149f   Thumb Code   326  stm32f10x_it.o(.text)
    SPI_TMC4671_Init                         0x0800164d   Thumb Code    80  tmc4671.o(.text)
    GPIO_TMC4671_SPI_init                    0x0800169d   Thumb Code   114  tmc4671.o(.text)
    SPI_TMC4671_SendByte                     0x0800170f   Thumb Code    50  tmc4671.o(.text)
    delay_TMC4671                            0x08001741   Thumb Code    30  tmc4671.o(.text)
    SpiWrite                                 0x0800175f   Thumb Code    82  tmc4671.o(.text)
    SpiRead                                  0x080017b1   Thumb Code    62  tmc4671.o(.text)
    init_TMC4671                             0x080017ef   Thumb Code    12  tmc4671.o(.text)
    write_TMC4671                            0x080017fb   Thumb Code    68  tmc4671.o(.text)
    Read_TMC4671                             0x0800183f   Thumb Code    80  tmc4671.o(.text)
    tmc4671_writeInt                         0x0800188f   Thumb Code    26  tmc4671.o(.text)
    tmc4671_readInt                          0x080018a9   Thumb Code    30  tmc4671.o(.text)
    tmc4671_init_set                         0x080018c7   Thumb Code   380  tmc4671.o(.text)
    InitUsart2                               0x08001a75   Thumb Code   174  uart.o(.text)
    initUsart1                               0x08001b23   Thumb Code   176  uart.o(.text)
    initUsart3                               0x08001bd3   Thumb Code    86  uart.o(.text)
    initUsart5                               0x08001c29   Thumb Code    92  uart.o(.text)
    initUsart4                               0x08001c85   Thumb Code   102  uart.o(.text)
    usart1_send                              0x08001d0d   Thumb Code    28  uart_process.o(.text)
    usart1_SendString                        0x08001d29   Thumb Code    22  uart_process.o(.text)
    usart2_send                              0x08001d3f   Thumb Code    28  uart_process.o(.text)
    usart2_SendString                        0x08001d5b   Thumb Code    22  uart_process.o(.text)
    uart4_send                               0x08001d71   Thumb Code    28  uart_process.o(.text)
    uart4_SendString                         0x08001d8d   Thumb Code    22  uart_process.o(.text)
    uart5_send                               0x08001da3   Thumb Code    28  uart_process.o(.text)
    uart5_SendString                         0x08001dbf   Thumb Code    22  uart_process.o(.text)
    NVIC_PriorityGroupConfig                 0x08001de5   Thumb Code    10  misc.o(.text)
    NVIC_Init                                0x08001def   Thumb Code   100  misc.o(.text)
    NVIC_SetVectorTable                      0x08001e53   Thumb Code    14  misc.o(.text)
    NVIC_SystemLPConfig                      0x08001e61   Thumb Code    34  misc.o(.text)
    SysTick_CLKSourceConfig                  0x08001e83   Thumb Code    40  misc.o(.text)
    ADC_DeInit                               0x08001ec1   Thumb Code    78  stm32f10x_adc.o(.text)
    ADC_Init                                 0x08001f0f   Thumb Code    70  stm32f10x_adc.o(.text)
    ADC_StructInit                           0x08001f55   Thumb Code    18  stm32f10x_adc.o(.text)
    ADC_Cmd                                  0x08001f67   Thumb Code    22  stm32f10x_adc.o(.text)
    ADC_DMACmd                               0x08001f7d   Thumb Code    22  stm32f10x_adc.o(.text)
    ADC_ITConfig                             0x08001f93   Thumb Code    24  stm32f10x_adc.o(.text)
    ADC_ResetCalibration                     0x08001fab   Thumb Code    10  stm32f10x_adc.o(.text)
    ADC_GetResetCalibrationStatus            0x08001fb5   Thumb Code    20  stm32f10x_adc.o(.text)
    ADC_StartCalibration                     0x08001fc9   Thumb Code    10  stm32f10x_adc.o(.text)
    ADC_GetCalibrationStatus                 0x08001fd3   Thumb Code    20  stm32f10x_adc.o(.text)
    ADC_SoftwareStartConvCmd                 0x08001fe7   Thumb Code    22  stm32f10x_adc.o(.text)
    ADC_GetSoftwareStartConvStatus           0x08001ffd   Thumb Code    20  stm32f10x_adc.o(.text)
    ADC_DiscModeChannelCountConfig           0x08002011   Thumb Code    24  stm32f10x_adc.o(.text)
    ADC_DiscModeCmd                          0x08002029   Thumb Code    22  stm32f10x_adc.o(.text)
    ADC_RegularChannelConfig                 0x0800203f   Thumb Code   184  stm32f10x_adc.o(.text)
    ADC_ExternalTrigConvCmd                  0x080020f7   Thumb Code    22  stm32f10x_adc.o(.text)
    ADC_GetConversionValue                   0x0800210d   Thumb Code     8  stm32f10x_adc.o(.text)
    ADC_GetDualModeConversionValue           0x08002115   Thumb Code     8  stm32f10x_adc.o(.text)
    ADC_AutoInjectedConvCmd                  0x0800211d   Thumb Code    22  stm32f10x_adc.o(.text)
    ADC_InjectedDiscModeCmd                  0x08002133   Thumb Code    22  stm32f10x_adc.o(.text)
    ADC_ExternalTrigInjectedConvConfig       0x08002149   Thumb Code    16  stm32f10x_adc.o(.text)
    ADC_ExternalTrigInjectedConvCmd          0x08002159   Thumb Code    22  stm32f10x_adc.o(.text)
    ADC_SoftwareStartInjectedConvCmd         0x0800216f   Thumb Code    22  stm32f10x_adc.o(.text)
    ADC_GetSoftwareStartInjectedConvCmdStatus 0x08002185   Thumb Code    20  stm32f10x_adc.o(.text)
    ADC_InjectedChannelConfig                0x08002199   Thumb Code   130  stm32f10x_adc.o(.text)
    ADC_InjectedSequencerLengthConfig        0x0800221b   Thumb Code    24  stm32f10x_adc.o(.text)
    ADC_SetInjectedOffset                    0x08002233   Thumb Code    20  stm32f10x_adc.o(.text)
    ADC_GetInjectedConversionValue           0x08002247   Thumb Code    28  stm32f10x_adc.o(.text)
    ADC_AnalogWatchdogCmd                    0x08002263   Thumb Code    16  stm32f10x_adc.o(.text)
    ADC_AnalogWatchdogThresholdsConfig       0x08002273   Thumb Code     6  stm32f10x_adc.o(.text)
    ADC_AnalogWatchdogSingleChannelConfig    0x08002279   Thumb Code    16  stm32f10x_adc.o(.text)
    ADC_TempSensorVrefintCmd                 0x08002289   Thumb Code    64  stm32f10x_adc.o(.text)
    ADC_GetFlagStatus                        0x080022c9   Thumb Code    18  stm32f10x_adc.o(.text)
    ADC_ClearFlag                            0x080022db   Thumb Code     6  stm32f10x_adc.o(.text)
    ADC_GetITStatus                          0x080022e1   Thumb Code    36  stm32f10x_adc.o(.text)
    ADC_ClearITPendingBit                    0x08002305   Thumb Code    10  stm32f10x_adc.o(.text)
    DMA_DeInit                               0x08002311   Thumb Code   324  stm32f10x_dma.o(.text)
    DMA_Init                                 0x08002455   Thumb Code    60  stm32f10x_dma.o(.text)
    DMA_StructInit                           0x08002491   Thumb Code    26  stm32f10x_dma.o(.text)
    DMA_Cmd                                  0x080024ab   Thumb Code    24  stm32f10x_dma.o(.text)
    DMA_ITConfig                             0x080024c3   Thumb Code    18  stm32f10x_dma.o(.text)
    DMA_SetCurrDataCounter                   0x080024d5   Thumb Code     4  stm32f10x_dma.o(.text)
    DMA_GetCurrDataCounter                   0x080024d9   Thumb Code     8  stm32f10x_dma.o(.text)
    DMA_GetFlagStatus                        0x080024e1   Thumb Code    40  stm32f10x_dma.o(.text)
    DMA_ClearFlag                            0x08002509   Thumb Code    22  stm32f10x_dma.o(.text)
    DMA_GetITStatus                          0x0800251f   Thumb Code    40  stm32f10x_dma.o(.text)
    DMA_ClearITPendingBit                    0x08002547   Thumb Code    22  stm32f10x_dma.o(.text)
    EXTI_DeInit                              0x08002565   Thumb Code    28  stm32f10x_exti.o(.text)
    EXTI_Init                                0x08002581   Thumb Code   142  stm32f10x_exti.o(.text)
    EXTI_StructInit                          0x0800260f   Thumb Code    16  stm32f10x_exti.o(.text)
    EXTI_GenerateSWInterrupt                 0x0800261f   Thumb Code    16  stm32f10x_exti.o(.text)
    EXTI_GetFlagStatus                       0x0800262f   Thumb Code    22  stm32f10x_exti.o(.text)
    EXTI_ClearFlag                           0x08002645   Thumb Code     8  stm32f10x_exti.o(.text)
    EXTI_GetITStatus                         0x0800264d   Thumb Code    34  stm32f10x_exti.o(.text)
    EXTI_ClearITPendingBit                   0x0800266f   Thumb Code     8  stm32f10x_exti.o(.text)
    FLASH_SetLatency                         0x08002681   Thumb Code    18  stm32f10x_flash.o(.text)
    FLASH_HalfCycleAccessCmd                 0x08002693   Thumb Code    22  stm32f10x_flash.o(.text)
    FLASH_PrefetchBufferCmd                  0x080026a9   Thumb Code    22  stm32f10x_flash.o(.text)
    FLASH_Unlock                             0x080026bf   Thumb Code    12  stm32f10x_flash.o(.text)
    FLASH_UnlockBank1                        0x080026cb   Thumb Code    12  stm32f10x_flash.o(.text)
    FLASH_Lock                               0x080026d7   Thumb Code    14  stm32f10x_flash.o(.text)
    FLASH_LockBank1                          0x080026e5   Thumb Code    14  stm32f10x_flash.o(.text)
    FLASH_GetBank1Status                     0x080026f3   Thumb Code    48  stm32f10x_flash.o(.text)
    FLASH_WaitForLastOperation               0x08002723   Thumb Code    38  stm32f10x_flash.o(.text)
    FLASH_ErasePage                          0x08002749   Thumb Code    72  stm32f10x_flash.o(.text)
    FLASH_EraseAllPages                      0x08002791   Thumb Code    68  stm32f10x_flash.o(.text)
    FLASH_WaitForLastBank1Operation          0x080027d5   Thumb Code    38  stm32f10x_flash.o(.text)
    FLASH_EraseAllBank1Pages                 0x080027fb   Thumb Code    68  stm32f10x_flash.o(.text)
    FLASH_GetReadOutProtectionStatus         0x0800283f   Thumb Code    20  stm32f10x_flash.o(.text)
    FLASH_EraseOptionBytes                   0x08002853   Thumb Code   150  stm32f10x_flash.o(.text)
    FLASH_ProgramWord                        0x080028e9   Thumb Code   102  stm32f10x_flash.o(.text)
    FLASH_ProgramHalfWord                    0x0800294f   Thumb Code    60  stm32f10x_flash.o(.text)
    FLASH_ProgramOptionByteData              0x0800298b   Thumb Code    72  stm32f10x_flash.o(.text)
    FLASH_EnableWriteProtection              0x080029d3   Thumb Code   200  stm32f10x_flash.o(.text)
    FLASH_ReadOutProtection                  0x08002a9b   Thumb Code   156  stm32f10x_flash.o(.text)
    FLASH_UserOptionByteConfig               0x08002b37   Thumb Code    88  stm32f10x_flash.o(.text)
    FLASH_GetUserOptionByte                  0x08002b8f   Thumb Code     8  stm32f10x_flash.o(.text)
    FLASH_GetWriteProtectionOptionByte       0x08002b97   Thumb Code     6  stm32f10x_flash.o(.text)
    FLASH_GetPrefetchBufferStatus            0x08002b9d   Thumb Code    20  stm32f10x_flash.o(.text)
    FLASH_ITConfig                           0x08002bb1   Thumb Code    26  stm32f10x_flash.o(.text)
    FLASH_GetFlagStatus                      0x08002bcb   Thumb Code    42  stm32f10x_flash.o(.text)
    FLASH_ClearFlag                          0x08002bf5   Thumb Code     6  stm32f10x_flash.o(.text)
    FLASH_GetStatus                          0x08002bfb   Thumb Code    48  stm32f10x_flash.o(.text)
    GPIO_DeInit                              0x08002c3d   Thumb Code   172  stm32f10x_gpio.o(.text)
    GPIO_AFIODeInit                          0x08002ce9   Thumb Code    20  stm32f10x_gpio.o(.text)
    GPIO_Init                                0x08002cfd   Thumb Code   278  stm32f10x_gpio.o(.text)
    GPIO_StructInit                          0x08002e13   Thumb Code    16  stm32f10x_gpio.o(.text)
    GPIO_ReadInputDataBit                    0x08002e23   Thumb Code    18  stm32f10x_gpio.o(.text)
    GPIO_ReadInputData                       0x08002e35   Thumb Code     8  stm32f10x_gpio.o(.text)
    GPIO_ReadOutputDataBit                   0x08002e3d   Thumb Code    18  stm32f10x_gpio.o(.text)
    GPIO_ReadOutputData                      0x08002e4f   Thumb Code     8  stm32f10x_gpio.o(.text)
    GPIO_SetBits                             0x08002e57   Thumb Code     4  stm32f10x_gpio.o(.text)
    GPIO_ResetBits                           0x08002e5b   Thumb Code     4  stm32f10x_gpio.o(.text)
    GPIO_WriteBit                            0x08002e5f   Thumb Code    10  stm32f10x_gpio.o(.text)
    GPIO_Write                               0x08002e69   Thumb Code     4  stm32f10x_gpio.o(.text)
    GPIO_PinLockConfig                       0x08002e6d   Thumb Code    18  stm32f10x_gpio.o(.text)
    GPIO_EventOutputConfig                   0x08002e7f   Thumb Code    26  stm32f10x_gpio.o(.text)
    GPIO_EventOutputCmd                      0x08002e99   Thumb Code     6  stm32f10x_gpio.o(.text)
    GPIO_PinRemapConfig                      0x08002e9f   Thumb Code   138  stm32f10x_gpio.o(.text)
    GPIO_EXTILineConfig                      0x08002f29   Thumb Code    66  stm32f10x_gpio.o(.text)
    GPIO_ETH_MediaInterfaceConfig            0x08002f6b   Thumb Code     8  stm32f10x_gpio.o(.text)
    PWR_DeInit                               0x08002f99   Thumb Code    22  stm32f10x_pwr.o(.text)
    PWR_BackupAccessCmd                      0x08002faf   Thumb Code     6  stm32f10x_pwr.o(.text)
    PWR_PVDCmd                               0x08002fb5   Thumb Code     6  stm32f10x_pwr.o(.text)
    PWR_PVDLevelConfig                       0x08002fbb   Thumb Code    18  stm32f10x_pwr.o(.text)
    PWR_WakeUpPinCmd                         0x08002fcd   Thumb Code     8  stm32f10x_pwr.o(.text)
    PWR_EnterSTOPMode                        0x08002fd5   Thumb Code    54  stm32f10x_pwr.o(.text)
    PWR_EnterSTANDBYMode                     0x0800300b   Thumb Code    42  stm32f10x_pwr.o(.text)
    PWR_GetFlagStatus                        0x08003035   Thumb Code    20  stm32f10x_pwr.o(.text)
    PWR_ClearFlag                            0x08003049   Thumb Code    14  stm32f10x_pwr.o(.text)
    RCC_DeInit                               0x08003065   Thumb Code    64  stm32f10x_rcc.o(.text)
    RCC_HSEConfig                            0x080030a5   Thumb Code    70  stm32f10x_rcc.o(.text)
    RCC_GetFlagStatus                        0x080030eb   Thumb Code    56  stm32f10x_rcc.o(.text)
    RCC_WaitForHSEStartUp                    0x08003123   Thumb Code    56  stm32f10x_rcc.o(.text)
    RCC_AdjustHSICalibrationValue            0x0800315b   Thumb Code    20  stm32f10x_rcc.o(.text)
    RCC_HSICmd                               0x0800316f   Thumb Code     6  stm32f10x_rcc.o(.text)
    RCC_PLLConfig                            0x08003175   Thumb Code    24  stm32f10x_rcc.o(.text)
    RCC_PLLCmd                               0x0800318d   Thumb Code     6  stm32f10x_rcc.o(.text)
    RCC_SYSCLKConfig                         0x08003193   Thumb Code    18  stm32f10x_rcc.o(.text)
    RCC_GetSYSCLKSource                      0x080031a5   Thumb Code    10  stm32f10x_rcc.o(.text)
    RCC_HCLKConfig                           0x080031af   Thumb Code    18  stm32f10x_rcc.o(.text)
    RCC_PCLK1Config                          0x080031c1   Thumb Code    18  stm32f10x_rcc.o(.text)
    RCC_PCLK2Config                          0x080031d3   Thumb Code    20  stm32f10x_rcc.o(.text)
    RCC_ITConfig                             0x080031e7   Thumb Code    26  stm32f10x_rcc.o(.text)
    RCC_USBCLKConfig                         0x08003201   Thumb Code     8  stm32f10x_rcc.o(.text)
    RCC_ADCCLKConfig                         0x08003209   Thumb Code    18  stm32f10x_rcc.o(.text)
    RCC_LSEConfig                            0x0800321b   Thumb Code    50  stm32f10x_rcc.o(.text)
    RCC_LSICmd                               0x0800324d   Thumb Code     6  stm32f10x_rcc.o(.text)
    RCC_RTCCLKConfig                         0x08003253   Thumb Code    12  stm32f10x_rcc.o(.text)
    RCC_RTCCLKCmd                            0x0800325f   Thumb Code     8  stm32f10x_rcc.o(.text)
    RCC_GetClocksFreq                        0x08003267   Thumb Code   192  stm32f10x_rcc.o(.text)
    RCC_AHBPeriphClockCmd                    0x08003327   Thumb Code    26  stm32f10x_rcc.o(.text)
    RCC_APB2PeriphClockCmd                   0x08003341   Thumb Code    26  stm32f10x_rcc.o(.text)
    RCC_APB1PeriphClockCmd                   0x0800335b   Thumb Code    26  stm32f10x_rcc.o(.text)
    RCC_APB2PeriphResetCmd                   0x08003375   Thumb Code    26  stm32f10x_rcc.o(.text)
    RCC_APB1PeriphResetCmd                   0x0800338f   Thumb Code    26  stm32f10x_rcc.o(.text)
    RCC_BackupResetCmd                       0x080033a9   Thumb Code     8  stm32f10x_rcc.o(.text)
    RCC_ClockSecuritySystemCmd               0x080033b1   Thumb Code     6  stm32f10x_rcc.o(.text)
    RCC_MCOConfig                            0x080033b7   Thumb Code     6  stm32f10x_rcc.o(.text)
    RCC_ClearFlag                            0x080033bd   Thumb Code    14  stm32f10x_rcc.o(.text)
    RCC_GetITStatus                          0x080033cb   Thumb Code    20  stm32f10x_rcc.o(.text)
    RCC_ClearITPendingBit                    0x080033df   Thumb Code     6  stm32f10x_rcc.o(.text)
    RTC_ITConfig                             0x08003409   Thumb Code    26  stm32f10x_rtc.o(.text)
    RTC_EnterConfigMode                      0x08003423   Thumb Code    18  stm32f10x_rtc.o(.text)
    RTC_ExitConfigMode                       0x08003435   Thumb Code    20  stm32f10x_rtc.o(.text)
    RTC_GetCounter                           0x08003449   Thumb Code    18  stm32f10x_rtc.o(.text)
    RTC_SetCounter                           0x0800345b   Thumb Code    26  stm32f10x_rtc.o(.text)
    RTC_SetPrescaler                         0x08003475   Thumb Code    28  stm32f10x_rtc.o(.text)
    RTC_SetAlarm                             0x08003491   Thumb Code    26  stm32f10x_rtc.o(.text)
    RTC_GetDivider                           0x080034ab   Thumb Code    22  stm32f10x_rtc.o(.text)
    RTC_WaitForLastTask                      0x080034c1   Thumb Code    18  stm32f10x_rtc.o(.text)
    RTC_WaitForSynchro                       0x080034d3   Thumb Code    36  stm32f10x_rtc.o(.text)
    RTC_GetFlagStatus                        0x080034f7   Thumb Code    22  stm32f10x_rtc.o(.text)
    RTC_ClearFlag                            0x0800350d   Thumb Code    16  stm32f10x_rtc.o(.text)
    RTC_GetITStatus                          0x0800351d   Thumb Code    32  stm32f10x_rtc.o(.text)
    RTC_ClearITPendingBit                    0x0800353d   Thumb Code    16  stm32f10x_rtc.o(.text)
    SPI_I2S_DeInit                           0x08003551   Thumb Code    76  stm32f10x_spi.o(.text)
    SPI_Init                                 0x0800359d   Thumb Code    60  stm32f10x_spi.o(.text)
    I2S_Init                                 0x080035d9   Thumb Code   226  stm32f10x_spi.o(.text)
    SPI_StructInit                           0x080036bb   Thumb Code    24  stm32f10x_spi.o(.text)
    I2S_StructInit                           0x080036d3   Thumb Code    20  stm32f10x_spi.o(.text)
    SPI_Cmd                                  0x080036e7   Thumb Code    24  stm32f10x_spi.o(.text)
    I2S_Cmd                                  0x080036ff   Thumb Code    24  stm32f10x_spi.o(.text)
    SPI_I2S_ITConfig                         0x08003717   Thumb Code    32  stm32f10x_spi.o(.text)
    SPI_I2S_DMACmd                           0x08003737   Thumb Code    18  stm32f10x_spi.o(.text)
    SPI_I2S_SendData                         0x08003749   Thumb Code     4  stm32f10x_spi.o(.text)
    SPI_I2S_ReceiveData                      0x0800374d   Thumb Code     6  stm32f10x_spi.o(.text)
    SPI_NSSInternalSoftwareConfig            0x08003753   Thumb Code    30  stm32f10x_spi.o(.text)
    SPI_SSOutputCmd                          0x08003771   Thumb Code    24  stm32f10x_spi.o(.text)
    SPI_DataSizeConfig                       0x08003789   Thumb Code    18  stm32f10x_spi.o(.text)
    SPI_TransmitCRC                          0x0800379b   Thumb Code    10  stm32f10x_spi.o(.text)
    SPI_CalculateCRC                         0x080037a5   Thumb Code    24  stm32f10x_spi.o(.text)
    SPI_GetCRC                               0x080037bd   Thumb Code    16  stm32f10x_spi.o(.text)
    SPI_GetCRCPolynomial                     0x080037cd   Thumb Code     6  stm32f10x_spi.o(.text)
    SPI_BiDirectionalLineConfig              0x080037d3   Thumb Code    28  stm32f10x_spi.o(.text)
    SPI_I2S_GetFlagStatus                    0x080037ef   Thumb Code    18  stm32f10x_spi.o(.text)
    SPI_I2S_ClearFlag                        0x08003801   Thumb Code     6  stm32f10x_spi.o(.text)
    SPI_I2S_GetITStatus                      0x08003807   Thumb Code    52  stm32f10x_spi.o(.text)
    SPI_I2S_ClearITPendingBit                0x0800383b   Thumb Code    20  stm32f10x_spi.o(.text)
    TIM_DeInit                               0x0800385d   Thumb Code   424  stm32f10x_tim.o(.text)
    TIM_TimeBaseInit                         0x08003a05   Thumb Code   122  stm32f10x_tim.o(.text)
    TIM_OC1Init                              0x08003a7f   Thumb Code   132  stm32f10x_tim.o(.text)
    TIM_OC2Init                              0x08003b03   Thumb Code   154  stm32f10x_tim.o(.text)
    TIM_OC3Init                              0x08003b9d   Thumb Code   150  stm32f10x_tim.o(.text)
    TIM_OC4Init                              0x08003c33   Thumb Code   182  stm32f10x_tim.o(.text)
    TIM_SetIC4Prescaler                      0x08003ce9   Thumb Code    26  stm32f10x_tim.o(.text)
    TIM_SetIC3Prescaler                      0x08003d85   Thumb Code    18  stm32f10x_tim.o(.text)
    TIM_SetIC2Prescaler                      0x08003e11   Thumb Code    26  stm32f10x_tim.o(.text)
    TIM_SetIC1Prescaler                      0x08003ead   Thumb Code    18  stm32f10x_tim.o(.text)
    TIM_ICInit                               0x08003f2b   Thumb Code   150  stm32f10x_tim.o(.text)
    TIM_PWMIConfig                           0x08003fc1   Thumb Code   124  stm32f10x_tim.o(.text)
    TIM_BDTRConfig                           0x0800403d   Thumb Code    32  stm32f10x_tim.o(.text)
    TIM_TimeBaseStructInit                   0x0800405d   Thumb Code    18  stm32f10x_tim.o(.text)
    TIM_OCStructInit                         0x0800406f   Thumb Code    20  stm32f10x_tim.o(.text)
    TIM_ICStructInit                         0x08004083   Thumb Code    18  stm32f10x_tim.o(.text)
    TIM_BDTRStructInit                       0x08004095   Thumb Code    40  stm32f10x_tim.o(.text)
    TIM_Cmd                                  0x080040bd   Thumb Code    24  stm32f10x_tim.o(.text)
    TIM_CtrlPWMOutputs                       0x080040d5   Thumb Code    30  stm32f10x_tim.o(.text)
    TIM_ITConfig                             0x080040f3   Thumb Code    18  stm32f10x_tim.o(.text)
    TIM_GenerateEvent                        0x08004105   Thumb Code     4  stm32f10x_tim.o(.text)
    TIM_DMAConfig                            0x08004109   Thumb Code    10  stm32f10x_tim.o(.text)
    TIM_DMACmd                               0x08004113   Thumb Code    18  stm32f10x_tim.o(.text)
    TIM_InternalClockConfig                  0x08004125   Thumb Code    12  stm32f10x_tim.o(.text)
    TIM_SelectInputTrigger                   0x08004131   Thumb Code    18  stm32f10x_tim.o(.text)
    TIM_ITRxExternalClockConfig              0x08004143   Thumb Code    24  stm32f10x_tim.o(.text)
    TIM_TIxExternalClockConfig               0x0800415b   Thumb Code    62  stm32f10x_tim.o(.text)
    TIM_ETRConfig                            0x08004199   Thumb Code    28  stm32f10x_tim.o(.text)
    TIM_ETRClockMode1Config                  0x080041b5   Thumb Code    54  stm32f10x_tim.o(.text)
    TIM_ETRClockMode2Config                  0x080041eb   Thumb Code    32  stm32f10x_tim.o(.text)
    TIM_PrescalerConfig                      0x0800420b   Thumb Code     6  stm32f10x_tim.o(.text)
    TIM_CounterModeConfig                    0x08004211   Thumb Code    18  stm32f10x_tim.o(.text)
    TIM_EncoderInterfaceConfig               0x08004223   Thumb Code    66  stm32f10x_tim.o(.text)
    TIM_ForcedOC1Config                      0x08004265   Thumb Code    18  stm32f10x_tim.o(.text)
    TIM_ForcedOC2Config                      0x08004277   Thumb Code    26  stm32f10x_tim.o(.text)
    TIM_ForcedOC3Config                      0x08004291   Thumb Code    18  stm32f10x_tim.o(.text)
    TIM_ForcedOC4Config                      0x080042a3   Thumb Code    26  stm32f10x_tim.o(.text)
    TIM_ARRPreloadConfig                     0x080042bd   Thumb Code    24  stm32f10x_tim.o(.text)
    TIM_SelectCOM                            0x080042d5   Thumb Code    24  stm32f10x_tim.o(.text)
    TIM_SelectCCDMA                          0x080042ed   Thumb Code    24  stm32f10x_tim.o(.text)
    TIM_CCPreloadControl                     0x08004305   Thumb Code    24  stm32f10x_tim.o(.text)
    TIM_OC1PreloadConfig                     0x0800431d   Thumb Code    18  stm32f10x_tim.o(.text)
    TIM_OC2PreloadConfig                     0x0800432f   Thumb Code    26  stm32f10x_tim.o(.text)
    TIM_OC3PreloadConfig                     0x08004349   Thumb Code    18  stm32f10x_tim.o(.text)
    TIM_OC4PreloadConfig                     0x0800435b   Thumb Code    26  stm32f10x_tim.o(.text)
    TIM_OC1FastConfig                        0x08004375   Thumb Code    18  stm32f10x_tim.o(.text)
    TIM_OC2FastConfig                        0x08004387   Thumb Code    26  stm32f10x_tim.o(.text)
    TIM_OC3FastConfig                        0x080043a1   Thumb Code    18  stm32f10x_tim.o(.text)
    TIM_OC4FastConfig                        0x080043b3   Thumb Code    26  stm32f10x_tim.o(.text)
    TIM_ClearOC1Ref                          0x080043cd   Thumb Code    18  stm32f10x_tim.o(.text)
    TIM_ClearOC2Ref                          0x080043df   Thumb Code    24  stm32f10x_tim.o(.text)
    TIM_ClearOC3Ref                          0x080043f7   Thumb Code    18  stm32f10x_tim.o(.text)
    TIM_ClearOC4Ref                          0x08004409   Thumb Code    24  stm32f10x_tim.o(.text)
    TIM_OC1PolarityConfig                    0x08004421   Thumb Code    18  stm32f10x_tim.o(.text)
    TIM_OC1NPolarityConfig                   0x08004433   Thumb Code    18  stm32f10x_tim.o(.text)
    TIM_OC2PolarityConfig                    0x08004445   Thumb Code    26  stm32f10x_tim.o(.text)
    TIM_OC2NPolarityConfig                   0x0800445f   Thumb Code    26  stm32f10x_tim.o(.text)
    TIM_OC3PolarityConfig                    0x08004479   Thumb Code    26  stm32f10x_tim.o(.text)
    TIM_OC3NPolarityConfig                   0x08004493   Thumb Code    26  stm32f10x_tim.o(.text)
    TIM_OC4PolarityConfig                    0x080044ad   Thumb Code    26  stm32f10x_tim.o(.text)
    TIM_CCxCmd                               0x080044c7   Thumb Code    30  stm32f10x_tim.o(.text)
    TIM_CCxNCmd                              0x080044e5   Thumb Code    30  stm32f10x_tim.o(.text)
    TIM_SelectOCxM                           0x08004503   Thumb Code    82  stm32f10x_tim.o(.text)
    TIM_UpdateDisableConfig                  0x08004555   Thumb Code    24  stm32f10x_tim.o(.text)
    TIM_UpdateRequestConfig                  0x0800456d   Thumb Code    24  stm32f10x_tim.o(.text)
    TIM_SelectHallSensor                     0x08004585   Thumb Code    24  stm32f10x_tim.o(.text)
    TIM_SelectOnePulseMode                   0x0800459d   Thumb Code    18  stm32f10x_tim.o(.text)
    TIM_SelectOutputTrigger                  0x080045af   Thumb Code    18  stm32f10x_tim.o(.text)
    TIM_SelectSlaveMode                      0x080045c1   Thumb Code    18  stm32f10x_tim.o(.text)
    TIM_SelectMasterSlaveMode                0x080045d3   Thumb Code    18  stm32f10x_tim.o(.text)
    TIM_SetCounter                           0x080045e5   Thumb Code     4  stm32f10x_tim.o(.text)
    TIM_SetAutoreload                        0x080045e9   Thumb Code     4  stm32f10x_tim.o(.text)
    TIM_SetCompare1                          0x080045ed   Thumb Code     4  stm32f10x_tim.o(.text)
    TIM_SetCompare2                          0x080045f1   Thumb Code     4  stm32f10x_tim.o(.text)
    TIM_SetCompare3                          0x080045f5   Thumb Code     4  stm32f10x_tim.o(.text)
    TIM_SetCompare4                          0x080045f9   Thumb Code     6  stm32f10x_tim.o(.text)
    TIM_SetClockDivision                     0x080045ff   Thumb Code    18  stm32f10x_tim.o(.text)
    TIM_GetCapture1                          0x08004611   Thumb Code     6  stm32f10x_tim.o(.text)
    TIM_GetCapture2                          0x08004617   Thumb Code     6  stm32f10x_tim.o(.text)
    TIM_GetCapture3                          0x0800461d   Thumb Code     6  stm32f10x_tim.o(.text)
    TIM_GetCapture4                          0x08004623   Thumb Code     8  stm32f10x_tim.o(.text)
    TIM_GetCounter                           0x0800462b   Thumb Code     6  stm32f10x_tim.o(.text)
    TIM_GetPrescaler                         0x08004631   Thumb Code     6  stm32f10x_tim.o(.text)
    TIM_GetFlagStatus                        0x08004637   Thumb Code    18  stm32f10x_tim.o(.text)
    TIM_ClearFlag                            0x08004649   Thumb Code     6  stm32f10x_tim.o(.text)
    TIM_GetITStatus                          0x0800464f   Thumb Code    34  stm32f10x_tim.o(.text)
    TIM_ClearITPendingBit                    0x08004671   Thumb Code     6  stm32f10x_tim.o(.text)
    USART_DeInit                             0x08004679   Thumb Code   134  stm32f10x_usart.o(.text)
    USART_Init                               0x080046ff   Thumb Code   210  stm32f10x_usart.o(.text)
    USART_StructInit                         0x080047d1   Thumb Code    24  stm32f10x_usart.o(.text)
    USART_ClockInit                          0x080047e9   Thumb Code    34  stm32f10x_usart.o(.text)
    USART_ClockStructInit                    0x0800480b   Thumb Code    12  stm32f10x_usart.o(.text)
    USART_Cmd                                0x08004817   Thumb Code    24  stm32f10x_usart.o(.text)
    USART_ITConfig                           0x0800482f   Thumb Code    74  stm32f10x_usart.o(.text)
    USART_DMACmd                             0x08004879   Thumb Code    18  stm32f10x_usart.o(.text)
    USART_SetAddress                         0x0800488b   Thumb Code    18  stm32f10x_usart.o(.text)
    USART_WakeUpConfig                       0x0800489d   Thumb Code    18  stm32f10x_usart.o(.text)
    USART_ReceiverWakeUpCmd                  0x080048af   Thumb Code    24  stm32f10x_usart.o(.text)
    USART_LINBreakDetectLengthConfig         0x080048c7   Thumb Code    18  stm32f10x_usart.o(.text)
    USART_LINCmd                             0x080048d9   Thumb Code    24  stm32f10x_usart.o(.text)
    USART_SendData                           0x080048f1   Thumb Code     8  stm32f10x_usart.o(.text)
    USART_ReceiveData                        0x080048f9   Thumb Code    10  stm32f10x_usart.o(.text)
    USART_SendBreak                          0x08004903   Thumb Code    10  stm32f10x_usart.o(.text)
    USART_SetGuardTime                       0x0800490d   Thumb Code    16  stm32f10x_usart.o(.text)
    USART_SetPrescaler                       0x0800491d   Thumb Code    16  stm32f10x_usart.o(.text)
    USART_SmartCardCmd                       0x0800492d   Thumb Code    24  stm32f10x_usart.o(.text)
    USART_SmartCardNACKCmd                   0x08004945   Thumb Code    24  stm32f10x_usart.o(.text)
    USART_HalfDuplexCmd                      0x0800495d   Thumb Code    24  stm32f10x_usart.o(.text)
    USART_OverSampling8Cmd                   0x08004975   Thumb Code    22  stm32f10x_usart.o(.text)
    USART_OneBitMethodCmd                    0x0800498b   Thumb Code    24  stm32f10x_usart.o(.text)
    USART_IrDAConfig                         0x080049a3   Thumb Code    18  stm32f10x_usart.o(.text)
    USART_IrDACmd                            0x080049b5   Thumb Code    24  stm32f10x_usart.o(.text)
    USART_GetFlagStatus                      0x080049cd   Thumb Code    26  stm32f10x_usart.o(.text)
    USART_ClearFlag                          0x080049e7   Thumb Code    18  stm32f10x_usart.o(.text)
    USART_GetITStatus                        0x080049f9   Thumb Code    84  stm32f10x_usart.o(.text)
    USART_ClearITPendingBit                  0x08004a4d   Thumb Code    52  stm32f10x_usart.o(.text)
    WWDG_DeInit                              0x08004a81   Thumb Code    22  stm32f10x_wwdg.o(.text)
    WWDG_SetPrescaler                        0x08004a97   Thumb Code    18  stm32f10x_wwdg.o(.text)
    WWDG_SetWindowValue                      0x08004aa9   Thumb Code    34  stm32f10x_wwdg.o(.text)
    WWDG_EnableIT                            0x08004acb   Thumb Code     8  stm32f10x_wwdg.o(.text)
    WWDG_SetCounter                          0x08004ad3   Thumb Code    12  stm32f10x_wwdg.o(.text)
    WWDG_Enable                              0x08004adf   Thumb Code    12  stm32f10x_wwdg.o(.text)
    WWDG_GetFlagStatus                       0x08004aeb   Thumb Code    10  stm32f10x_wwdg.o(.text)
    WWDG_ClearFlag                           0x08004af5   Thumb Code    10  stm32f10x_wwdg.o(.text)
    __use_two_region_memory                  0x08004b09   Thumb Code     2  heapauxi.o(.text)
    __rt_heap_escrow$2region                 0x08004b0b   Thumb Code     2  heapauxi.o(.text)
    __rt_heap_expand$2region                 0x08004b0d   Thumb Code     2  heapauxi.o(.text)
    __read_errno                             0x08004b0f   Thumb Code    10  _rserrno.o(.text)
    __set_errno                              0x08004b19   Thumb Code    12  _rserrno.o(.text)
    __aeabi_errno_addr                       0x08004b25   Thumb Code     8  rt_errno_addr_intlibspace.o(.text)
    __errno$intlibspace                      0x08004b25   Thumb Code     0  rt_errno_addr_intlibspace.o(.text)
    __rt_errno_addr$intlibspace              0x08004b25   Thumb Code     0  rt_errno_addr_intlibspace.o(.text)
    __user_libspace                          0x08004b2d   Thumb Code     8  libspace.o(.text)
    __user_perproc_libspace                  0x08004b2d   Thumb Code     0  libspace.o(.text)
    __user_perthread_libspace                0x08004b2d   Thumb Code     0  libspace.o(.text)
    __user_setup_stackheap                   0x08004b35   Thumb Code    74  sys_stackheap_outer.o(.text)
    exit                                     0x08004b7f   Thumb Code    18  exit.o(.text)
    _sys_exit                                0x08004b91   Thumb Code     8  sys_exit.o(.text)
    __I$use$semihosting                      0x08004b9d   Thumb Code     0  use_no_semi.o(.text)
    __use_no_semihosting_swi                 0x08004b9d   Thumb Code     2  use_no_semi.o(.text)
    __kernel_poly                            0x08004b9f   Thumb Code   170  poly.o(i.__kernel_poly)
    __semihosting_library_function           0x08004b9f   Thumb Code     0  indicate_semi.o(.text)
    __mathlib_dbl_divzero                    0x08004c49   Thumb Code    12  dunder.o(i.__mathlib_dbl_divzero)
    __mathlib_dbl_infnan                     0x08004c59   Thumb Code     6  dunder.o(i.__mathlib_dbl_infnan)
    __mathlib_dbl_invalid                    0x08004c5f   Thumb Code    12  dunder.o(i.__mathlib_dbl_invalid)
    log                                      0x08004c6d   Thumb Code   808  log.o(i.log)
    __aeabi_d2f                              0x08004fc9   Thumb Code     0  d2f.o(x$fpl$d2f)
    _d2f                                     0x08004fc9   Thumb Code    98  d2f.o(x$fpl$d2f)
    __aeabi_dadd                             0x0800502d   Thumb Code     0  daddsub_clz.o(x$fpl$dadd)
    _dadd                                    0x0800502d   Thumb Code   332  daddsub_clz.o(x$fpl$dadd)
    __fpl_dcheck_NaN1                        0x0800517d   Thumb Code    10  dcheck1.o(x$fpl$dcheck1)
    __fpl_dcmp_Inf                           0x0800518d   Thumb Code    24  dcmpi.o(x$fpl$dcmpinf)
    __aeabi_ddiv                             0x080051a5   Thumb Code     0  ddiv.o(x$fpl$ddiv)
    _ddiv                                    0x080051a5   Thumb Code   552  ddiv.o(x$fpl$ddiv)
    __aeabi_cdcmpeq                          0x08005455   Thumb Code     0  deqf.o(x$fpl$deqf)
    _dcmpeq                                  0x08005455   Thumb Code   120  deqf.o(x$fpl$deqf)
    __aeabi_d2iz                             0x080054cd   Thumb Code     0  dfix.o(x$fpl$dfix)
    _dfix                                    0x080054cd   Thumb Code    94  dfix.o(x$fpl$dfix)
    __aeabi_i2d                              0x0800552b   Thumb Code     0  dflt_clz.o(x$fpl$dflt)
    _dflt                                    0x0800552b   Thumb Code    46  dflt_clz.o(x$fpl$dflt)
    __aeabi_dmul                             0x08005559   Thumb Code     0  dmul.o(x$fpl$dmul)
    _dmul                                    0x08005559   Thumb Code   332  dmul.o(x$fpl$dmul)
    __fpl_dnaninf                            0x080056ad   Thumb Code   156  dnaninf.o(x$fpl$dnaninf)
    __fpl_dretinf                            0x08005749   Thumb Code    12  dretinf.o(x$fpl$dretinf)
    __aeabi_drsub                            0x08005755   Thumb Code     0  daddsub_clz.o(x$fpl$drsb)
    _drsb                                    0x08005755   Thumb Code    22  daddsub_clz.o(x$fpl$drsb)
    __aeabi_dsub                             0x0800576d   Thumb Code     0  daddsub_clz.o(x$fpl$dsub)
    _dsub                                    0x0800576d   Thumb Code   464  daddsub_clz.o(x$fpl$dsub)
    __aeabi_f2d                              0x08005941   Thumb Code     0  f2d.o(x$fpl$f2d)
    _f2d                                     0x08005941   Thumb Code    86  f2d.o(x$fpl$f2d)
    __aeabi_fadd                             0x08005999   Thumb Code     0  faddsub_clz.o(x$fpl$fadd)
    _fadd                                    0x08005999   Thumb Code   196  faddsub_clz.o(x$fpl$fadd)
    __fpl_fcmp_Inf                           0x08005a5d   Thumb Code    24  fcmpi.o(x$fpl$fcmpinf)
    __aeabi_fdiv                             0x08005a75   Thumb Code     0  fdiv.o(x$fpl$fdiv)
    _fdiv                                    0x08005a75   Thumb Code   384  fdiv.o(x$fpl$fdiv)
    __aeabi_f2uiz                            0x08005bf9   Thumb Code     0  ffixu.o(x$fpl$ffixu)
    _ffixu                                   0x08005bf9   Thumb Code    62  ffixu.o(x$fpl$ffixu)
    __aeabi_i2f                              0x08005c39   Thumb Code     0  fflt_clz.o(x$fpl$fflt)
    _fflt                                    0x08005c39   Thumb Code    48  fflt_clz.o(x$fpl$fflt)
    __aeabi_ui2f                             0x08005c69   Thumb Code     0  fflt_clz.o(x$fpl$ffltu)
    _ffltu                                   0x08005c69   Thumb Code    38  fflt_clz.o(x$fpl$ffltu)
    __aeabi_cfcmple                          0x08005c91   Thumb Code     0  fleqf.o(x$fpl$fleqf)
    _fcmple                                  0x08005c91   Thumb Code   104  fleqf.o(x$fpl$fleqf)
    __fpl_fcmple_InfNaN                      0x08005ce3   Thumb Code     0  fleqf.o(x$fpl$fleqf)
    __aeabi_fmul                             0x08005cf9   Thumb Code     0  fmul.o(x$fpl$fmul)
    _fmul                                    0x08005cf9   Thumb Code   258  fmul.o(x$fpl$fmul)
    __fpl_fnaninf                            0x08005dfb   Thumb Code   140  fnaninf.o(x$fpl$fnaninf)
    __fpl_fretinf                            0x08005e87   Thumb Code    10  fretinf.o(x$fpl$fretinf)
    __aeabi_cfrcmple                         0x08005e91   Thumb Code     0  frleqf.o(x$fpl$frleqf)
    _frcmple                                 0x08005e91   Thumb Code    98  frleqf.o(x$fpl$frleqf)
    __aeabi_fsub                             0x08005ef5   Thumb Code     0  faddsub_clz.o(x$fpl$fsub)
    _fsub                                    0x08005ef5   Thumb Code   234  faddsub_clz.o(x$fpl$fsub)
    __fpl_return_NaN                         0x08005fdf   Thumb Code   100  retnan.o(x$fpl$retnan)
    __ARM_scalbn                             0x08006043   Thumb Code    92  scalbn.o(x$fpl$scalbn)
    __fpl_cmpreturn                          0x0800609f   Thumb Code    48  trapv.o(x$fpl$trapveneer)
    __I$use$fp                               0x080060ce   Number         0  usenofp.o(x$fpl$usenofp)
    __mathlib_zero                           0x08006108   Data           8  qnan.o(.constdata)
    Region$$Table$$Base                      0x08006110   Number         0  anon$$obj.o(Region$$Table)
    Region$$Table$$Limit                     0x08006130   Number         0  anon$$obj.o(Region$$Table)
    SystemCoreClock                          0x20000000   Data           4  system_stm32f10x.o(.data)
    AHBPrescTable                            0x20000004   Data          16  system_stm32f10x.o(.data)
    speed_v                                  0x20000014   Data           4  main.o(.data)
    rtc_flag                                 0x20000018   Data           1  main.o(.data)
    warkup_flag                              0x20000019   Data           1  main.o(.data)
    tmcdt                                    0x2000001c   Data           4  main.o(.data)
    ADC_count                                0x20000020   Data           2  main.o(.data)
    testzhn                                  0x20000024   Data           4  main.o(.data)
    VM                                       0x20000028   Data           4  main.o(.data)
    PWBUS                                    0x2000002c   Data           4  main.o(.data)
    VB                                       0x20000030   Data           4  main.o(.data)
    zhuansu                                  0x20000034   Data           4  main.o(.data)
    zhuansu1                                 0x20000038   Data           1  main.o(.data)
    POWER                                    0x2000003c   Data           4  main.o(.data)
    TEMSTATUS                                0x20000040   Data           4  main.o(.data)
    test                                     0x20000044   Data           4  main.o(.data)
    RS                                       0x20000048   Data           4  main.o(.data)
    RSTATUS                                  0x2000004c   Data           4  main.o(.data)
    zhn                                      0x20000050   Data           4  main.o(.data)
    tem                                      0x20000054   Data           4  main.o(.data)
    tem2                                     0x20000058   Data           4  main.o(.data)
    pwm                                      0x2000005c   Data           4  main.o(.data)
    k                                        0x20000060   Data           4  main.o(.data)
    timeout                                  0x20000064   Data           4  stm32f10x_it.o(.data)
    timeout_18B20                            0x20000068   Data           1  stm32f10x_it.o(.data)
    TIMEcount                                0x20000069   Data           1  stm32f10x_it.o(.data)
    ms_timeout                               0x2000006a   Data           1  stm32f10x_it.o(.data)
    LED_stat                                 0x2000006b   Data           1  stm32f10x_it.o(.data)
    nRF_Sec                                  0x2000006c   Data           1  stm32f10x_it.o(.data)
    FAN_SPEED_S                              0x20000070   Data           4  stm32f10x_it.o(.data)
    FAN_SPEED_M                              0x20000074   Data           4  stm32f10x_it.o(.data)
    FAN_COUNT                                0x20000078   Data           4  stm32f10x_it.o(.data)
    DMA_flag                                 0x2000007c   Data           1  stm32f10x_it.o(.data)
    motor_flag                               0x2000007d   Data           1  stm32f10x_it.o(.data)
    Key_Read                                 0x2000007e   Data           2  stm32f10x_it.o(.data)
    Key_Save                                 0x20000080   Data           2  stm32f10x_it.o(.data)
    Key_Count                                0x20000082   Data           2  stm32f10x_it.o(.data)
    Key_Value                                0x20000084   Data           2  stm32f10x_it.o(.data)
    Key_Value_Save                           0x20000086   Data           2  stm32f10x_it.o(.data)
    Key_Press_flag                           0x20000088   Data           2  stm32f10x_it.o(.data)
    Beep_count                               0x2000008a   Data           1  stm32f10x_it.o(.data)
    nRec1                                    0x2000008b   Data           1  stm32f10x_it.o(.data)
    R_Data1                                  0x2000008c   Data           1  stm32f10x_it.o(.data)
    RI1_flag                                 0x2000008d   Data           1  stm32f10x_it.o(.data)
    nRec2                                    0x2000008e   Data           1  stm32f10x_it.o(.data)
    R_Data2                                  0x2000008f   Data           1  stm32f10x_it.o(.data)
    RI2_flag                                 0x20000090   Data           1  stm32f10x_it.o(.data)
    ADCConvertedValue                        0x200000a8   Data          30  main.o(.bss)
    ADCValue                                 0x200000c8   Data          60  main.o(.bss)
    ADCvolt                                  0x20000104   Data          60  main.o(.bss)
    Rx_Buf1                                  0x20000140   Data          15  stm32f10x_it.o(.bss)
    Rx_Buf2                                  0x2000014f   Data          15  stm32f10x_it.o(.bss)
    Tx_Buf2                                  0x2000015e   Data          30  stm32f10x_it.o(.bss)
    __libspace_start                         0x2000017c   Data          96  libspace.o(.bss)
    __temporary_stack_top$libspace           0x200001dc   Data           0  libspace.o(.bss)



==============================================================================

Memory Map of the image

  Image Entry point : 0x08000151

  Load Region LR_IROM1 (Base: 0x08000000, Size: 0x000061d8, Max: 0x00020000, ABSOLUTE)

    Execution Region ER_IROM1 (Exec base: 0x08000000, Load base: 0x08000000, Size: 0x00006130, Max: 0x00020000, ABSOLUTE)

    Exec Addr    Load Addr    Size         Type   Attr      Idx    E Section Name        Object

    0x08000000   0x08000000   0x00000150   Data   RO            3    RESET               startup_stm32f10x_cl.o
    0x08000150   0x08000150   0x00000008   Code   RO          462  * !!!main             c_w.l(__main.o)
    0x08000158   0x08000158   0x00000034   Code   RO          730    !!!scatter          c_w.l(__scatter.o)
    0x0800018c   0x0800018c   0x0000001a   Code   RO          732    !!handler_copy      c_w.l(__scatter_copy.o)
    0x080001a6   0x080001a6   0x00000002   PAD
    0x080001a8   0x080001a8   0x0000001c   Code   RO          734    !!handler_zi        c_w.l(__scatter_zi.o)
    0x080001c4   0x080001c4   0x00000002   Code   RO          597    .ARM.Collect$$libinit$$00000000  c_w.l(libinit.o)
    0x080001c6   0x080001c6   0x00000000   Code   RO          603    .ARM.Collect$$libinit$$00000002  c_w.l(libinit2.o)
    0x080001c6   0x080001c6   0x00000000   Code   RO          605    .ARM.Collect$$libinit$$00000004  c_w.l(libinit2.o)
    0x080001c6   0x080001c6   0x00000000   Code   RO          608    .ARM.Collect$$libinit$$0000000A  c_w.l(libinit2.o)
    0x080001c6   0x080001c6   0x00000000   Code   RO          610    .ARM.Collect$$libinit$$0000000C  c_w.l(libinit2.o)
    0x080001c6   0x080001c6   0x00000000   Code   RO          612    .ARM.Collect$$libinit$$0000000E  c_w.l(libinit2.o)
    0x080001c6   0x080001c6   0x00000000   Code   RO          615    .ARM.Collect$$libinit$$00000011  c_w.l(libinit2.o)
    0x080001c6   0x080001c6   0x00000000   Code   RO          617    .ARM.Collect$$libinit$$00000013  c_w.l(libinit2.o)
    0x080001c6   0x080001c6   0x00000000   Code   RO          619    .ARM.Collect$$libinit$$00000015  c_w.l(libinit2.o)
    0x080001c6   0x080001c6   0x00000000   Code   RO          621    .ARM.Collect$$libinit$$00000017  c_w.l(libinit2.o)
    0x080001c6   0x080001c6   0x00000000   Code   RO          623    .ARM.Collect$$libinit$$00000019  c_w.l(libinit2.o)
    0x080001c6   0x080001c6   0x00000000   Code   RO          625    .ARM.Collect$$libinit$$0000001B  c_w.l(libinit2.o)
    0x080001c6   0x080001c6   0x00000000   Code   RO          627    .ARM.Collect$$libinit$$0000001D  c_w.l(libinit2.o)
    0x080001c6   0x080001c6   0x00000000   Code   RO          629    .ARM.Collect$$libinit$$0000001F  c_w.l(libinit2.o)
    0x080001c6   0x080001c6   0x00000000   Code   RO          631    .ARM.Collect$$libinit$$00000021  c_w.l(libinit2.o)
    0x080001c6   0x080001c6   0x00000000   Code   RO          633    .ARM.Collect$$libinit$$00000023  c_w.l(libinit2.o)
    0x080001c6   0x080001c6   0x00000000   Code   RO          635    .ARM.Collect$$libinit$$00000025  c_w.l(libinit2.o)
    0x080001c6   0x080001c6   0x00000000   Code   RO          639    .ARM.Collect$$libinit$$0000002C  c_w.l(libinit2.o)
    0x080001c6   0x080001c6   0x00000000   Code   RO          641    .ARM.Collect$$libinit$$0000002E  c_w.l(libinit2.o)
    0x080001c6   0x080001c6   0x00000000   Code   RO          643    .ARM.Collect$$libinit$$00000030  c_w.l(libinit2.o)
    0x080001c6   0x080001c6   0x00000000   Code   RO          645    .ARM.Collect$$libinit$$00000032  c_w.l(libinit2.o)
    0x080001c6   0x080001c6   0x00000002   Code   RO          646    .ARM.Collect$$libinit$$00000033  c_w.l(libinit2.o)
    0x080001c8   0x080001c8   0x00000002   Code   RO          668    .ARM.Collect$$libshutdown$$00000000  c_w.l(libshutdown.o)
    0x080001ca   0x080001ca   0x00000000   Code   RO          681    .ARM.Collect$$libshutdown$$00000002  c_w.l(libshutdown2.o)
    0x080001ca   0x080001ca   0x00000000   Code   RO          683    .ARM.Collect$$libshutdown$$00000004  c_w.l(libshutdown2.o)
    0x080001ca   0x080001ca   0x00000000   Code   RO          685    .ARM.Collect$$libshutdown$$00000006  c_w.l(libshutdown2.o)
    0x080001ca   0x080001ca   0x00000000   Code   RO          688    .ARM.Collect$$libshutdown$$00000009  c_w.l(libshutdown2.o)
    0x080001ca   0x080001ca   0x00000000   Code   RO          691    .ARM.Collect$$libshutdown$$0000000C  c_w.l(libshutdown2.o)
    0x080001ca   0x080001ca   0x00000000   Code   RO          693    .ARM.Collect$$libshutdown$$0000000E  c_w.l(libshutdown2.o)
    0x080001ca   0x080001ca   0x00000000   Code   RO          696    .ARM.Collect$$libshutdown$$00000011  c_w.l(libshutdown2.o)
    0x080001ca   0x080001ca   0x00000002   Code   RO          697    .ARM.Collect$$libshutdown$$00000012  c_w.l(libshutdown2.o)
    0x080001cc   0x080001cc   0x00000000   Code   RO          520    .ARM.Collect$$rtentry$$00000000  c_w.l(__rtentry.o)
    0x080001cc   0x080001cc   0x00000000   Code   RO          562    .ARM.Collect$$rtentry$$00000002  c_w.l(__rtentry2.o)
    0x080001cc   0x080001cc   0x00000006   Code   RO          574    .ARM.Collect$$rtentry$$00000004  c_w.l(__rtentry4.o)
    0x080001d2   0x080001d2   0x00000000   Code   RO          564    .ARM.Collect$$rtentry$$00000009  c_w.l(__rtentry2.o)
    0x080001d2   0x080001d2   0x00000004   Code   RO          565    .ARM.Collect$$rtentry$$0000000A  c_w.l(__rtentry2.o)
    0x080001d6   0x080001d6   0x00000000   Code   RO          567    .ARM.Collect$$rtentry$$0000000C  c_w.l(__rtentry2.o)
    0x080001d6   0x080001d6   0x00000008   Code   RO          568    .ARM.Collect$$rtentry$$0000000D  c_w.l(__rtentry2.o)
    0x080001de   0x080001de   0x00000002   Code   RO          600    .ARM.Collect$$rtexit$$00000000  c_w.l(rtexit.o)
    0x080001e0   0x080001e0   0x00000000   Code   RO          650    .ARM.Collect$$rtexit$$00000002  c_w.l(rtexit2.o)
    0x080001e0   0x080001e0   0x00000004   Code   RO          651    .ARM.Collect$$rtexit$$00000003  c_w.l(rtexit2.o)
    0x080001e4   0x080001e4   0x00000006   Code   RO          652    .ARM.Collect$$rtexit$$00000004  c_w.l(rtexit2.o)
    0x080001ea   0x080001ea   0x00000002   PAD
    0x080001ec   0x080001ec   0x00000040   Code   RO            4    .text               startup_stm32f10x_cl.o
    0x0800022c   0x0800022c   0x000001e0   Code   RO           10    .text               system_stm32f10x.o
    0x0800040c   0x0800040c   0x00000e28   Code   RO           49    .text               main.o
    0x08001234   0x08001234   0x00000418   Code   RO          173    .text               stm32f10x_it.o
    0x0800164c   0x0800164c   0x00000428   Code   RO          216    .text               tmc4671.o
    0x08001a74   0x08001a74   0x00000298   Code   RO          228    .text               uart.o
    0x08001d0c   0x08001d0c   0x000000d8   Code   RO          240    .text               uart_process.o
    0x08001de4   0x08001de4   0x000000dc   Code   RO          252    .text               misc.o
    0x08001ec0   0x08001ec0   0x0000044e   Code   RO          264    .text               stm32f10x_adc.o
    0x0800230e   0x0800230e   0x00000002   PAD
    0x08002310   0x08002310   0x00000254   Code   RO          312    .text               stm32f10x_dma.o
    0x08002564   0x08002564   0x0000011c   Code   RO          324    .text               stm32f10x_exti.o
    0x08002680   0x08002680   0x000005bc   Code   RO          336    .text               stm32f10x_flash.o
    0x08002c3c   0x08002c3c   0x0000035c   Code   RO          348    .text               stm32f10x_gpio.o
    0x08002f98   0x08002f98   0x000000cc   Code   RO          372    .text               stm32f10x_pwr.o
    0x08003064   0x08003064   0x000003a4   Code   RO          384    .text               stm32f10x_rcc.o
    0x08003408   0x08003408   0x00000148   Code   RO          398    .text               stm32f10x_rtc.o
    0x08003550   0x08003550   0x0000030c   Code   RO          410    .text               stm32f10x_spi.o
    0x0800385c   0x0800385c   0x00000e1a   Code   RO          422    .text               stm32f10x_tim.o
    0x08004676   0x08004676   0x00000002   PAD
    0x08004678   0x08004678   0x00000408   Code   RO          434    .text               stm32f10x_usart.o
    0x08004a80   0x08004a80   0x00000088   Code   RO          446    .text               stm32f10x_wwdg.o
    0x08004b08   0x08004b08   0x00000006   Code   RO          460    .text               c_w.l(heapauxi.o)
    0x08004b0e   0x08004b0e   0x00000016   Code   RO          521    .text               c_w.l(_rserrno.o)
    0x08004b24   0x08004b24   0x00000008   Code   RO          579    .text               c_w.l(rt_errno_addr_intlibspace.o)
    0x08004b2c   0x08004b2c   0x00000008   Code   RO          585    .text               c_w.l(libspace.o)
    0x08004b34   0x08004b34   0x0000004a   Code   RO          588    .text               c_w.l(sys_stackheap_outer.o)
    0x08004b7e   0x08004b7e   0x00000012   Code   RO          590    .text               c_w.l(exit.o)
    0x08004b90   0x08004b90   0x0000000c   Code   RO          660    .text               c_w.l(sys_exit.o)
    0x08004b9c   0x08004b9c   0x00000002   Code   RO          671    .text               c_w.l(use_no_semi.o)
    0x08004b9e   0x08004b9e   0x00000000   Code   RO          673    .text               c_w.l(indicate_semi.o)
    0x08004b9e   0x08004b9e   0x000000aa   Code   RO          558    i.__kernel_poly     m_ws.l(poly.o)
    0x08004c48   0x08004c48   0x00000010   Code   RO          544    i.__mathlib_dbl_divzero  m_ws.l(dunder.o)
    0x08004c58   0x08004c58   0x00000006   Code   RO          545    i.__mathlib_dbl_infnan  m_ws.l(dunder.o)
    0x08004c5e   0x08004c5e   0x0000000c   Code   RO          547    i.__mathlib_dbl_invalid  m_ws.l(dunder.o)
    0x08004c6a   0x08004c6a   0x00000002   PAD
    0x08004c6c   0x08004c6c   0x0000035c   Code   RO          511    i.log               m_ws.l(log.o)
    0x08004fc8   0x08004fc8   0x00000062   Code   RO          464    x$fpl$d2f           fz_ws.l(d2f.o)
    0x0800502a   0x0800502a   0x00000002   PAD
    0x0800502c   0x0800502c   0x00000150   Code   RO          466    x$fpl$dadd          fz_ws.l(daddsub_clz.o)
    0x0800517c   0x0800517c   0x00000010   Code   RO          581    x$fpl$dcheck1       fz_ws.l(dcheck1.o)
    0x0800518c   0x0800518c   0x00000018   Code   RO          583    x$fpl$dcmpinf       fz_ws.l(dcmpi.o)
    0x080051a4   0x080051a4   0x000002b0   Code   RO          473    x$fpl$ddiv          fz_ws.l(ddiv.o)
    0x08005454   0x08005454   0x00000078   Code   RO          523    x$fpl$deqf          fz_ws.l(deqf.o)
    0x080054cc   0x080054cc   0x0000005e   Code   RO          476    x$fpl$dfix          fz_ws.l(dfix.o)
    0x0800552a   0x0800552a   0x0000002e   Code   RO          526    x$fpl$dflt          fz_ws.l(dflt_clz.o)
    0x08005558   0x08005558   0x00000154   Code   RO          480    x$fpl$dmul          fz_ws.l(dmul.o)
    0x080056ac   0x080056ac   0x0000009c   Code   RO          531    x$fpl$dnaninf       fz_ws.l(dnaninf.o)
    0x08005748   0x08005748   0x0000000c   Code   RO          533    x$fpl$dretinf       fz_ws.l(dretinf.o)
    0x08005754   0x08005754   0x00000016   Code   RO          467    x$fpl$drsb          fz_ws.l(daddsub_clz.o)
    0x0800576a   0x0800576a   0x00000002   PAD
    0x0800576c   0x0800576c   0x000001d4   Code   RO          468    x$fpl$dsub          fz_ws.l(daddsub_clz.o)
    0x08005940   0x08005940   0x00000056   Code   RO          482    x$fpl$f2d           fz_ws.l(f2d.o)
    0x08005996   0x08005996   0x00000002   PAD
    0x08005998   0x08005998   0x000000c4   Code   RO          484    x$fpl$fadd          fz_ws.l(faddsub_clz.o)
    0x08005a5c   0x08005a5c   0x00000018   Code   RO          535    x$fpl$fcmpinf       fz_ws.l(fcmpi.o)
    0x08005a74   0x08005a74   0x00000184   Code   RO          491    x$fpl$fdiv          fz_ws.l(fdiv.o)
    0x08005bf8   0x08005bf8   0x0000003e   Code   RO          494    x$fpl$ffixu         fz_ws.l(ffixu.o)
    0x08005c36   0x08005c36   0x00000002   PAD
    0x08005c38   0x08005c38   0x00000030   Code   RO          499    x$fpl$fflt          fz_ws.l(fflt_clz.o)
    0x08005c68   0x08005c68   0x00000026   Code   RO          498    x$fpl$ffltu         fz_ws.l(fflt_clz.o)
    0x08005c8e   0x08005c8e   0x00000002   PAD
    0x08005c90   0x08005c90   0x00000068   Code   RO          504    x$fpl$fleqf         fz_ws.l(fleqf.o)
    0x08005cf8   0x08005cf8   0x00000102   Code   RO          506    x$fpl$fmul          fz_ws.l(fmul.o)
    0x08005dfa   0x08005dfa   0x0000008c   Code   RO          537    x$fpl$fnaninf       fz_ws.l(fnaninf.o)
    0x08005e86   0x08005e86   0x0000000a   Code   RO          539    x$fpl$fretinf       fz_ws.l(fretinf.o)
    0x08005e90   0x08005e90   0x00000062   Code   RO          508    x$fpl$frleqf        fz_ws.l(frleqf.o)
    0x08005ef2   0x08005ef2   0x00000002   PAD
    0x08005ef4   0x08005ef4   0x000000ea   Code   RO          486    x$fpl$fsub          fz_ws.l(faddsub_clz.o)
    0x08005fde   0x08005fde   0x00000064   Code   RO          598    x$fpl$retnan        fz_ws.l(retnan.o)
    0x08006042   0x08006042   0x0000005c   Code   RO          541    x$fpl$scalbn        fz_ws.l(scalbn.o)
    0x0800609e   0x0800609e   0x00000030   Code   RO          647    x$fpl$trapveneer    fz_ws.l(trapv.o)
    0x080060ce   0x080060ce   0x00000000   Code   RO          543    x$fpl$usenofp       fz_ws.l(usenofp.o)
    0x080060ce   0x080060ce   0x00000002   PAD
    0x080060d0   0x080060d0   0x00000038   Data   RO          512    .constdata          m_ws.l(log.o)
    0x08006108   0x08006108   0x00000008   Data   RO          560    .constdata          m_ws.l(qnan.o)
    0x08006110   0x08006110   0x00000020   Data   RO          728    Region$$Table       anon$$obj.o


    Execution Region RW_IRAM1 (Exec base: 0x20000000, Load base: 0x08006130, Size: 0x000007e0, Max: 0x00005000, ABSOLUTE)

    Exec Addr    Load Addr    Size         Type   Attr      Idx    E Section Name        Object

    0x20000000   0x08006130   0x00000014   Data   RW           11    .data               system_stm32f10x.o
    0x20000014   0x08006144   0x00000050   Data   RW           51    .data               main.o
    0x20000064   0x08006194   0x0000002d   Data   RW          175    .data               stm32f10x_it.o
    0x20000091   0x080061c1   0x00000014   Data   RW          385    .data               stm32f10x_rcc.o
    0x200000a5   0x080061d5   0x00000003   PAD
    0x200000a8        -       0x00000098   Zero   RW           50    .bss                main.o
    0x20000140        -       0x0000003c   Zero   RW          174    .bss                stm32f10x_it.o
    0x2000017c        -       0x00000060   Zero   RW          586    .bss                c_w.l(libspace.o)
    0x200001dc   0x080061d5   0x00000004   PAD
    0x200001e0        -       0x00000200   Zero   RW            2    HEAP                startup_stm32f10x_cl.o
    0x200003e0        -       0x00000400   Zero   RW            1    STACK               startup_stm32f10x_cl.o


==============================================================================

Image component sizes


      Code (inc. data)   RO Data    RW Data    ZI Data      Debug   Object Name

      3624        242          0         80        152     303872   main.o
       220         22          0          0          0       1825   misc.o
        64         26        336          0       1536        852   startup_stm32f10x_cl.o
      1102         26          0          0          0      11069   stm32f10x_adc.o
       596          8          0          0          0       4390   stm32f10x_dma.o
       284         10          0          0          0       2283   stm32f10x_exti.o
      1468         34          0          0          0       8230   stm32f10x_flash.o
       860         38          0          0          0       5753   stm32f10x_gpio.o
      1048        104          0         45         60       5299   stm32f10x_it.o
       204         14          0          0          0       1959   stm32f10x_pwr.o
       932         36          0         20          0       8928   stm32f10x_rcc.o
       328          4          0          0          0       2730   stm32f10x_rtc.o
       780         14          0          0          0       6642   stm32f10x_spi.o
      3610         88          0          0          0      22868   stm32f10x_tim.o
      1032         22          0          0          0       8484   stm32f10x_usart.o
       136         10          0          0          0       2316   stm32f10x_wwdg.o
       480         38          0         20          0       6299   system_stm32f10x.o
      1064         50          0          0          0       3031   tmc4671.o
       664         34          0          0          0       1533   uart.o
       216         16          0          0          0       1734   uart_process.o

    ----------------------------------------------------------------------
     18716        836        368        168       1748     410097   Object Totals
         0          0         32          0          0          0   (incl. Generated)
         4          0          0          3          0          0   (incl. Padding)

    ----------------------------------------------------------------------

      Code (inc. data)   RO Data    RW Data    ZI Data      Debug   Library Member Name

         8          0          0          0          0         68   __main.o
         0          0          0          0          0          0   __rtentry.o
        12          0          0          0          0          0   __rtentry2.o
         6          0          0          0          0          0   __rtentry4.o
        52          8          0          0          0          0   __scatter.o
        26          0          0          0          0          0   __scatter_copy.o
        28          0          0          0          0          0   __scatter_zi.o
        22          0          0          0          0        100   _rserrno.o
        18          0          0          0          0         80   exit.o
         6          0          0          0          0        152   heapauxi.o
         0          0          0          0          0          0   indicate_semi.o
         2          0          0          0          0          0   libinit.o
         2          0          0          0          0          0   libinit2.o
         2          0          0          0          0          0   libshutdown.o
         2          0          0          0          0          0   libshutdown2.o
         8          4          0          0         96         68   libspace.o
         8          4          0          0          0         68   rt_errno_addr_intlibspace.o
         2          0          0          0          0          0   rtexit.o
        10          0          0          0          0          0   rtexit2.o
        12          4          0          0          0         68   sys_exit.o
        74          0          0          0          0         80   sys_stackheap_outer.o
         2          0          0          0          0         68   use_no_semi.o
        98          4          0          0          0         92   d2f.o
       826         16          0          0          0        348   daddsub_clz.o
        16          4          0          0          0         68   dcheck1.o
        24          0          0          0          0         68   dcmpi.o
       688        140          0          0          0        208   ddiv.o
       120          4          0          0          0         92   deqf.o
        94          4          0          0          0         92   dfix.o
        46          0          0          0          0         68   dflt_clz.o
       340         12          0          0          0        104   dmul.o
       156          4          0          0          0         92   dnaninf.o
        12          0          0          0          0         68   dretinf.o
        86          4          0          0          0         84   f2d.o
       430          8          0          0          0        168   faddsub_clz.o
        24          0          0          0          0         68   fcmpi.o
       388         76          0          0          0         96   fdiv.o
        62          4          0          0          0         84   ffixu.o
        86          0          0          0          0        136   fflt_clz.o
       104          4          0          0          0         84   fleqf.o
       258          4          0          0          0         84   fmul.o
       140          4          0          0          0         84   fnaninf.o
        10          0          0          0          0         68   fretinf.o
        98          0          0          0          0         68   frleqf.o
       100          0          0          0          0         68   retnan.o
        92          0          0          0          0         68   scalbn.o
        48          0          0          0          0         68   trapv.o
         0          0          0          0          0          0   usenofp.o
        34          4          0          0          0        204   dunder.o
       860         52         56          0          0        256   log.o
       170          0          0          0          0         96   poly.o
         0          0          8          0          0          0   qnan.o

    ----------------------------------------------------------------------
      5732        368         64          0        100       3836   Library Totals
        20          0          0          0          4          0   (incl. Padding)

    ----------------------------------------------------------------------

      Code (inc. data)   RO Data    RW Data    ZI Data      Debug   Library Name

       302         20          0          0         96        752   c_w.l
      4346        292          0          0          0       2528   fz_ws.l
      1064         56         64          0          0        556   m_ws.l

    ----------------------------------------------------------------------
      5732        368         64          0        100       3836   Library Totals

    ----------------------------------------------------------------------

==============================================================================


      Code (inc. data)   RO Data    RW Data    ZI Data      Debug   

     24448       1204        432        168       1848     409561   Grand Totals
     24448       1204        432        168       1848     409561   ELF Image Totals
     24448       1204        432        168          0          0   ROM Totals

==============================================================================

    Total RO  Size (Code + RO Data)                24880 (  24.30kB)
    Total RW  Size (RW Data + ZI Data)              2016 (   1.97kB)
    Total ROM Size (Code + RO Data + RW Data)      25048 (  24.46kB)

==============================================================================

